Component: Arm Compiler for Embedded 6.18 Tool: armlink [5e4cc100]

==============================================================================

Section Cross References

    startup_stm32c011xx.o(RESET) refers to startup_stm32c011xx.o(STACK) for __initial_sp
    startup_stm32c011xx.o(RESET) refers to startup_stm32c011xx.o(.text) for Reset_Handler
    startup_stm32c011xx.o(RESET) refers to stm32c0xx_it.o(.text.NMI_Handler) for NMI_Handler
    startup_stm32c011xx.o(RESET) refers to stm32c0xx_it.o(.text.HardFault_Handler) for HardFault_Handler
    startup_stm32c011xx.o(RESET) refers to stm32c0xx_it.o(.text.SVC_Handler) for SVC_Handler
    startup_stm32c011xx.o(RESET) refers to stm32c0xx_it.o(.text.PendSV_Handler) for PendSV_Handler
    startup_stm32c011xx.o(RESET) refers to stm32c0xx_it.o(.text.SysTick_Handler) for SysTick_Handler
    startup_stm32c011xx.o(.text) refers to system_stm32c0xx.o(.text.SystemInit) for SystemInit
    startup_stm32c011xx.o(.text) refers to entry.o(.ARM.Collect$$$$00000000) for __main
    main.o(.text.fputc) refers to stm32c0xx_hal_uart.o(.text.HAL_UART_Transmit) for HAL_UART_Transmit
    main.o(.text.fputc) refers to usart.o(.bss.huart1) for huart1
    main.o(.ARM.exidx.text.fputc) refers to main.o(.text.fputc) for [Anonymous Symbol]
    main.o(.text.main) refers to stm32c0xx_hal.o(.text.HAL_Init) for HAL_Init
    main.o(.text.main) refers to main.o(.text.SystemClock_Config) for SystemClock_Config
    main.o(.text.main) refers to stm32c0xx_hal.o(.text.HAL_Delay) for HAL_Delay
    main.o(.text.main) refers to main.o(.text.Configure_nBOOT_SEL) for Configure_nBOOT_SEL
    main.o(.text.main) refers to gpio.o(.text.MX_GPIO_Init) for MX_GPIO_Init
    main.o(.text.main) refers to usart.o(.text.MX_USART1_UART_Init) for MX_USART1_UART_Init
    main.o(.text.main) refers to stm32c0xx_hal_gpio.o(.text.HAL_GPIO_WritePin) for HAL_GPIO_WritePin
    main.o(.text.main) refers to printfa.o(i.__0printf) for printf
    main.o(.text.main) refers to main.o(.rodata.str1.1) for [Anonymous Symbol]
    main.o(.ARM.exidx.text.main) refers to main.o(.text.main) for [Anonymous Symbol]
    main.o(.text.SystemClock_Config) refers to stm32c0xx_hal_rcc.o(.text.HAL_RCC_OscConfig) for HAL_RCC_OscConfig
    main.o(.text.SystemClock_Config) refers to main.o(.text.Error_Handler) for Error_Handler
    main.o(.text.SystemClock_Config) refers to stm32c0xx_hal_rcc.o(.text.HAL_RCC_ClockConfig) for HAL_RCC_ClockConfig
    main.o(.ARM.exidx.text.SystemClock_Config) refers to main.o(.text.SystemClock_Config) for [Anonymous Symbol]
    main.o(.text.Configure_nBOOT_SEL) refers to stm32c0xx_hal_flash_ex.o(.text.HAL_FLASHEx_OBGetConfig) for HAL_FLASHEx_OBGetConfig
    main.o(.text.Configure_nBOOT_SEL) refers to stm32c0xx_hal_flash.o(.text.HAL_FLASH_Unlock) for HAL_FLASH_Unlock
    main.o(.text.Configure_nBOOT_SEL) refers to stm32c0xx_hal_flash.o(.text.HAL_FLASH_OB_Unlock) for HAL_FLASH_OB_Unlock
    main.o(.text.Configure_nBOOT_SEL) refers to stm32c0xx_hal_flash_ex.o(.text.HAL_FLASHEx_OBProgram) for HAL_FLASHEx_OBProgram
    main.o(.text.Configure_nBOOT_SEL) refers to printfa.o(i.__0printf) for printf
    main.o(.text.Configure_nBOOT_SEL) refers to stm32c0xx_hal_flash.o(.text.HAL_FLASH_OB_Launch) for HAL_FLASH_OB_Launch
    main.o(.text.Configure_nBOOT_SEL) refers to stm32c0xx_hal_flash.o(.text.HAL_FLASH_OB_Lock) for HAL_FLASH_OB_Lock
    main.o(.text.Configure_nBOOT_SEL) refers to stm32c0xx_hal_flash.o(.text.HAL_FLASH_Lock) for HAL_FLASH_Lock
    main.o(.text.Configure_nBOOT_SEL) refers to main.o(.rodata.str1.1) for [Anonymous Symbol]
    main.o(.ARM.exidx.text.Configure_nBOOT_SEL) refers to main.o(.text.Configure_nBOOT_SEL) for [Anonymous Symbol]
    main.o(.ARM.exidx.text.Error_Handler) refers to main.o(.text.Error_Handler) for [Anonymous Symbol]
    gpio.o(.text.MX_GPIO_Init) refers to stm32c0xx_hal_gpio.o(.text.HAL_GPIO_WritePin) for HAL_GPIO_WritePin
    gpio.o(.text.MX_GPIO_Init) refers to stm32c0xx_hal_gpio.o(.text.HAL_GPIO_Init) for HAL_GPIO_Init
    gpio.o(.ARM.exidx.text.MX_GPIO_Init) refers to gpio.o(.text.MX_GPIO_Init) for [Anonymous Symbol]
    usart.o(.text.MX_USART1_UART_Init) refers to stm32c0xx_hal_uart.o(.text.HAL_UART_Init) for HAL_UART_Init
    usart.o(.text.MX_USART1_UART_Init) refers to main.o(.text.Error_Handler) for Error_Handler
    usart.o(.text.MX_USART1_UART_Init) refers to stm32c0xx_hal_uart_ex.o(.text.HAL_UARTEx_SetTxFifoThreshold) for HAL_UARTEx_SetTxFifoThreshold
    usart.o(.text.MX_USART1_UART_Init) refers to stm32c0xx_hal_uart_ex.o(.text.HAL_UARTEx_SetRxFifoThreshold) for HAL_UARTEx_SetRxFifoThreshold
    usart.o(.text.MX_USART1_UART_Init) refers to stm32c0xx_hal_uart_ex.o(.text.HAL_UARTEx_DisableFifoMode) for HAL_UARTEx_DisableFifoMode
    usart.o(.text.MX_USART1_UART_Init) refers to usart.o(.bss.huart1) for huart1
    usart.o(.ARM.exidx.text.MX_USART1_UART_Init) refers to usart.o(.text.MX_USART1_UART_Init) for [Anonymous Symbol]
[...]
    Removing stm32c0xx_hal_rcc.o(.text.HAL_RCC_NMI_IRQHandler), (72 bytes).
    Removing stm32c0xx_hal_rcc.o(.ARM.exidx.text.HAL_RCC_NMI_IRQHandler), (8 bytes).
    Removing stm32c0xx_hal_rcc.o(.text.HAL_RCC_CSSCallback), (2 bytes).
    Removing stm32c0xx_hal_rcc.o(.ARM.exidx.text.HAL_RCC_CSSCallback), (8 bytes).
    Removing stm32c0xx_hal_rcc.o(.text.HAL_RCC_LSECSSCallback), (2 bytes).
    Removing stm32c0xx_hal_rcc.o(.ARM.exidx.text.HAL_RCC_LSECSSCallback), (8 bytes).
    Removing stm32c0xx_hal_rcc_ex.o(.text), (0 bytes).
    Removing stm32c0xx_hal_rcc_ex.o(.ARM.exidx.text.HAL_RCCEx_PeriphCLKConfig), (8 bytes).
    Removing stm32c0xx_hal_rcc_ex.o(.text.HAL_RCCEx_GetPeriphCLKConfig), (92 bytes).
    Removing stm32c0xx_hal_rcc_ex.o(.ARM.exidx.text.HAL_RCCEx_GetPeriphCLKConfig), (8 bytes).
    Removing stm32c0xx_hal_rcc_ex.o(.text.HAL_RCCEx_GetPeriphCLKFreq), (716 bytes).
    Removing stm32c0xx_hal_rcc_ex.o(.ARM.exidx.text.HAL_RCCEx_GetPeriphCLKFreq), (8 bytes).
    Removing stm32c0xx_hal_rcc_ex.o(.text.HAL_RCCEx_EnableLSCO), (88 bytes).
    Removing stm32c0xx_hal_rcc_ex.o(.ARM.exidx.text.HAL_RCCEx_EnableLSCO), (8 bytes).
    Removing stm32c0xx_hal_rcc_ex.o(.text.HAL_RCCEx_DisableLSCO), (20 bytes).
    Removing stm32c0xx_hal_rcc_ex.o(.ARM.exidx.text.HAL_RCCEx_DisableLSCO), (8 bytes).
    Removing stm32c0xx_hal_flash.o(.text), (0 bytes).
    Removing stm32c0xx_hal_flash.o(.text.HAL_FLASH_Program), (160 bytes).
    Removing stm32c0xx_hal_flash.o(.ARM.exidx.text.HAL_FLASH_Program), (8 bytes).
    Removing stm32c0xx_hal_flash.o(.ARM.exidx.text.FLASH_WaitForLastOperation), (8 bytes).
    Removing stm32c0xx_hal_flash.o(.text.FLASH_Program_DoubleWord), (44 bytes).
    Removing stm32c0xx_hal_flash.o(.ARM.exidx.text.FLASH_Program_DoubleWord), (8 bytes).
    Removing stm32c0xx_hal_flash.o(.RamFunc), (124 bytes).
    Removing stm32c0xx_hal_flash.o(.ARM.exidx.RamFunc), (8 bytes).
    Removing stm32c0xx_hal_flash.o(.text.HAL_FLASH_Program_IT), (160 bytes).
    Removing stm32c0xx_hal_flash.o(.ARM.exidx.text.HAL_FLASH_Program_IT), (8 bytes).
    Removing stm32c0xx_hal_flash.o(.text.HAL_FLASH_IRQHandler), (256 bytes).
    Removing stm32c0xx_hal_flash.o(.ARM.exidx.text.HAL_FLASH_IRQHandler), (8 bytes).
    Removing stm32c0xx_hal_flash.o(.text.HAL_FLASH_OperationErrorCallback), (8 bytes).
    Removing stm32c0xx_hal_flash.o(.ARM.exidx.text.HAL_FLASH_OperationErrorCallback), (8 bytes).
    Removing stm32c0xx_hal_flash.o(.text.HAL_FLASH_EndOfOperationCallback), (8 bytes).
    Removing stm32c0xx_hal_flash.o(.ARM.exidx.text.HAL_FLASH_EndOfOperationCallback), (8 bytes).
    Removing stm32c0xx_hal_flash.o(.ARM.exidx.text.HAL_FLASH_Unlock), (8 bytes).
    Removing stm32c0xx_hal_flash.o(.ARM.exidx.text.HAL_FLASH_Lock), (8 bytes).
    Removing stm32c0xx_hal_flash.o(.ARM.exidx.text.HAL_FLASH_OB_Unlock), (8 bytes).
    Removing stm32c0xx_hal_flash.o(.ARM.exidx.text.HAL_FLASH_OB_Lock), (8 bytes).
    Removing stm32c0xx_hal_flash.o(.ARM.exidx.text.HAL_FLASH_OB_Launch), (8 bytes).
    Removing stm32c0xx_hal_flash.o(.text.HAL_FLASH_GetError), (12 bytes).
    Removing stm32c0xx_hal_flash.o(.ARM.exidx.text.HAL_FLASH_GetError), (8 bytes).
    Removing stm32c0xx_hal_flash_ex.o(.text), (0 bytes).
    Removing stm32c0xx_hal_flash_ex.o(.text.HAL_FLASHEx_Erase), (220 bytes).
    Removing stm32c0xx_hal_flash_ex.o(.ARM.exidx.text.HAL_FLASHEx_Erase), (8 bytes).
    Removing stm32c0xx_hal_flash_ex.o(.text.FLASH_MassErase), (20 bytes).
    Removing stm32c0xx_hal_flash_ex.o(.ARM.exidx.text.FLASH_MassErase), (8 bytes).
    Removing stm32c0xx_hal_flash_ex.o(.text.FLASH_PageErase), (40 bytes).
    Removing stm32c0xx_hal_flash_ex.o(.ARM.exidx.text.FLASH_PageErase), (8 bytes).
    Removing stm32c0xx_hal_flash_ex.o(.text.HAL_FLASHEx_Erase_IT), (168 bytes).
    Removing stm32c0xx_hal_flash_ex.o(.ARM.exidx.text.HAL_FLASHEx_Erase_IT), (8 bytes).
    Removing stm32c0xx_hal_flash_ex.o(.ARM.exidx.text.HAL_FLASHEx_OBProgram), (8 bytes).
    Removing stm32c0xx_hal_flash_ex.o(.ARM.exidx.text.FLASH_OB_WRPConfig), (8 bytes).
    Removing stm32c0xx_hal_flash_ex.o(.ARM.exidx.text.FLASH_OB_OptrConfig), (8 bytes).
    Removing stm32c0xx_hal_flash_ex.o(.ARM.exidx.text.FLASH_OB_GetUser), (8 bytes).
    Removing stm32c0xx_hal_flash_ex.o(.ARM.exidx.text.FLASH_OB_GetRDP), (8 bytes).
    Removing stm32c0xx_hal_flash_ex.o(.ARM.exidx.text.FLASH_OB_PCROP1AConfig), (8 bytes).
    Removing stm32c0xx_hal_flash_ex.o(.ARM.exidx.text.FLASH_OB_PCROP1BConfig), (8 bytes).
    Removing stm32c0xx_hal_flash_ex.o(.ARM.exidx.text.FLASH_OB_SecMemConfig), (8 bytes).
    Removing stm32c0xx_hal_flash_ex.o(.ARM.exidx.text.HAL_FLASHEx_OBGetConfig), (8 bytes).
    Removing stm32c0xx_hal_flash_ex.o(.ARM.exidx.text.FLASH_OB_GetWRP), (8 bytes).
    Removing stm32c0xx_hal_flash_ex.o(.ARM.exidx.text.FLASH_OB_GetPCROP1A), (8 bytes).
    Removing stm32c0xx_hal_flash_ex.o(.ARM.exidx.text.FLASH_OB_GetPCROP1B), (8 bytes).
    Removing stm32c0xx_hal_flash_ex.o(.ARM.exidx.text.FLASH_OB_GetSecMem), (8 bytes).
    Removing stm32c0xx_hal_flash_ex.o(.text.HAL_FLASHEx_EnableDebugger), (20 bytes).
    Removing stm32c0xx_hal_flash_ex.o(.ARM.exidx.text.HAL_FLASHEx_EnableDebugger), (8 bytes).
    Removing stm32c0xx_hal_flash_ex.o(.text.HAL_FLASHEx_DisableDebugger), (20 bytes).
    Removing stm32c0xx_hal_flash_ex.o(.ARM.exidx.text.HAL_FLASHEx_DisableDebugger), (8 bytes).
    Removing stm32c0xx_hal_flash_ex.o(.text.HAL_FLASHEx_FlashEmptyCheck), (16 bytes).
    Removing stm32c0xx_hal_flash_ex.o(.ARM.exidx.text.HAL_FLASHEx_FlashEmptyCheck), (8 bytes).
    Removing stm32c0xx_hal_flash_ex.o(.text.HAL_FLASHEx_ForceFlashEmpty), (32 bytes).
    Removing stm32c0xx_hal_flash_ex.o(.ARM.exidx.text.HAL_FLASHEx_ForceFlashEmpty), (8 bytes).
    Removing stm32c0xx_hal_flash_ex.o(.text.HAL_FLASHEx_EnableSecMemProtection), (24 bytes).
    Removing stm32c0xx_hal_flash_ex.o(.ARM.exidx.text.HAL_FLASHEx_EnableSecMemProtection), (8 bytes).
    Removing stm32c0xx_hal_flash_ex.o(.text.FLASH_FlushCaches), (68 bytes).
    Removing stm32c0xx_hal_flash_ex.o(.ARM.exidx.text.FLASH_FlushCaches), (8 bytes).
    Removing stm32c0xx_hal_gpio.o(.text), (0 bytes).
    Removing stm32c0xx_hal_gpio.o(.ARM.exidx.text.HAL_GPIO_Init), (8 bytes).
    Removing stm32c0xx_hal_gpio.o(.text.HAL_GPIO_DeInit), (384 bytes).
    Removing stm32c0xx_hal_gpio.o(.ARM.exidx.text.HAL_GPIO_DeInit), (8 bytes).
    Removing stm32c0xx_hal_gpio.o(.text.HAL_GPIO_ReadPin), (50 bytes).
    Removing stm32c0xx_hal_gpio.o(.ARM.exidx.text.HAL_GPIO_ReadPin), (8 bytes).
    Removing stm32c0xx_hal_gpio.o(.ARM.exidx.text.HAL_GPIO_WritePin), (8 bytes).
    Removing stm32c0xx_hal_gpio.o(.text.HAL_GPIO_WriteMultipleStatePin), (32 bytes).
    Removing stm32c0xx_hal_gpio.o(.ARM.exidx.text.HAL_GPIO_WriteMultipleStatePin), (8 bytes).
    Removing stm32c0xx_hal_gpio.o(.text.HAL_GPIO_TogglePin), (36 bytes).
    Removing stm32c0xx_hal_gpio.o(.ARM.exidx.text.HAL_GPIO_TogglePin), (8 bytes).
    Removing stm32c0xx_hal_gpio.o(.text.HAL_GPIO_LockPin), (82 bytes).
    Removing stm32c0xx_hal_gpio.o(.ARM.exidx.text.HAL_GPIO_LockPin), (8 bytes).
    Removing stm32c0xx_hal_gpio.o(.text.HAL_GPIO_EXTI_IRQHandler), (80 bytes).
    Removing stm32c0xx_hal_gpio.o(.ARM.exidx.text.HAL_GPIO_EXTI_IRQHandler), (8 bytes).
    Removing stm32c0xx_hal_gpio.o(.text.HAL_GPIO_EXTI_Rising_Callback), (10 bytes).
    Removing stm32c0xx_hal_gpio.o(.ARM.exidx.text.HAL_GPIO_EXTI_Rising_Callback), (8 bytes).
    Removing stm32c0xx_hal_gpio.o(.text.HAL_GPIO_EXTI_Falling_Callback), (10 bytes).
    Removing stm32c0xx_hal_gpio.o(.ARM.exidx.text.HAL_GPIO_EXTI_Falling_Callback), (8 bytes).
    Removing stm32c0xx_hal_dma.o(.text), (0 bytes).
    Removing stm32c0xx_hal_dma.o(.text.HAL_DMA_Init), (256 bytes).
    Removing stm32c0xx_hal_dma.o(.ARM.exidx.text.HAL_DMA_Init), (8 bytes).
    Removing stm32c0xx_hal_dma.o(.text.DMA_CalcDMAMUXChannelBaseAndMask), (68 bytes).
    Removing stm32c0xx_hal_dma.o(.ARM.exidx.text.DMA_CalcDMAMUXChannelBaseAndMask), (8 bytes).
    Removing stm32c0xx_hal_dma.o(.text.DMA_CalcDMAMUXRequestGenBaseAndMask), (56 bytes).
    Removing stm32c0xx_hal_dma.o(.ARM.exidx.text.DMA_CalcDMAMUXRequestGenBaseAndMask), (8 bytes).
    Removing stm32c0xx_hal_dma.o(.text.HAL_DMA_DeInit), (232 bytes).
    Removing stm32c0xx_hal_dma.o(.ARM.exidx.text.HAL_DMA_DeInit), (8 bytes).
    Removing stm32c0xx_hal_dma.o(.text.HAL_DMA_Start), (166 bytes).
    Removing stm32c0xx_hal_dma.o(.ARM.exidx.text.HAL_DMA_Start), (8 bytes).
    Removing stm32c0xx_hal_dma.o(.text.DMA_SetConfig), (120 bytes).
    Removing stm32c0xx_hal_dma.o(.ARM.exidx.text.DMA_SetConfig), (8 bytes).
    Removing stm32c0xx_hal_dma.o(.text.HAL_DMA_Start_IT), (270 bytes).
    Removing stm32c0xx_hal_dma.o(.ARM.exidx.text.HAL_DMA_Start_IT), (8 bytes).
    Removing stm32c0xx_hal_dma.o(.text.HAL_DMA_Abort), (196 bytes).
    Removing stm32c0xx_hal_dma.o(.ARM.exidx.text.HAL_DMA_Abort), (8 bytes).
    Removing stm32c0xx_hal_dma.o(.text.HAL_DMA_Abort_IT), (240 bytes).
    Removing stm32c0xx_hal_dma.o(.ARM.exidx.text.HAL_DMA_Abort_IT), (8 bytes).
    Removing stm32c0xx_hal_dma.o(.text.HAL_DMA_PollForTransfer), (496 bytes).
    Removing stm32c0xx_hal_dma.o(.ARM.exidx.text.HAL_DMA_PollForTransfer), (8 bytes).
    Removing stm32c0xx_hal_dma.o(.text.HAL_DMA_IRQHandler), (368 bytes).
    Removing stm32c0xx_hal_dma.o(.ARM.exidx.text.HAL_DMA_IRQHandler), (8 bytes).
    Removing stm32c0xx_hal_dma.o(.text.HAL_DMA_RegisterCallback), (178 bytes).
    Removing stm32c0xx_hal_dma.o(.ARM.exidx.text.HAL_DMA_RegisterCallback), (8 bytes).
    Removing stm32c0xx_hal_dma.o(.text.HAL_DMA_UnRegisterCallback), (198 bytes).
    Removing stm32c0xx_hal_dma.o(.ARM.exidx.text.HAL_DMA_UnRegisterCallback), (8 bytes).
    Removing stm32c0xx_hal_dma.o(.text.HAL_DMA_GetState), (14 bytes).
    Removing stm32c0xx_hal_dma.o(.ARM.exidx.text.HAL_DMA_GetState), (8 bytes).
    Removing stm32c0xx_hal_dma.o(.text.HAL_DMA_GetError), (12 bytes).
    Removing stm32c0xx_hal_dma.o(.ARM.exidx.text.HAL_DMA_GetError), (8 bytes).
    Removing stm32c0xx_hal_dma_ex.o(.text), (0 bytes).
    Removing stm32c0xx_hal_dma_ex.o(.text.HAL_DMAEx_ConfigMuxSync), (144 bytes).
    Removing stm32c0xx_hal_dma_ex.o(.ARM.exidx.text.HAL_DMAEx_ConfigMuxSync), (8 bytes).
    Removing stm32c0xx_hal_dma_ex.o(.text.HAL_DMAEx_ConfigMuxRequestGenerator), (128 bytes).
    Removing stm32c0xx_hal_dma_ex.o(.ARM.exidx.text.HAL_DMAEx_ConfigMuxRequestGenerator), (8 bytes).
    Removing stm32c0xx_hal_dma_ex.o(.text.HAL_DMAEx_EnableMuxRequestGenerator), (64 bytes).
    Removing stm32c0xx_hal_dma_ex.o(.ARM.exidx.text.HAL_DMAEx_EnableMuxRequestGenerator), (8 bytes).
    Removing stm32c0xx_hal_dma_ex.o(.text.HAL_DMAEx_DisableMuxRequestGenerator), (64 bytes).
    Removing stm32c0xx_hal_dma_ex.o(.ARM.exidx.text.HAL_DMAEx_DisableMuxRequestGenerator), (8 bytes).
    Removing stm32c0xx_hal_dma_ex.o(.text.HAL_DMAEx_MUX_IRQHandler), (158 bytes).
    Removing stm32c0xx_hal_dma_ex.o(.ARM.exidx.text.HAL_DMAEx_MUX_IRQHandler), (8 bytes).
    Removing stm32c0xx_hal_pwr.o(.text), (0 bytes).
    Removing stm32c0xx_hal_pwr.o(.text.HAL_PWR_DeInit), (24 bytes).
    Removing stm32c0xx_hal_pwr.o(.ARM.exidx.text.HAL_PWR_DeInit), (8 bytes).
    Removing stm32c0xx_hal_pwr.o(.text.HAL_PWR_EnableWakeUpPin), (52 bytes).
    Removing stm32c0xx_hal_pwr.o(.ARM.exidx.text.HAL_PWR_EnableWakeUpPin), (8 bytes).
    Removing stm32c0xx_hal_pwr.o(.text.HAL_PWR_DisableWakeUpPin), (32 bytes).
    Removing stm32c0xx_hal_pwr.o(.ARM.exidx.text.HAL_PWR_DisableWakeUpPin), (8 bytes).
    Removing stm32c0xx_hal_pwr.o(.text.HAL_PWR_EnterSLEEPMode), (48 bytes).
    Removing stm32c0xx_hal_pwr.o(.ARM.exidx.text.HAL_PWR_EnterSLEEPMode), (8 bytes).
    Removing stm32c0xx_hal_pwr.o(.text.HAL_PWR_EnterSTOPMode), (72 bytes).
    Removing stm32c0xx_hal_pwr.o(.ARM.exidx.text.HAL_PWR_EnterSTOPMode), (8 bytes).
    Removing stm32c0xx_hal_pwr.o(.text.HAL_PWR_EnterSTANDBYMode), (36 bytes).
    Removing stm32c0xx_hal_pwr.o(.ARM.exidx.text.HAL_PWR_EnterSTANDBYMode), (8 bytes).
    Removing stm32c0xx_hal_pwr.o(.text.HAL_PWR_EnableSleepOnExit), (16 bytes).
    Removing stm32c0xx_hal_pwr.o(.ARM.exidx.text.HAL_PWR_EnableSleepOnExit), (8 bytes).
    Removing stm32c0xx_hal_pwr.o(.text.HAL_PWR_DisableSleepOnExit), (16 bytes).
    Removing stm32c0xx_hal_pwr.o(.ARM.exidx.text.HAL_PWR_DisableSleepOnExit), (8 bytes).
    Removing stm32c0xx_hal_pwr.o(.text.HAL_PWR_EnableSEVOnPend), (16 bytes).
    Removing stm32c0xx_hal_pwr.o(.ARM.exidx.text.HAL_PWR_EnableSEVOnPend), (8 bytes).
    Removing stm32c0xx_hal_pwr.o(.text.HAL_PWR_DisableSEVOnPend), (16 bytes).
    Removing stm32c0xx_hal_pwr.o(.ARM.exidx.text.HAL_PWR_DisableSEVOnPend), (8 bytes).
    Removing stm32c0xx_hal_pwr_ex.o(.text), (0 bytes).
    Removing stm32c0xx_hal_pwr_ex.o(.text.HAL_PWREx_EnableInternalWakeUpLine), (20 bytes).
    Removing stm32c0xx_hal_pwr_ex.o(.ARM.exidx.text.HAL_PWREx_EnableInternalWakeUpLine), (8 bytes).
    Removing stm32c0xx_hal_pwr_ex.o(.text.HAL_PWREx_DisableInternalWakeUpLine), (20 bytes).
    Removing stm32c0xx_hal_pwr_ex.o(.ARM.exidx.text.HAL_PWREx_DisableInternalWakeUpLine), (8 bytes).
    Removing stm32c0xx_hal_pwr_ex.o(.text.HAL_PWREx_EnableGPIOPullUp), (192 bytes).
    Removing stm32c0xx_hal_pwr_ex.o(.ARM.exidx.text.HAL_PWREx_EnableGPIOPullUp), (8 bytes).
    Removing stm32c0xx_hal_pwr_ex.o(.text.HAL_PWREx_DisableGPIOPullUp), (136 bytes).
    Removing stm32c0xx_hal_pwr_ex.o(.ARM.exidx.text.HAL_PWREx_DisableGPIOPullUp), (8 bytes).
    Removing stm32c0xx_hal_pwr_ex.o(.text.HAL_PWREx_EnableGPIOPullDown), (192 bytes).
    Removing stm32c0xx_hal_pwr_ex.o(.ARM.exidx.text.HAL_PWREx_EnableGPIOPullDown), (8 bytes).
    Removing stm32c0xx_hal_pwr_ex.o(.text.HAL_PWREx_DisableGPIOPullDown), (136 bytes).
    Removing stm32c0xx_hal_pwr_ex.o(.ARM.exidx.text.HAL_PWREx_DisableGPIOPullDown), (8 bytes).
    Removing stm32c0xx_hal_pwr_ex.o(.text.HAL_PWREx_EnablePullUpPullDownConfig), (20 bytes).
    Removing stm32c0xx_hal_pwr_ex.o(.ARM.exidx.text.HAL_PWREx_EnablePullUpPullDownConfig), (8 bytes).
    Removing stm32c0xx_hal_pwr_ex.o(.text.HAL_PWREx_DisablePullUpPullDownConfig), (20 bytes).
    Removing stm32c0xx_hal_pwr_ex.o(.ARM.exidx.text.HAL_PWREx_DisablePullUpPullDownConfig), (8 bytes).
    Removing stm32c0xx_hal_pwr_ex.o(.text.HAL_PWREx_EnableFlashPowerDown), (24 bytes).
    Removing stm32c0xx_hal_pwr_ex.o(.ARM.exidx.text.HAL_PWREx_EnableFlashPowerDown), (8 bytes).
    Removing stm32c0xx_hal_pwr_ex.o(.text.HAL_PWREx_DisableFlashPowerDown), (24 bytes).
    Removing stm32c0xx_hal_pwr_ex.o(.ARM.exidx.text.HAL_PWREx_DisableFlashPowerDown), (8 bytes).
    Removing stm32c0xx_hal_pwr_ex.o(.text.HAL_PWREx_EnterSHUTDOWNMode), (36 bytes).
    Removing stm32c0xx_hal_pwr_ex.o(.ARM.exidx.text.HAL_PWREx_EnterSHUTDOWNMode), (8 bytes).
    Removing stm32c0xx_hal_pwr_ex.o(.text.HAL_PWREx_BKUPWrite), (36 bytes).
    Removing stm32c0xx_hal_pwr_ex.o(.ARM.exidx.text.HAL_PWREx_BKUPWrite), (8 bytes).
    Removing stm32c0xx_hal_pwr_ex.o(.text.HAL_PWREx_BKUPRead), (32 bytes).
    Removing stm32c0xx_hal_pwr_ex.o(.ARM.exidx.text.HAL_PWREx_BKUPRead), (8 bytes).
    Removing stm32c0xx_hal_exti.o(.text), (0 bytes).
    Removing stm32c0xx_hal_exti.o(.text.HAL_EXTI_SetConfigLine), (408 bytes).
    Removing stm32c0xx_hal_exti.o(.ARM.exidx.text.HAL_EXTI_SetConfigLine), (8 bytes).
    Removing stm32c0xx_hal_exti.o(.text.HAL_EXTI_GetConfigLine), (328 bytes).
    Removing stm32c0xx_hal_exti.o(.ARM.exidx.text.HAL_EXTI_GetConfigLine), (8 bytes).
    Removing stm32c0xx_hal_exti.o(.text.HAL_EXTI_ClearConfigLine), (260 bytes).
    Removing stm32c0xx_hal_exti.o(.ARM.exidx.text.HAL_EXTI_ClearConfigLine), (8 bytes).
    Removing stm32c0xx_hal_exti.o(.text.HAL_EXTI_RegisterCallback), (88 bytes).
    Removing stm32c0xx_hal_exti.o(.ARM.exidx.text.HAL_EXTI_RegisterCallback), (8 bytes).
    Removing stm32c0xx_hal_exti.o(.text.HAL_EXTI_GetHandle), (44 bytes).
    Removing stm32c0xx_hal_exti.o(.ARM.exidx.text.HAL_EXTI_GetHandle), (8 bytes).
    Removing stm32c0xx_hal_exti.o(.text.HAL_EXTI_IRQHandler), (152 bytes).
    Removing stm32c0xx_hal_exti.o(.ARM.exidx.text.HAL_EXTI_IRQHandler), (8 bytes).
    Removing stm32c0xx_hal_exti.o(.text.HAL_EXTI_GetPending), (96 bytes).
    Removing stm32c0xx_hal_exti.o(.ARM.exidx.text.HAL_EXTI_GetPending), (8 bytes).
    Removing stm32c0xx_hal_exti.o(.text.HAL_EXTI_ClearPending), (84 bytes).
    Removing stm32c0xx_hal_exti.o(.ARM.exidx.text.HAL_EXTI_ClearPending), (8 bytes).
    Removing stm32c0xx_hal_exti.o(.text.HAL_EXTI_GenerateSWI), (56 bytes).
    Removing stm32c0xx_hal_exti.o(.ARM.exidx.text.HAL_EXTI_GenerateSWI), (8 bytes).
    Removing stm32c0xx_hal_tim.o(.text), (0 bytes).
    Removing stm32c0xx_hal_tim_ex.o(.text), (0 bytes).
    Removing stm32c0xx_hal_uart.o(.text), (0 bytes).
    Removing stm32c0xx_hal_uart.o(.ARM.exidx.text.HAL_UART_Init), (8 bytes).
    Removing stm32c0xx_hal_uart.o(.text.HAL_UART_MspInit), (8 bytes).
    Removing stm32c0xx_hal_uart.o(.ARM.exidx.text.HAL_UART_MspInit), (8 bytes).
    Removing stm32c0xx_hal_uart.o(.ARM.exidx.text.UART_AdvFeatureConfig), (8 bytes).
    Removing stm32c0xx_hal_uart.o(.ARM.exidx.text.UART_SetConfig), (8 bytes).
    Removing stm32c0xx_hal_uart.o(.ARM.exidx.text.UART_CheckIdleState), (8 bytes).
    Removing stm32c0xx_hal_uart.o(.text.HAL_HalfDuplex_Init), (178 bytes).
    Removing stm32c0xx_hal_uart.o(.ARM.exidx.text.HAL_HalfDuplex_Init), (8 bytes).
    Removing stm32c0xx_hal_uart.o(.text.HAL_LIN_Init), (238 bytes).
    Removing stm32c0xx_hal_uart.o(.ARM.exidx.text.HAL_LIN_Init), (8 bytes).
    Removing stm32c0xx_hal_uart.o(.text.HAL_MultiProcessor_Init), (230 bytes).
    Removing stm32c0xx_hal_uart.o(.ARM.exidx.text.HAL_MultiProcessor_Init), (8 bytes).
    Removing stm32c0xx_hal_uart.o(.text.HAL_UART_DeInit), (128 bytes).
    Removing stm32c0xx_hal_uart.o(.ARM.exidx.text.HAL_UART_DeInit), (8 bytes).
    Removing stm32c0xx_hal_uart.o(.text.HAL_UART_MspDeInit), (8 bytes).
    Removing stm32c0xx_hal_uart.o(.ARM.exidx.text.HAL_UART_MspDeInit), (8 bytes).
    Removing stm32c0xx_hal_uart.o(.ARM.exidx.text.HAL_UART_Transmit), (8 bytes).
    Removing stm32c0xx_hal_uart.o(.ARM.exidx.text.UART_WaitOnFlagUntilTimeout), (8 bytes).
    Removing stm32c0xx_hal_uart.o(.text.HAL_UART_Receive), (500 bytes).
    Removing stm32c0xx_hal_uart.o(.ARM.exidx.text.HAL_UART_Receive), (8 bytes).
    Removing stm32c0xx_hal_uart.o(.text.HAL_UART_Transmit_IT), (368 bytes).
    Removing stm32c0xx_hal_uart.o(.ARM.exidx.text.HAL_UART_Transmit_IT), (8 bytes).
    Removing stm32c0xx_hal_uart.o(.text.UART_TxISR_16BIT_FIFOEN), (224 bytes).
    Removing stm32c0xx_hal_uart.o(.ARM.exidx.text.UART_TxISR_16BIT_FIFOEN), (8 bytes).
    Removing stm32c0xx_hal_uart.o(.text.UART_TxISR_8BIT_FIFOEN), (210 bytes).
    Removing stm32c0xx_hal_uart.o(.ARM.exidx.text.UART_TxISR_8BIT_FIFOEN), (8 bytes).
    Removing stm32c0xx_hal_uart.o(.text.UART_TxISR_16BIT), (172 bytes).
    Removing stm32c0xx_hal_uart.o(.ARM.exidx.text.UART_TxISR_16BIT), (8 bytes).
    Removing stm32c0xx_hal_uart.o(.text.UART_TxISR_8BIT), (158 bytes).
    Removing stm32c0xx_hal_uart.o(.ARM.exidx.text.UART_TxISR_8BIT), (8 bytes).
    Removing stm32c0xx_hal_uart.o(.text.HAL_UART_Receive_IT), (198 bytes).
    Removing stm32c0xx_hal_uart.o(.ARM.exidx.text.HAL_UART_Receive_IT), (8 bytes).
    Removing stm32c0xx_hal_uart.o(.text.UART_Start_Receive_IT), (604 bytes).
    Removing stm32c0xx_hal_uart.o(.ARM.exidx.text.UART_Start_Receive_IT), (8 bytes).
    Removing stm32c0xx_hal_uart.o(.text.HAL_UART_Transmit_DMA), (316 bytes).
    Removing stm32c0xx_hal_uart.o(.ARM.exidx.text.HAL_UART_Transmit_DMA), (8 bytes).
    Removing stm32c0xx_hal_uart.o(.text.UART_DMATransmitCplt), (140 bytes).
    Removing stm32c0xx_hal_uart.o(.ARM.exidx.text.UART_DMATransmitCplt), (8 bytes).
    Removing stm32c0xx_hal_uart.o(.text.UART_DMATxHalfCplt), (22 bytes).
    Removing stm32c0xx_hal_uart.o(.ARM.exidx.text.UART_DMATxHalfCplt), (8 bytes).
    Removing stm32c0xx_hal_uart.o(.text.UART_DMAError), (126 bytes).
    Removing stm32c0xx_hal_uart.o(.ARM.exidx.text.UART_DMAError), (8 bytes).
    Removing stm32c0xx_hal_uart.o(.text.HAL_UART_Receive_DMA), (198 bytes).
    Removing stm32c0xx_hal_uart.o(.ARM.exidx.text.HAL_UART_Receive_DMA), (8 bytes).
    Removing stm32c0xx_hal_uart.o(.text.UART_Start_Receive_DMA), (316 bytes).
    Removing stm32c0xx_hal_uart.o(.ARM.exidx.text.UART_Start_Receive_DMA), (8 bytes).
    Removing stm32c0xx_hal_uart.o(.text.HAL_UART_DMAPause), (256 bytes).
    Removing stm32c0xx_hal_uart.o(.ARM.exidx.text.HAL_UART_DMAPause), (8 bytes).
    Removing stm32c0xx_hal_uart.o(.text.HAL_UART_DMAResume), (240 bytes).
    Removing stm32c0xx_hal_uart.o(.ARM.exidx.text.HAL_UART_DMAResume), (8 bytes).
    Removing stm32c0xx_hal_uart.o(.text.HAL_UART_DMAStop), (312 bytes).
    Removing stm32c0xx_hal_uart.o(.ARM.exidx.text.HAL_UART_DMAStop), (8 bytes).
    Removing stm32c0xx_hal_uart.o(.text.UART_EndTxTransfer), (108 bytes).
    Removing stm32c0xx_hal_uart.o(.ARM.exidx.text.UART_EndTxTransfer), (8 bytes).
    Removing stm32c0xx_hal_uart.o(.ARM.exidx.text.UART_EndRxTransfer), (8 bytes).
    Removing stm32c0xx_hal_uart.o(.text.HAL_UART_Abort), (528 bytes).
    Removing stm32c0xx_hal_uart.o(.ARM.exidx.text.HAL_UART_Abort), (8 bytes).
    Removing stm32c0xx_hal_uart.o(.text.HAL_UART_AbortTransmit), (286 bytes).
    Removing stm32c0xx_hal_uart.o(.ARM.exidx.text.HAL_UART_AbortTransmit), (8 bytes).
    Removing stm32c0xx_hal_uart.o(.text.HAL_UART_AbortReceive), (352 bytes).
    Removing stm32c0xx_hal_uart.o(.ARM.exidx.text.HAL_UART_AbortReceive), (8 bytes).
    Removing stm32c0xx_hal_uart.o(.text.HAL_UART_Abort_IT), (608 bytes).
    Removing stm32c0xx_hal_uart.o(.ARM.exidx.text.HAL_UART_Abort_IT), (8 bytes).
    Removing stm32c0xx_hal_uart.o(.text.UART_DMATxAbortCallback), (138 bytes).
    Removing stm32c0xx_hal_uart.o(.ARM.exidx.text.UART_DMATxAbortCallback), (8 bytes).
    Removing stm32c0xx_hal_uart.o(.text.UART_DMARxAbortCallback), (118 bytes).
    Removing stm32c0xx_hal_uart.o(.ARM.exidx.text.UART_DMARxAbortCallback), (8 bytes).
    Removing stm32c0xx_hal_uart.o(.text.HAL_UART_AbortCpltCallback), (8 bytes).
    Removing stm32c0xx_hal_uart.o(.ARM.exidx.text.HAL_UART_AbortCpltCallback), (8 bytes).
    Removing stm32c0xx_hal_uart.o(.text.HAL_UART_AbortTransmit_IT), (300 bytes).
    Removing stm32c0xx_hal_uart.o(.ARM.exidx.text.HAL_UART_AbortTransmit_IT), (8 bytes).
    Removing stm32c0xx_hal_uart.o(.text.UART_DMATxOnlyAbortCallback), (66 bytes).
    Removing stm32c0xx_hal_uart.o(.ARM.exidx.text.UART_DMATxOnlyAbortCallback), (8 bytes).
    Removing stm32c0xx_hal_uart.o(.text.HAL_UART_AbortTransmitCpltCallback), (8 bytes).
    Removing stm32c0xx_hal_uart.o(.ARM.exidx.text.HAL_UART_AbortTransmitCpltCallback), (8 bytes).
    Removing stm32c0xx_hal_uart.o(.text.HAL_UART_AbortReceive_IT), (376 bytes).
    Removing stm32c0xx_hal_uart.o(.ARM.exidx.text.HAL_UART_AbortReceive_IT), (8 bytes).
    Removing stm32c0xx_hal_uart.o(.text.UART_DMARxOnlyAbortCallback), (62 bytes).
    Removing stm32c0xx_hal_uart.o(.ARM.exidx.text.UART_DMARxOnlyAbortCallback), (8 bytes).
    Removing stm32c0xx_hal_uart.o(.text.HAL_UART_AbortReceiveCpltCallback), (8 bytes).
    Removing stm32c0xx_hal_uart.o(.ARM.exidx.text.HAL_UART_AbortReceiveCpltCallback), (8 bytes).
    Removing stm32c0xx_hal_uart.o(.text.HAL_UART_IRQHandler), (1476 bytes).
    Removing stm32c0xx_hal_uart.o(.ARM.exidx.text.HAL_UART_IRQHandler), (8 bytes).
    Removing stm32c0xx_hal_uart.o(.text.UART_DMAAbortOnError), (36 bytes).
    Removing stm32c0xx_hal_uart.o(.ARM.exidx.text.UART_DMAAbortOnError), (8 bytes).
    Removing stm32c0xx_hal_uart.o(.text.HAL_UART_ErrorCallback), (8 bytes).
    Removing stm32c0xx_hal_uart.o(.ARM.exidx.text.HAL_UART_ErrorCallback), (8 bytes).
    Removing stm32c0xx_hal_uart.o(.text.HAL_UARTEx_RxEventCallback), (12 bytes).
    Removing stm32c0xx_hal_uart.o(.ARM.exidx.text.HAL_UARTEx_RxEventCallback), (8 bytes).
    Removing stm32c0xx_hal_uart.o(.text.UART_EndTransmit_IT), (76 bytes).
    Removing stm32c0xx_hal_uart.o(.ARM.exidx.text.UART_EndTransmit_IT), (8 bytes).
    Removing stm32c0xx_hal_uart.o(.text.HAL_UART_TxCpltCallback), (8 bytes).
    Removing stm32c0xx_hal_uart.o(.ARM.exidx.text.HAL_UART_TxCpltCallback), (8 bytes).
    Removing stm32c0xx_hal_uart.o(.text.HAL_UART_TxHalfCpltCallback), (8 bytes).
    Removing stm32c0xx_hal_uart.o(.ARM.exidx.text.HAL_UART_TxHalfCpltCallback), (8 bytes).
    Removing stm32c0xx_hal_uart.o(.text.HAL_UART_RxCpltCallback), (8 bytes).
    Removing stm32c0xx_hal_uart.o(.ARM.exidx.text.HAL_UART_RxCpltCallback), (8 bytes).
    Removing stm32c0xx_hal_uart.o(.text.HAL_UART_RxHalfCpltCallback), (8 bytes).
    Removing stm32c0xx_hal_uart.o(.ARM.exidx.text.HAL_UART_RxHalfCpltCallback), (8 bytes).
    Removing stm32c0xx_hal_uart.o(.text.HAL_UART_ReceiverTimeout_Config), (32 bytes).
    Removing stm32c0xx_hal_uart.o(.ARM.exidx.text.HAL_UART_ReceiverTimeout_Config), (8 bytes).
    Removing stm32c0xx_hal_uart.o(.text.HAL_UART_EnableReceiverTimeout), (114 bytes).
    Removing stm32c0xx_hal_uart.o(.ARM.exidx.text.HAL_UART_EnableReceiverTimeout), (8 bytes).
    Removing stm32c0xx_hal_uart.o(.text.HAL_UART_DisableReceiverTimeout), (114 bytes).
    Removing stm32c0xx_hal_uart.o(.ARM.exidx.text.HAL_UART_DisableReceiverTimeout), (8 bytes).
    Removing stm32c0xx_hal_uart.o(.text.HAL_MultiProcessor_EnableMuteMode), (122 bytes).
    Removing stm32c0xx_hal_uart.o(.ARM.exidx.text.HAL_MultiProcessor_EnableMuteMode), (8 bytes).
    Removing stm32c0xx_hal_uart.o(.text.HAL_MultiProcessor_DisableMuteMode), (122 bytes).
    Removing stm32c0xx_hal_uart.o(.ARM.exidx.text.HAL_MultiProcessor_DisableMuteMode), (8 bytes).
    Removing stm32c0xx_hal_uart.o(.text.HAL_MultiProcessor_EnterMuteMode), (20 bytes).
    Removing stm32c0xx_hal_uart.o(.ARM.exidx.text.HAL_MultiProcessor_EnterMuteMode), (8 bytes).
    Removing stm32c0xx_hal_uart.o(.text.HAL_HalfDuplex_EnableTransmitter), (174 bytes).
    Removing stm32c0xx_hal_uart.o(.ARM.exidx.text.HAL_HalfDuplex_EnableTransmitter), (8 bytes).
    Removing stm32c0xx_hal_uart.o(.text.HAL_HalfDuplex_EnableReceiver), (174 bytes).
    Removing stm32c0xx_hal_uart.o(.ARM.exidx.text.HAL_HalfDuplex_EnableReceiver), (8 bytes).
    Removing stm32c0xx_hal_uart.o(.text.HAL_LIN_SendBreak), (92 bytes).
    Removing stm32c0xx_hal_uart.o(.ARM.exidx.text.HAL_LIN_SendBreak), (8 bytes).
    Removing stm32c0xx_hal_uart.o(.text.HAL_UART_GetState), (30 bytes).
    Removing stm32c0xx_hal_uart.o(.ARM.exidx.text.HAL_UART_GetState), (8 bytes).
    Removing stm32c0xx_hal_uart.o(.text.HAL_UART_GetError), (14 bytes).
    Removing stm32c0xx_hal_uart.o(.ARM.exidx.text.HAL_UART_GetError), (8 bytes).
    Removing stm32c0xx_hal_uart.o(.text.UART_RxISR_16BIT_FIFOEN), (792 bytes).
    Removing stm32c0xx_hal_uart.o(.ARM.exidx.text.UART_RxISR_16BIT_FIFOEN), (8 bytes).
    Removing stm32c0xx_hal_uart.o(.text.UART_RxISR_8BIT_FIFOEN), (788 bytes).
    Removing stm32c0xx_hal_uart.o(.ARM.exidx.text.UART_RxISR_8BIT_FIFOEN), (8 bytes).
    Removing stm32c0xx_hal_uart.o(.text.UART_RxISR_16BIT), (386 bytes).
    Removing stm32c0xx_hal_uart.o(.ARM.exidx.text.UART_RxISR_16BIT), (8 bytes).
    Removing stm32c0xx_hal_uart.o(.text.UART_RxISR_8BIT), (382 bytes).
    Removing stm32c0xx_hal_uart.o(.ARM.exidx.text.UART_RxISR_8BIT), (8 bytes).
    Removing stm32c0xx_hal_uart.o(.text.UART_DMAReceiveCplt), (278 bytes).
    Removing stm32c0xx_hal_uart.o(.ARM.exidx.text.UART_DMAReceiveCplt), (8 bytes).
    Removing stm32c0xx_hal_uart.o(.text.UART_DMARxHalfCplt), (54 bytes).
    Removing stm32c0xx_hal_uart.o(.ARM.exidx.text.UART_DMARxHalfCplt), (8 bytes).
    Removing stm32c0xx_hal_uart_ex.o(.text), (0 bytes).
    Removing stm32c0xx_hal_uart_ex.o(.text.HAL_RS485Ex_Init), (220 bytes).
    Removing stm32c0xx_hal_uart_ex.o(.ARM.exidx.text.HAL_RS485Ex_Init), (8 bytes).
    Removing stm32c0xx_hal_uart_ex.o(.text.HAL_UARTEx_WakeupCallback), (8 bytes).
    Removing stm32c0xx_hal_uart_ex.o(.ARM.exidx.text.HAL_UARTEx_WakeupCallback), (8 bytes).
    Removing stm32c0xx_hal_uart_ex.o(.text.HAL_UARTEx_RxFifoFullCallback), (8 bytes).
    Removing stm32c0xx_hal_uart_ex.o(.ARM.exidx.text.HAL_UARTEx_RxFifoFullCallback), (8 bytes).
    Removing stm32c0xx_hal_uart_ex.o(.text.HAL_UARTEx_TxFifoEmptyCallback), (8 bytes).
    Removing stm32c0xx_hal_uart_ex.o(.ARM.exidx.text.HAL_UARTEx_TxFifoEmptyCallback), (8 bytes).
    Removing stm32c0xx_hal_uart_ex.o(.text.HAL_MultiProcessorEx_AddressLength_Set), (94 bytes).
    Removing stm32c0xx_hal_uart_ex.o(.ARM.exidx.text.HAL_MultiProcessorEx_AddressLength_Set), (8 bytes).
    Removing stm32c0xx_hal_uart_ex.o(.text.HAL_UARTEx_StopModeWakeUpSourceConfig), (208 bytes).
    Removing stm32c0xx_hal_uart_ex.o(.ARM.exidx.text.HAL_UARTEx_StopModeWakeUpSourceConfig), (8 bytes).
    Removing stm32c0xx_hal_uart_ex.o(.text.UARTEx_Wakeup_AddressConfig), (58 bytes).
    Removing stm32c0xx_hal_uart_ex.o(.ARM.exidx.text.UARTEx_Wakeup_AddressConfig), (8 bytes).
    Removing stm32c0xx_hal_uart_ex.o(.text.HAL_UARTEx_EnableStopMode), (112 bytes).
    Removing stm32c0xx_hal_uart_ex.o(.ARM.exidx.text.HAL_UARTEx_EnableStopMode), (8 bytes).
    Removing stm32c0xx_hal_uart_ex.o(.text.HAL_UARTEx_DisableStopMode), (112 bytes).
    Removing stm32c0xx_hal_uart_ex.o(.ARM.exidx.text.HAL_UARTEx_DisableStopMode), (8 bytes).
    Removing stm32c0xx_hal_uart_ex.o(.text.HAL_UARTEx_EnableFifoMode), (132 bytes).
    Removing stm32c0xx_hal_uart_ex.o(.ARM.exidx.text.HAL_UARTEx_EnableFifoMode), (8 bytes).
    Removing stm32c0xx_hal_uart_ex.o(.ARM.exidx.text.UARTEx_SetNbDataToProcess), (8 bytes).
    Removing stm32c0xx_hal_uart_ex.o(.ARM.exidx.text.HAL_UARTEx_DisableFifoMode), (8 bytes).
    Removing stm32c0xx_hal_uart_ex.o(.ARM.exidx.text.HAL_UARTEx_SetTxFifoThreshold), (8 bytes).
    Removing stm32c0xx_hal_uart_ex.o(.ARM.exidx.text.HAL_UARTEx_SetRxFifoThreshold), (8 bytes).
    Removing stm32c0xx_hal_uart_ex.o(.text.HAL_UARTEx_ReceiveToIdle), (624 bytes).
    Removing stm32c0xx_hal_uart_ex.o(.ARM.exidx.text.HAL_UARTEx_ReceiveToIdle), (8 bytes).
    Removing stm32c0xx_hal_uart_ex.o(.text.HAL_UARTEx_ReceiveToIdle_IT), (224 bytes).
    Removing stm32c0xx_hal_uart_ex.o(.ARM.exidx.text.HAL_UARTEx_ReceiveToIdle_IT), (8 bytes).
    Removing stm32c0xx_hal_uart_ex.o(.text.HAL_UARTEx_ReceiveToIdle_DMA), (234 bytes).
    Removing stm32c0xx_hal_uart_ex.o(.ARM.exidx.text.HAL_UARTEx_ReceiveToIdle_DMA), (8 bytes).
    Removing stm32c0xx_hal_uart_ex.o(.text.HAL_UARTEx_GetRxEventType), (12 bytes).
    Removing stm32c0xx_hal_uart_ex.o(.ARM.exidx.text.HAL_UARTEx_GetRxEventType), (8 bytes).
    Removing system_stm32c0xx.o(.text), (0 bytes).
    Removing system_stm32c0xx.o(.ARM.exidx.text.SystemInit), (8 bytes).
    Removing system_stm32c0xx.o(.text.SystemCoreClockUpdate), (320 bytes).
    Removing system_stm32c0xx.o(.ARM.exidx.text.SystemCoreClockUpdate), (8 bytes).

524 unused section(s) (total 30378 bytes) removed from the image.

==============================================================================

Image Symbol Table

    Local Symbols

    Symbol Name                              Value     Ov Type        Size  Object(Section)

    ../clib/division.s                       0x00000000   Number         0  aeabi_sdiv.o ABSOLUTE
    ../clib/division.s                       0x00000000   Number         0  aeabi_sdiv_div0.o ABSOLUTE
    ../clib/microlib/division.c              0x00000000   Number         0  uidiv.o ABSOLUTE
    ../clib/microlib/division.c              0x00000000   Number         0  uidiv_div0.o ABSOLUTE
    ../clib/microlib/division.c              0x00000000   Number         0  idiv_div0.o ABSOLUTE
    ../clib/microlib/division.c              0x00000000   Number         0  idiv0.o ABSOLUTE
    ../clib/microlib/division.c              0x00000000   Number         0  uldiv.o ABSOLUTE
    ../clib/microlib/init/entry.s            0x00000000   Number         0  entry.o ABSOLUTE
    ../clib/microlib/init/entry.s            0x00000000   Number         0  entry2.o ABSOLUTE
    ../clib/microlib/init/entry.s            0x00000000   Number         0  entry5.o ABSOLUTE
    ../clib/microlib/init/entry.s            0x00000000   Number         0  entry7a.o ABSOLUTE
    ../clib/microlib/init/entry.s            0x00000000   Number         0  entry7b.o ABSOLUTE
    ../clib/microlib/init/entry.s            0x00000000   Number         0  entry8a.o ABSOLUTE
    ../clib/microlib/init/entry.s            0x00000000   Number         0  entry8b.o ABSOLUTE
    ../clib/microlib/init/entry.s            0x00000000   Number         0  entry9a.o ABSOLUTE
    ../clib/microlib/init/entry.s            0x00000000   Number         0  entry9b.o ABSOLUTE
    ../clib/microlib/init/entry.s            0x00000000   Number         0  entry10a.o ABSOLUTE
    ../clib/microlib/init/entry.s            0x00000000   Number         0  entry10b.o ABSOLUTE
    ../clib/microlib/init/entry.s            0x00000000   Number         0  entry11a.o ABSOLUTE
    ../clib/microlib/init/entry.s            0x00000000   Number         0  entry11b.o ABSOLUTE
    ../clib/microlib/longlong.c              0x00000000   Number         0  llshl.o ABSOLUTE
    ../clib/microlib/longlong.c              0x00000000   Number         0  llushr.o ABSOLUTE
    ../clib/microlib/longlong.c              0x00000000   Number         0  llsshr.o ABSOLUTE
    ../clib/microlib/printf/printf.c         0x00000000   Number         0  printfa.o ABSOLUTE
    ../clib/microlib/stdio/streams.c         0x00000000   Number         0  stdout.o ABSOLUTE
    ../clib/microlib/stubs.s                 0x00000000   Number         0  iusefp.o ABSOLUTE
    ../fplib/microlib/fpadd.c                0x00000000   Number         0  dadd.o ABSOLUTE
    ../fplib/microlib/fpdiv.c                0x00000000   Number         0  ddiv.o ABSOLUTE
    ../fplib/microlib/fpepilogue.c           0x00000000   Number         0  depilogue.o ABSOLUTE
    ../fplib/microlib/fpfix.c                0x00000000   Number         0  dfixul.o ABSOLUTE
    ../fplib/microlib/fpmul.c                0x00000000   Number         0  dmul.o ABSOLUTE
    cdrcmple.s                               0x00000000   Number         0  cdrcmple.o ABSOLUTE
    dc.s                                     0x00000000   Number         0  dc.o ABSOLUTE
    gpio.c                                   0x00000000   Number         0  gpio.o ABSOLUTE
    handlers.s                               0x00000000   Number         0  handlers.o ABSOLUTE
    init.s                                   0x00000000   Number         0  init.o ABSOLUTE
    main.c                                   0x00000000   Number         0  main.o ABSOLUTE
    startup_stm32c011xx.s                    0x00000000   Number         0  startup_stm32c011xx.o ABSOLUTE
    stm32c0xx_hal.c                          0x00000000   Number         0  stm32c0xx_hal.o ABSOLUTE
    stm32c0xx_hal_cortex.c                   0x00000000   Number         0  stm32c0xx_hal_cortex.o ABSOLUTE
    stm32c0xx_hal_dma.c                      0x00000000   Number         0  stm32c0xx_hal_dma.o ABSOLUTE
    stm32c0xx_hal_dma_ex.c                   0x00000000   Number         0  stm32c0xx_hal_dma_ex.o ABSOLUTE
    stm32c0xx_hal_exti.c                     0x00000000   Number         0  stm32c0xx_hal_exti.o ABSOLUTE
    stm32c0xx_hal_flash.c                    0x00000000   Number         0  stm32c0xx_hal_flash.o ABSOLUTE
    stm32c0xx_hal_flash_ex.c                 0x00000000   Number         0  stm32c0xx_hal_flash_ex.o ABSOLUTE
    stm32c0xx_hal_gpio.c                     0x00000000   Number         0  stm32c0xx_hal_gpio.o ABSOLUTE
    stm32c0xx_hal_msp.c                      0x00000000   Number         0  stm32c0xx_hal_msp.o ABSOLUTE
    stm32c0xx_hal_pwr.c                      0x00000000   Number         0  stm32c0xx_hal_pwr.o ABSOLUTE
    stm32c0xx_hal_pwr_ex.c                   0x00000000   Number         0  stm32c0xx_hal_pwr_ex.o ABSOLUTE
    stm32c0xx_hal_rcc.c                      0x00000000   Number         0  stm32c0xx_hal_rcc.o ABSOLUTE
    stm32c0xx_hal_rcc_ex.c                   0x00000000   Number         0  stm32c0xx_hal_rcc_ex.o ABSOLUTE
    stm32c0xx_hal_tim.c                      0x00000000   Number         0  stm32c0xx_hal_tim.o ABSOLUTE
    stm32c0xx_hal_tim_ex.c                   0x00000000   Number         0  stm32c0xx_hal_tim_ex.o ABSOLUTE
    stm32c0xx_hal_uart.c                     0x00000000   Number         0  stm32c0xx_hal_uart.o ABSOLUTE
    stm32c0xx_hal_uart_ex.c                  0x00000000   Number         0  stm32c0xx_hal_uart_ex.o ABSOLUTE
    stm32c0xx_it.c                           0x00000000   Number         0  stm32c0xx_it.o ABSOLUTE
    system_stm32c0xx.c                       0x00000000   Number         0  system_stm32c0xx.o ABSOLUTE
    usart.c                                  0x00000000   Number         0  usart.o ABSOLUTE
    RESET                                    0x08000000   Section      192  startup_stm32c011xx.o(RESET)
    .ARM.Collect$$$$00000000                 0x080000c0   Section        0  entry.o(.ARM.Collect$$$$00000000)
    .ARM.Collect$$$$00000001                 0x080000c0   Section        4  entry2.o(.ARM.Collect$$$$00000001)
    .ARM.Collect$$$$00000004                 0x080000c4   Section        4  entry5.o(.ARM.Collect$$$$00000004)
    .ARM.Collect$$$$00000008                 0x080000c8   Section        0  entry7b.o(.ARM.Collect$$$$00000008)
    .ARM.Collect$$$$0000000A                 0x080000c8   Section        0  entry8b.o(.ARM.Collect$$$$0000000A)
    .ARM.Collect$$$$0000000B                 0x080000c8   Section        8  entry9a.o(.ARM.Collect$$$$0000000B)
    __lit__00000000                          0x080000d0   Data           4  entry2.o(.ARM.Collect$$$$00002712)
    .ARM.Collect$$$$0000000D                 0x080000d0   Section        0  entry10a.o(.ARM.Collect$$$$0000000D)
    .ARM.Collect$$$$0000000F                 0x080000d0   Section        0  entry11a.o(.ARM.Collect$$$$0000000F)
    .ARM.Collect$$$$00002712                 0x080000d0   Section        4  entry2.o(.ARM.Collect$$$$00002712)
    .text                                    0x080000d4   Section       28  startup_stm32c011xx.o(.text)
    .text                                    0x080000f0   Section        0  uidiv_div0.o(.text)
    .text                                    0x0800012e   Section        0  uldiv.o(.text)
    .text                                    0x0800018e   Section        0  iusefp.o(.text)
    .text                                    0x08000190   Section        0  dadd.o(.text)
    .text                                    0x080002f4   Section        0  dmul.o(.text)
    .text                                    0x080003c4   Section        0  ddiv.o(.text)
    .text                                    0x080004b4   Section        0  dfixul.o(.text)
    .text                                    0x080004f4   Section       40  cdrcmple.o(.text)
    .text                                    0x0800051c   Section       36  init.o(.text)
    .text                                    0x08000540   Section        0  llshl.o(.text)
    .text                                    0x08000560   Section        0  llushr.o(.text)
    .text                                    0x08000582   Section        0  llsshr.o(.text)
    .text                                    0x080005a8   Section        0  depilogue.o(.text)
    Configure_nBOOT_SEL                      0x08000669   Thumb Code   160  main.o(.text.Configure_nBOOT_SEL)
    [Anonymous Symbol]                       0x08000668   Section        0  main.o(.text.Configure_nBOOT_SEL)
    __arm_cp.3_0                             0x08000708   Number         4  main.o(.text.Configure_nBOOT_SEL)
    __arm_cp.3_1                             0x0800070c   Number         4  main.o(.text.Configure_nBOOT_SEL)
    __arm_cp.3_2                             0x08000710   Number         4  main.o(.text.Configure_nBOOT_SEL)
    __arm_cp.3_3                             0x08000714   Number         4  main.o(.text.Configure_nBOOT_SEL)
    __arm_cp.3_4                             0x08000718   Number         4  main.o(.text.Configure_nBOOT_SEL)
    [Anonymous Symbol]                       0x0800071c   Section        0  main.o(.text.Error_Handler)
    FLASH_OB_GetPCROP1A                      0x08000725   Thumb Code    92  stm32c0xx_hal_flash_ex.o(.text.FLASH_OB_GetPCROP1A)
    [Anonymous Symbol]                       0x08000724   Section        0  stm32c0xx_hal_flash_ex.o(.text.FLASH_OB_GetPCROP1A)
    FLASH_OB_GetPCROP1B                      0x08000781   Thumb Code    68  stm32c0xx_hal_flash_ex.o(.text.FLASH_OB_GetPCROP1B)
    [Anonymous Symbol]                       0x08000780   Section        0  stm32c0xx_hal_flash_ex.o(.text.FLASH_OB_GetPCROP1B)
    __arm_cp.15_2                            0x080007c4   Number         4  stm32c0xx_hal_flash_ex.o(.text.FLASH_OB_GetPCROP1B)
    FLASH_OB_GetRDP                          0x080007c9   Thumb Code    44  stm32c0xx_hal_flash_ex.o(.text.FLASH_OB_GetRDP)
    [Anonymous Symbol]                       0x080007c8   Section        0  stm32c0xx_hal_flash_ex.o(.text.FLASH_OB_GetRDP)
    FLASH_OB_GetSecMem                       0x080007f5   Thumb Code    40  stm32c0xx_hal_flash_ex.o(.text.FLASH_OB_GetSecMem)
    [Anonymous Symbol]                       0x080007f4   Section        0  stm32c0xx_hal_flash_ex.o(.text.FLASH_OB_GetSecMem)
    FLASH_OB_GetUser                         0x0800081d   Thumb Code    20  stm32c0xx_hal_flash_ex.o(.text.FLASH_OB_GetUser)
    [Anonymous Symbol]                       0x0800081c   Section        0  stm32c0xx_hal_flash_ex.o(.text.FLASH_OB_GetUser)
    FLASH_OB_GetWRP                          0x08000831   Thumb Code    72  stm32c0xx_hal_flash_ex.o(.text.FLASH_OB_GetWRP)
    [Anonymous Symbol]                       0x08000830   Section        0  stm32c0xx_hal_flash_ex.o(.text.FLASH_OB_GetWRP)
    FLASH_OB_OptrConfig                      0x08000879   Thumb Code    44  stm32c0xx_hal_flash_ex.o(.text.FLASH_OB_OptrConfig)
    [Anonymous Symbol]                       0x08000878   Section        0  stm32c0xx_hal_flash_ex.o(.text.FLASH_OB_OptrConfig)
    __arm_cp.6_0                             0x080008a4   Number         4  stm32c0xx_hal_flash_ex.o(.text.FLASH_OB_OptrConfig)
    FLASH_OB_PCROP1AConfig                   0x080008a9   Thumb Code   104  stm32c0xx_hal_flash_ex.o(.text.FLASH_OB_PCROP1AConfig)
    [Anonymous Symbol]                       0x080008a8   Section        0  stm32c0xx_hal_flash_ex.o(.text.FLASH_OB_PCROP1AConfig)
    __arm_cp.9_0                             0x08000910   Number         4  stm32c0xx_hal_flash_ex.o(.text.FLASH_OB_PCROP1AConfig)
    __arm_cp.9_1                             0x08000914   Number         4  stm32c0xx_hal_flash_ex.o(.text.FLASH_OB_PCROP1AConfig)
    FLASH_OB_PCROP1BConfig                   0x08000919   Thumb Code    44  stm32c0xx_hal_flash_ex.o(.text.FLASH_OB_PCROP1BConfig)
    [Anonymous Symbol]                       0x08000918   Section        0  stm32c0xx_hal_flash_ex.o(.text.FLASH_OB_PCROP1BConfig)
    __arm_cp.10_0                            0x08000944   Number         4  stm32c0xx_hal_flash_ex.o(.text.FLASH_OB_PCROP1BConfig)
    __arm_cp.10_1                            0x08000948   Number         4  stm32c0xx_hal_flash_ex.o(.text.FLASH_OB_PCROP1BConfig)
    FLASH_OB_SecMemConfig                    0x0800094d   Thumb Code    32  stm32c0xx_hal_flash_ex.o(.text.FLASH_OB_SecMemConfig)
    [Anonymous Symbol]                       0x0800094c   Section        0  stm32c0xx_hal_flash_ex.o(.text.FLASH_OB_SecMemConfig)
    __arm_cp.11_0                            0x0800096c   Number         4  stm32c0xx_hal_flash_ex.o(.text.FLASH_OB_SecMemConfig)
    __arm_cp.11_1                            0x08000970   Number         4  stm32c0xx_hal_flash_ex.o(.text.FLASH_OB_SecMemConfig)
    FLASH_OB_WRPConfig                       0x08000975   Thumb Code    48  stm32c0xx_hal_flash_ex.o(.text.FLASH_OB_WRPConfig)
    [Anonymous Symbol]                       0x08000974   Section        0  stm32c0xx_hal_flash_ex.o(.text.FLASH_OB_WRPConfig)
    __arm_cp.5_0                             0x080009a4   Number         4  stm32c0xx_hal_flash_ex.o(.text.FLASH_OB_WRPConfig)
    __arm_cp.5_1                             0x080009a8   Number         4  stm32c0xx_hal_flash_ex.o(.text.FLASH_OB_WRPConfig)
    [Anonymous Symbol]                       0x080009ac   Section        0  stm32c0xx_hal_flash.o(.text.FLASH_WaitForLastOperation)
    __arm_cp.1_0                             0x08000a50   Number         4  stm32c0xx_hal_flash.o(.text.FLASH_WaitForLastOperation)
    __arm_cp.1_1                             0x08000a54   Number         4  stm32c0xx_hal_flash.o(.text.FLASH_WaitForLastOperation)
    [Anonymous Symbol]                       0x08000a58   Section        0  stm32c0xx_hal.o(.text.HAL_Delay)
    __arm_cp.10_0                            0x08000a98   Number         4  stm32c0xx_hal.o(.text.HAL_Delay)
    [Anonymous Symbol]                       0x08000a9c   Section        0  stm32c0xx_hal_flash_ex.o(.text.HAL_FLASHEx_OBGetConfig)
    __arm_cp.12_0                            0x08000b04   Number         4  stm32c0xx_hal_flash_ex.o(.text.HAL_FLASHEx_OBGetConfig)
    [Anonymous Symbol]                       0x08000b08   Section        0  stm32c0xx_hal_flash_ex.o(.text.HAL_FLASHEx_OBProgram)
    __arm_cp.4_0                             0x08000c60   Number         4  stm32c0xx_hal_flash_ex.o(.text.HAL_FLASHEx_OBProgram)
    __arm_cp.4_1                             0x08000c64   Number         4  stm32c0xx_hal_flash_ex.o(.text.HAL_FLASHEx_OBProgram)
    [Anonymous Symbol]                       0x08000c68   Section        0  stm32c0xx_hal_flash.o(.text.HAL_FLASH_Lock)
    [Anonymous Symbol]                       0x08000c94   Section        0  stm32c0xx_hal_flash.o(.text.HAL_FLASH_OB_Launch)
    [Anonymous Symbol]                       0x08000ca4   Section        0  stm32c0xx_hal_flash.o(.text.HAL_FLASH_OB_Lock)
    [Anonymous Symbol]                       0x08000cd0   Section        0  stm32c0xx_hal_flash.o(.text.HAL_FLASH_OB_Unlock)
    __arm_cp.10_1                            0x08000d0c   Number         4  stm32c0xx_hal_flash.o(.text.HAL_FLASH_OB_Unlock)
    __arm_cp.10_2                            0x08000d10   Number         4  stm32c0xx_hal_flash.o(.text.HAL_FLASH_OB_Unlock)
    __arm_cp.10_3                            0x08000d14   Number         4  stm32c0xx_hal_flash.o(.text.HAL_FLASH_OB_Unlock)
    [Anonymous Symbol]                       0x08000d18   Section        0  stm32c0xx_hal_flash.o(.text.HAL_FLASH_Unlock)
    __arm_cp.8_0                             0x08000d54   Number         4  stm32c0xx_hal_flash.o(.text.HAL_FLASH_Unlock)
    __arm_cp.8_1                             0x08000d58   Number         4  stm32c0xx_hal_flash.o(.text.HAL_FLASH_Unlock)
    __arm_cp.8_2                             0x08000d5c   Number         4  stm32c0xx_hal_flash.o(.text.HAL_FLASH_Unlock)
    __arm_cp.8_3                             0x08000d60   Number         4  stm32c0xx_hal_flash.o(.text.HAL_FLASH_Unlock)
    [Anonymous Symbol]                       0x08000d64   Section        0  stm32c0xx_hal_gpio.o(.text.HAL_GPIO_Init)
    __arm_cp.0_0                             0x08001024   Number         4  stm32c0xx_hal_gpio.o(.text.HAL_GPIO_Init)
    __arm_cp.0_1                             0x08001028   Number         4  stm32c0xx_hal_gpio.o(.text.HAL_GPIO_Init)
    __arm_cp.0_2                             0x0800102c   Number         4  stm32c0xx_hal_gpio.o(.text.HAL_GPIO_Init)
    __arm_cp.0_3                             0x08001030   Number         4  stm32c0xx_hal_gpio.o(.text.HAL_GPIO_Init)
    __arm_cp.0_4                             0x08001034   Number         4  stm32c0xx_hal_gpio.o(.text.HAL_GPIO_Init)
    __arm_cp.0_5                             0x08001038   Number         4  stm32c0xx_hal_gpio.o(.text.HAL_GPIO_Init)
    __arm_cp.0_6                             0x0800103c   Number         4  stm32c0xx_hal_gpio.o(.text.HAL_GPIO_Init)
    __arm_cp.0_7                             0x08001040   Number         4  stm32c0xx_hal_gpio.o(.text.HAL_GPIO_Init)
    [Anonymous Symbol]                       0x08001044   Section        0  stm32c0xx_hal_gpio.o(.text.HAL_GPIO_WritePin)
    [Anonymous Symbol]                       0x08001070   Section        0  stm32c0xx_hal.o(.text.HAL_GetTick)
    [Anonymous Symbol]                       0x08001078   Section        0  stm32c0xx_hal.o(.text.HAL_IncTick)
    __arm_cp.5_1                             0x08001088   Number         4  stm32c0xx_hal.o(.text.HAL_IncTick)
    [Anonymous Symbol]                       0x0800108c   Section        0  stm32c0xx_hal.o(.text.HAL_Init)
    [Anonymous Symbol]                       0x080010b8   Section        0  stm32c0xx_hal.o(.text.HAL_InitTick)
    __arm_cp.1_0                             0x08001130   Number         4  stm32c0xx_hal.o(.text.HAL_InitTick)
    __arm_cp.1_1                             0x08001134   Number         4  stm32c0xx_hal.o(.text.HAL_InitTick)
    __arm_cp.1_2                             0x08001138   Number         4  stm32c0xx_hal.o(.text.HAL_InitTick)
    [Anonymous Symbol]                       0x0800113c   Section        0  stm32c0xx_hal_msp.o(.text.HAL_MspInit)
    __arm_cp.0_0                             0x08001170   Number         4  stm32c0xx_hal_msp.o(.text.HAL_MspInit)
    [Anonymous Symbol]                       0x08001174   Section        0  stm32c0xx_hal_cortex.o(.text.HAL_NVIC_SetPriority)
    [Anonymous Symbol]                       0x08001190   Section        0  stm32c0xx_hal_rcc_ex.o(.text.HAL_RCCEx_PeriphCLKConfig)
    __arm_cp.0_0                             0x08001340   Number         4  stm32c0xx_hal_rcc_ex.o(.text.HAL_RCCEx_PeriphCLKConfig)
    __arm_cp.0_3                             0x08001344   Number         4  stm32c0xx_hal_rcc_ex.o(.text.HAL_RCCEx_PeriphCLKConfig)
    [Anonymous Symbol]                       0x08001348   Section        0  stm32c0xx_hal_rcc.o(.text.HAL_RCC_ClockConfig)
    __arm_cp.2_0                             0x08001578   Number         4  stm32c0xx_hal_rcc.o(.text.HAL_RCC_ClockConfig)
    __arm_cp.2_3                             0x0800157c   Number         4  stm32c0xx_hal_rcc.o(.text.HAL_RCC_ClockConfig)
    __arm_cp.2_4                             0x08001580   Number         4  stm32c0xx_hal_rcc.o(.text.HAL_RCC_ClockConfig)
    __arm_cp.2_7                             0x08001584   Number         4  stm32c0xx_hal_rcc.o(.text.HAL_RCC_ClockConfig)
    __arm_cp.2_8                             0x08001588   Number         4  stm32c0xx_hal_rcc.o(.text.HAL_RCC_ClockConfig)
    [Anonymous Symbol]                       0x0800158c   Section        0  stm32c0xx_hal_rcc.o(.text.HAL_RCC_GetHCLKFreq)
    __arm_cp.7_1                             0x080015b4   Number         4  stm32c0xx_hal_rcc.o(.text.HAL_RCC_GetHCLKFreq)
    __arm_cp.7_2                             0x080015b8   Number         4  stm32c0xx_hal_rcc.o(.text.HAL_RCC_GetHCLKFreq)
    [Anonymous Symbol]                       0x080015bc   Section        0  stm32c0xx_hal_rcc.o(.text.HAL_RCC_GetPCLK1Freq)
    __arm_cp.8_1                             0x080015dc   Number         4  stm32c0xx_hal_rcc.o(.text.HAL_RCC_GetPCLK1Freq)
    [Anonymous Symbol]                       0x080015e0   Section        0  stm32c0xx_hal_rcc.o(.text.HAL_RCC_GetSysClockFreq)
    __arm_cp.3_0                             0x0800167c   Number         4  stm32c0xx_hal_rcc.o(.text.HAL_RCC_GetSysClockFreq)
    __arm_cp.3_1                             0x08001680   Number         4  stm32c0xx_hal_rcc.o(.text.HAL_RCC_GetSysClockFreq)
    __arm_cp.3_2                             0x08001684   Number         4  stm32c0xx_hal_rcc.o(.text.HAL_RCC_GetSysClockFreq)
    __arm_cp.3_3                             0x08001688   Number         4  stm32c0xx_hal_rcc.o(.text.HAL_RCC_GetSysClockFreq)
    [Anonymous Symbol]                       0x0800168c   Section        0  stm32c0xx_hal_rcc.o(.text.HAL_RCC_OscConfig)
    __arm_cp.1_0                             0x08001a8c   Number         4  stm32c0xx_hal_rcc.o(.text.HAL_RCC_OscConfig)
    __arm_cp.1_1                             0x08001a90   Number         4  stm32c0xx_hal_rcc.o(.text.HAL_RCC_OscConfig)
    __arm_cp.1_2                             0x08001a94   Number         4  stm32c0xx_hal_rcc.o(.text.HAL_RCC_OscConfig)
    __arm_cp.1_3                             0x08001a98   Number         4  stm32c0xx_hal_rcc.o(.text.HAL_RCC_OscConfig)
    __arm_cp.1_4                             0x08001a9c   Number         4  stm32c0xx_hal_rcc.o(.text.HAL_RCC_OscConfig)
    __arm_cp.1_5                             0x08001aa0   Number         4  stm32c0xx_hal_rcc.o(.text.HAL_RCC_OscConfig)
    __arm_cp.1_6                             0x08001aa4   Number         4  stm32c0xx_hal_rcc.o(.text.HAL_RCC_OscConfig)
    __arm_cp.1_7                             0x08001aa8   Number         4  stm32c0xx_hal_rcc.o(.text.HAL_RCC_OscConfig)
    __arm_cp.1_8                             0x08001aac   Number         4  stm32c0xx_hal_rcc.o(.text.HAL_RCC_OscConfig)
    __arm_cp.1_9                             0x08001ab0   Number         4  stm32c0xx_hal_rcc.o(.text.HAL_RCC_OscConfig)
    [Anonymous Symbol]                       0x08001ab4   Section        0  stm32c0xx_hal_cortex.o(.text.HAL_SYSTICK_Config)
    [Anonymous Symbol]                       0x08001ac4   Section        0  stm32c0xx_hal_uart_ex.o(.text.HAL_UARTEx_DisableFifoMode)
    [Anonymous Symbol]                       0x08001b3e   Section        0  stm32c0xx_hal_uart_ex.o(.text.HAL_UARTEx_SetRxFifoThreshold)
    [Anonymous Symbol]                       0x08001bce   Section        0  stm32c0xx_hal_uart_ex.o(.text.HAL_UARTEx_SetTxFifoThreshold)
    [Anonymous Symbol]                       0x08001c5e   Section        0  stm32c0xx_hal_uart.o(.text.HAL_UART_Init)
    [Anonymous Symbol]                       0x08001d14   Section        0  usart.o(.text.HAL_UART_MspInit)
    __arm_cp.1_1                             0x08001dac   Number         4  usart.o(.text.HAL_UART_MspInit)
    [Anonymous Symbol]                       0x08001db0   Section        0  stm32c0xx_hal_uart.o(.text.HAL_UART_Transmit)
    __arm_cp.10_0                            0x08001f1c   Number         4  stm32c0xx_hal_uart.o(.text.HAL_UART_Transmit)
    [Anonymous Symbol]                       0x08001f20   Section        0  stm32c0xx_it.o(.text.HardFault_Handler)
    [Anonymous Symbol]                       0x08001f24   Section        0  gpio.o(.text.MX_GPIO_Init)
    __arm_cp.0_0                             0x08001f78   Number         4  gpio.o(.text.MX_GPIO_Init)
    [Anonymous Symbol]                       0x08001f7c   Section        0  usart.o(.text.MX_USART1_UART_Init)
    __arm_cp.0_0                             0x08001ff4   Number         4  usart.o(.text.MX_USART1_UART_Init)
    __arm_cp.0_1                             0x08001ff8   Number         4  usart.o(.text.MX_USART1_UART_Init)
    [Anonymous Symbol]                       0x08001ffc   Section        0  stm32c0xx_it.o(.text.NMI_Handler)
    [Anonymous Symbol]                       0x08002000   Section        0  stm32c0xx_it.o(.text.PendSV_Handler)
    [Anonymous Symbol]                       0x08002002   Section        0  stm32c0xx_it.o(.text.SVC_Handler)
    SysTick_Config                           0x08002005   Thumb Code    68  stm32c0xx_hal_cortex.o(.text.SysTick_Config)
    [Anonymous Symbol]                       0x08002004   Section        0  stm32c0xx_hal_cortex.o(.text.SysTick_Config)
    __arm_cp.9_0                             0x08002048   Number         4  stm32c0xx_hal_cortex.o(.text.SysTick_Config)
    __arm_cp.9_1                             0x0800204c   Number         4  stm32c0xx_hal_cortex.o(.text.SysTick_Config)
    __arm_cp.9_2                             0x08002050   Number         4  stm32c0xx_hal_cortex.o(.text.SysTick_Config)
    [Anonymous Symbol]                       0x08002054   Section        0  stm32c0xx_it.o(.text.SysTick_Handler)
    [Anonymous Symbol]                       0x0800205c   Section        0  main.o(.text.SystemClock_Config)
    [Anonymous Symbol]                       0x080020c4   Section        0  system_stm32c0xx.o(.text.SystemInit)
    __arm_cp.0_0                             0x080020d0   Number         4  system_stm32c0xx.o(.text.SystemInit)
    UARTEx_SetNbDataToProcess                0x080020d5   Thumb Code   140  stm32c0xx_hal_uart_ex.o(.text.UARTEx_SetNbDataToProcess)
    [Anonymous Symbol]                       0x080020d4   Section        0  stm32c0xx_hal_uart_ex.o(.text.UARTEx_SetNbDataToProcess)
    __arm_cp.10_0                            0x08002160   Number         4  stm32c0xx_hal_uart_ex.o(.text.UARTEx_SetNbDataToProcess)
    __arm_cp.10_1                            0x08002164   Number         4  stm32c0xx_hal_uart_ex.o(.text.UARTEx_SetNbDataToProcess)
    [Anonymous Symbol]                       0x08002168   Section        0  stm32c0xx_hal_uart.o(.text.UART_AdvFeatureConfig)
    [Anonymous Symbol]                       0x080022c4   Section        0  stm32c0xx_hal_uart.o(.text.UART_CheckIdleState)
    __arm_cp.4_0                             0x08002420   Number         4  stm32c0xx_hal_uart.o(.text.UART_CheckIdleState)
    UART_EndRxTransfer                       0x08002425   Thumb Code   180  stm32c0xx_hal_uart.o(.text.UART_EndRxTransfer)
    [Anonymous Symbol]                       0x08002424   Section        0  stm32c0xx_hal_uart.o(.text.UART_EndRxTransfer)
    __arm_cp.30_0                            0x080024d8   Number         4  stm32c0xx_hal_uart.o(.text.UART_EndRxTransfer)
    [Anonymous Symbol]                       0x080024dc   Section        0  stm32c0xx_hal_uart.o(.text.UART_SetConfig)
    __arm_cp.3_0                             0x080027ac   Number         4  stm32c0xx_hal_uart.o(.text.UART_SetConfig)
    __arm_cp.3_1                             0x080027b0   Number         4  stm32c0xx_hal_uart.o(.text.UART_SetConfig)
    __arm_cp.3_2                             0x080027b4   Number         4  stm32c0xx_hal_uart.o(.text.UART_SetConfig)
    __arm_cp.3_3                             0x080027b8   Number         4  stm32c0xx_hal_uart.o(.text.UART_SetConfig)
    __arm_cp.3_4                             0x080027bc   Number         4  stm32c0xx_hal_uart.o(.text.UART_SetConfig)
    __arm_cp.3_5                             0x080027c0   Number         4  stm32c0xx_hal_uart.o(.text.UART_SetConfig)
    __arm_cp.3_6                             0x080027c4   Number         4  stm32c0xx_hal_uart.o(.text.UART_SetConfig)
    __arm_cp.3_7                             0x080027c8   Number         4  stm32c0xx_hal_uart.o(.text.UART_SetConfig)
    [Anonymous Symbol]                       0x080027cc   Section        0  stm32c0xx_hal_uart.o(.text.UART_WaitOnFlagUntilTimeout)
    __NVIC_SetPriority                       0x080028d5   Thumb Code   124  stm32c0xx_hal_cortex.o(.text.__NVIC_SetPriority)
    [Anonymous Symbol]                       0x080028d4   Section        0  stm32c0xx_hal_cortex.o(.text.__NVIC_SetPriority)
    __arm_cp.1_0                             0x08002950   Number         4  stm32c0xx_hal_cortex.o(.text.__NVIC_SetPriority)
    __arm_cp.1_1                             0x08002954   Number         4  stm32c0xx_hal_cortex.o(.text.__NVIC_SetPriority)
    [Anonymous Symbol]                       0x08002958   Section        0  main.o(.text.fputc)
    __arm_cp.0_0                             0x08002974   Number         4  main.o(.text.fputc)
    __arm_cp.0_1                             0x08002978   Number         4  main.o(.text.fputc)
    [Anonymous Symbol]                       0x0800297c   Section        0  main.o(.text.main)
    __arm_cp.1_0                             0x08002a0c   Number         4  main.o(.text.main)
    __arm_cp.1_1                             0x08002a10   Number         4  main.o(.text.main)
    i.__0printf                              0x08002a14   Section        0  printfa.o(i.__0printf)
    i.__ARM_clz                              0x08002a34   Section        0  depilogue.o(i.__ARM_clz)
    i.__scatterload_copy                     0x08002a62   Section       14  handlers.o(i.__scatterload_copy)
    i.__scatterload_null                     0x08002a70   Section        2  handlers.o(i.__scatterload_null)
    i.__scatterload_zeroinit                 0x08002a72   Section       14  handlers.o(i.__scatterload_zeroinit)
    _fp_digits                               0x08002a81   Thumb Code   344  printfa.o(i._fp_digits)
    i._fp_digits                             0x08002a80   Section        0  printfa.o(i._fp_digits)
    _printf_core                             0x08002bf5   Thumb Code  1754  printfa.o(i._printf_core)
    i._printf_core                           0x08002bf4   Section        0  printfa.o(i._printf_core)
    _printf_post_padding                     0x080032e1   Thumb Code    32  printfa.o(i._printf_post_padding)
    i._printf_post_padding                   0x080032e0   Section        0  printfa.o(i._printf_post_padding)
    _printf_pre_padding                      0x08003301   Thumb Code    44  printfa.o(i._printf_pre_padding)
    i._printf_pre_padding                    0x08003300   Section        0  printfa.o(i._printf_pre_padding)
    UARTEx_SetNbDataToProcess.denominator    0x0800338c   Data           8  stm32c0xx_hal_uart_ex.o(.rodata.UARTEx_SetNbDataToProcess.denominator)
    [Anonymous Symbol]                       0x0800338c   Section        0  stm32c0xx_hal_uart_ex.o(.rodata.UARTEx_SetNbDataToProcess.denominator)
    UARTEx_SetNbDataToProcess.numerator      0x08003394   Data           8  stm32c0xx_hal_uart_ex.o(.rodata.UARTEx_SetNbDataToProcess.numerator)
    [Anonymous Symbol]                       0x08003394   Section        0  stm32c0xx_hal_uart_ex.o(.rodata.UARTEx_SetNbDataToProcess.numerator)
    [Anonymous Symbol]                       0x080033b4   Section        0  main.o(.rodata.str1.1)
    .data                                    0x20000000   Section        4  stdout.o(.data)
    STACK                                    0x200000c0   Section     2048  startup_stm32c011xx.o(STACK)

    Global Symbols

    Symbol Name                              Value     Ov Type        Size  Object(Section)

    BuildAttributes$$THM_ISAv3M$S$PE$A:L22$X:L11$S22$IEEE1$IW$~IW$USESV6$~STKCKD$USESV7$~SHL$OSPACE$ROPI$EBA8$MICROLIB$REQ8$PRES8$EABIv2 0x00000000   Number         0  anon$$obj.o ABSOLUTE
    __cpp_initialize__aeabi_                  - Undefined Weak Reference
    __cxa_finalize                            - Undefined Weak Reference
    __decompress                              - Undefined Weak Reference
    _clock_init                               - Undefined Weak Reference
    _microlib_exit                            - Undefined Weak Reference
    __Vectors_Size                           0x000000c0   Number         0  startup_stm32c011xx.o ABSOLUTE
    __Vectors                                0x08000000   Data           4  startup_stm32c011xx.o(RESET)
    __Vectors_End                            0x080000c0   Data           0  startup_stm32c011xx.o(RESET)
    __main                                   0x080000c1   Thumb Code     0  entry.o(.ARM.Collect$$$$00000000)
    _main_stk                                0x080000c1   Thumb Code     0  entry2.o(.ARM.Collect$$$$00000001)
    _main_scatterload                        0x080000c5   Thumb Code     0  entry5.o(.ARM.Collect$$$$00000004)
    __main_after_scatterload                 0x080000c9   Thumb Code     0  entry5.o(.ARM.Collect$$$$00000004)
    _main_clock                              0x080000c9   Thumb Code     0  entry7b.o(.ARM.Collect$$$$00000008)
    _main_cpp_init                           0x080000c9   Thumb Code     0  entry8b.o(.ARM.Collect$$$$0000000A)
    _main_init                               0x080000c9   Thumb Code     0  entry9a.o(.ARM.Collect$$$$0000000B)
    __rt_final_cpp                           0x080000d1   Thumb Code     0  entry10a.o(.ARM.Collect$$$$0000000D)
    __rt_final_exit                          0x080000d1   Thumb Code     0  entry11a.o(.ARM.Collect$$$$0000000F)
    Reset_Handler                            0x080000d5   Thumb Code     8  startup_stm32c011xx.o(.text)
    ADC1_IRQHandler                          0x080000e7   Thumb Code     0  startup_stm32c011xx.o(.text)
    DMA1_Channel1_IRQHandler                 0x080000e7   Thumb Code     0  startup_stm32c011xx.o(.text)
    DMA1_Channel2_3_IRQHandler               0x080000e7   Thumb Code     0  startup_stm32c011xx.o(.text)
    DMAMUX1_IRQHandler                       0x080000e7   Thumb Code     0  startup_stm32c011xx.o(.text)
    EXTI0_1_IRQHandler                       0x080000e7   Thumb Code     0  startup_stm32c011xx.o(.text)
    EXTI2_3_IRQHandler                       0x080000e7   Thumb Code     0  startup_stm32c011xx.o(.text)
    EXTI4_15_IRQHandler                      0x080000e7   Thumb Code     0  startup_stm32c011xx.o(.text)
    FLASH_IRQHandler                         0x080000e7   Thumb Code     0  startup_stm32c011xx.o(.text)
    I2C1_IRQHandler                          0x080000e7   Thumb Code     0  startup_stm32c011xx.o(.text)
    RCC_IRQHandler                           0x080000e7   Thumb Code     0  startup_stm32c011xx.o(.text)
    RTC_IRQHandler                           0x080000e7   Thumb Code     0  startup_stm32c011xx.o(.text)
    SPI1_IRQHandler                          0x080000e7   Thumb Code     0  startup_stm32c011xx.o(.text)
    TIM14_IRQHandler                         0x080000e7   Thumb Code     0  startup_stm32c011xx.o(.text)
    TIM16_IRQHandler                         0x080000e7   Thumb Code     0  startup_stm32c011xx.o(.text)
    TIM17_IRQHandler                         0x080000e7   Thumb Code     0  startup_stm32c011xx.o(.text)
    TIM1_BRK_UP_TRG_COM_IRQHandler           0x080000e7   Thumb Code     0  startup_stm32c011xx.o(.text)
    TIM1_CC_IRQHandler                       0x080000e7   Thumb Code     0  startup_stm32c011xx.o(.text)
    TIM3_IRQHandler                          0x080000e7   Thumb Code     0  startup_stm32c011xx.o(.text)
    USART1_IRQHandler                        0x080000e7   Thumb Code     0  startup_stm32c011xx.o(.text)
    USART2_IRQHandler                        0x080000e7   Thumb Code     0  startup_stm32c011xx.o(.text)
    WWDG_IRQHandler                          0x080000e7   Thumb Code     0  startup_stm32c011xx.o(.text)
    __aeabi_uidiv                            0x080000f1   Thumb Code     0  uidiv_div0.o(.text)
    __aeabi_uidivmod                         0x080000f1   Thumb Code    62  uidiv_div0.o(.text)
    __aeabi_uldivmod                         0x0800012f   Thumb Code    96  uldiv.o(.text)
    __I$use$fp                               0x0800018f   Thumb Code     0  iusefp.o(.text)
    __aeabi_dadd                             0x08000191   Thumb Code   328  dadd.o(.text)
    __aeabi_dsub                             0x080002d9   Thumb Code    12  dadd.o(.text)
    __aeabi_drsub                            0x080002e5   Thumb Code    12  dadd.o(.text)
    __aeabi_dmul                             0x080002f5   Thumb Code   202  dmul.o(.text)
    __aeabi_ddiv                             0x080003c5   Thumb Code   234  ddiv.o(.text)
    __aeabi_d2ulz                            0x080004b5   Thumb Code    54  dfixul.o(.text)
    __aeabi_cdrcmple                         0x080004f5   Thumb Code    38  cdrcmple.o(.text)
    __scatterload                            0x0800051d   Thumb Code    28  init.o(.text)
    __scatterload_rt2                        0x0800051d   Thumb Code     0  init.o(.text)
    __aeabi_llsl                             0x08000541   Thumb Code    32  llshl.o(.text)
    _ll_shift_l                              0x08000541   Thumb Code     0  llshl.o(.text)
    __aeabi_llsr                             0x08000561   Thumb Code    34  llushr.o(.text)
    _ll_ushift_r                             0x08000561   Thumb Code     0  llushr.o(.text)
    __aeabi_lasr                             0x08000583   Thumb Code    38  llsshr.o(.text)
    _ll_sshift_r                             0x08000583   Thumb Code     0  llsshr.o(.text)
    _double_round                            0x080005a9   Thumb Code    26  depilogue.o(.text)
    _double_epilogue                         0x080005c3   Thumb Code   164  depilogue.o(.text)
    Error_Handler                            0x0800071d   Thumb Code     6  main.o(.text.Error_Handler)
    FLASH_WaitForLastOperation               0x080009ad   Thumb Code   164  stm32c0xx_hal_flash.o(.text.FLASH_WaitForLastOperation)
    HAL_Delay                                0x08000a59   Thumb Code    64  stm32c0xx_hal.o(.text.HAL_Delay)
    HAL_FLASHEx_OBGetConfig                  0x08000a9d   Thumb Code   104  stm32c0xx_hal_flash_ex.o(.text.HAL_FLASHEx_OBGetConfig)
    HAL_FLASHEx_OBProgram                    0x08000b09   Thumb Code   344  stm32c0xx_hal_flash_ex.o(.text.HAL_FLASHEx_OBProgram)
    HAL_FLASH_Lock                           0x08000c69   Thumb Code    44  stm32c0xx_hal_flash.o(.text.HAL_FLASH_Lock)
    HAL_FLASH_OB_Launch                      0x08000c95   Thumb Code    16  stm32c0xx_hal_flash.o(.text.HAL_FLASH_OB_Launch)
    HAL_FLASH_OB_Lock                        0x08000ca5   Thumb Code    44  stm32c0xx_hal_flash.o(.text.HAL_FLASH_OB_Lock)
    HAL_FLASH_OB_Unlock                      0x08000cd1   Thumb Code    60  stm32c0xx_hal_flash.o(.text.HAL_FLASH_OB_Unlock)
    HAL_FLASH_Unlock                         0x08000d19   Thumb Code    60  stm32c0xx_hal_flash.o(.text.HAL_FLASH_Unlock)
    HAL_GPIO_Init                            0x08000d65   Thumb Code   704  stm32c0xx_hal_gpio.o(.text.HAL_GPIO_Init)
    HAL_GPIO_WritePin                        0x08001045   Thumb Code    44  stm32c0xx_hal_gpio.o(.text.HAL_GPIO_WritePin)
    HAL_GetTick                              0x08001071   Thumb Code     8  stm32c0xx_hal.o(.text.HAL_GetTick)
    HAL_IncTick                              0x08001079   Thumb Code    16  stm32c0xx_hal.o(.text.HAL_IncTick)
    HAL_Init                                 0x0800108d   Thumb Code    44  stm32c0xx_hal.o(.text.HAL_Init)
    HAL_InitTick                             0x080010b9   Thumb Code   120  stm32c0xx_hal.o(.text.HAL_InitTick)
    HAL_MspInit                              0x0800113d   Thumb Code    52  stm32c0xx_hal_msp.o(.text.HAL_MspInit)
    HAL_NVIC_SetPriority                     0x08001175   Thumb Code    28  stm32c0xx_hal_cortex.o(.text.HAL_NVIC_SetPriority)
    HAL_RCCEx_PeriphCLKConfig                0x08001191   Thumb Code   432  stm32c0xx_hal_rcc_ex.o(.text.HAL_RCCEx_PeriphCLKConfig)
    HAL_RCC_ClockConfig                      0x08001349   Thumb Code   560  stm32c0xx_hal_rcc.o(.text.HAL_RCC_ClockConfig)
    HAL_RCC_GetHCLKFreq                      0x0800158d   Thumb Code    40  stm32c0xx_hal_rcc.o(.text.HAL_RCC_GetHCLKFreq)
    HAL_RCC_GetPCLK1Freq                     0x080015bd   Thumb Code    32  stm32c0xx_hal_rcc.o(.text.HAL_RCC_GetPCLK1Freq)
    HAL_RCC_GetSysClockFreq                  0x080015e1   Thumb Code   156  stm32c0xx_hal_rcc.o(.text.HAL_RCC_GetSysClockFreq)
    HAL_RCC_OscConfig                        0x0800168d   Thumb Code  1024  stm32c0xx_hal_rcc.o(.text.HAL_RCC_OscConfig)
    HAL_SYSTICK_Config                       0x08001ab5   Thumb Code    16  stm32c0xx_hal_cortex.o(.text.HAL_SYSTICK_Config)
    HAL_UARTEx_DisableFifoMode               0x08001ac5   Thumb Code   122  stm32c0xx_hal_uart_ex.o(.text.HAL_UARTEx_DisableFifoMode)
    HAL_UARTEx_SetRxFifoThreshold            0x08001b3f   Thumb Code   144  stm32c0xx_hal_uart_ex.o(.text.HAL_UARTEx_SetRxFifoThreshold)
    HAL_UARTEx_SetTxFifoThreshold            0x08001bcf   Thumb Code   144  stm32c0xx_hal_uart_ex.o(.text.HAL_UARTEx_SetTxFifoThreshold)
    HAL_UART_Init                            0x08001c5f   Thumb Code   180  stm32c0xx_hal_uart.o(.text.HAL_UART_Init)
    HAL_UART_MspInit                         0x08001d15   Thumb Code   152  usart.o(.text.HAL_UART_MspInit)
    HAL_UART_Transmit                        0x08001db1   Thumb Code   364  stm32c0xx_hal_uart.o(.text.HAL_UART_Transmit)
    HardFault_Handler                        0x08001f21   Thumb Code     4  stm32c0xx_it.o(.text.HardFault_Handler)
    MX_GPIO_Init                             0x08001f25   Thumb Code    84  gpio.o(.text.MX_GPIO_Init)
    MX_USART1_UART_Init                      0x08001f7d   Thumb Code   120  usart.o(.text.MX_USART1_UART_Init)
    NMI_Handler                              0x08001ffd   Thumb Code     4  stm32c0xx_it.o(.text.NMI_Handler)
    PendSV_Handler                           0x08002001   Thumb Code     2  stm32c0xx_it.o(.text.PendSV_Handler)
    SVC_Handler                              0x08002003   Thumb Code     2  stm32c0xx_it.o(.text.SVC_Handler)
    SysTick_Handler                          0x08002055   Thumb Code     8  stm32c0xx_it.o(.text.SysTick_Handler)
    SystemClock_Config                       0x0800205d   Thumb Code   104  main.o(.text.SystemClock_Config)
    SystemInit                               0x080020c5   Thumb Code    12  system_stm32c0xx.o(.text.SystemInit)
    UART_AdvFeatureConfig                    0x08002169   Thumb Code   346  stm32c0xx_hal_uart.o(.text.UART_AdvFeatureConfig)
    UART_CheckIdleState                      0x080022c5   Thumb Code   348  stm32c0xx_hal_uart.o(.text.UART_CheckIdleState)
    UART_SetConfig                           0x080024dd   Thumb Code   720  stm32c0xx_hal_uart.o(.text.UART_SetConfig)
    UART_WaitOnFlagUntilTimeout              0x080027cd   Thumb Code   264  stm32c0xx_hal_uart.o(.text.UART_WaitOnFlagUntilTimeout)
    fputc                                    0x08002959   Thumb Code    28  main.o(.text.fputc)
    main                                     0x0800297d   Thumb Code   144  main.o(.text.main)
    __0printf                                0x08002a15   Thumb Code    24  printfa.o(i.__0printf)
    __1printf                                0x08002a15   Thumb Code     0  printfa.o(i.__0printf)
    __2printf                                0x08002a15   Thumb Code     0  printfa.o(i.__0printf)
    __c89printf                              0x08002a15   Thumb Code     0  printfa.o(i.__0printf)
    printf                                   0x08002a15   Thumb Code     0  printfa.o(i.__0printf)
    __ARM_clz                                0x08002a35   Thumb Code    46  depilogue.o(i.__ARM_clz)
    __scatterload_copy                       0x08002a63   Thumb Code    14  handlers.o(i.__scatterload_copy)
    __scatterload_null                       0x08002a71   Thumb Code     2  handlers.o(i.__scatterload_null)
    __scatterload_zeroinit                   0x08002a73   Thumb Code    14  handlers.o(i.__scatterload_zeroinit)
    AHBPrescTable                            0x0800332c   Data          64  system_stm32c0xx.o(.rodata.AHBPrescTable)
    APBPrescTable                            0x0800336c   Data          32  system_stm32c0xx.o(.rodata.APBPrescTable)
    UARTPrescTable                           0x0800339c   Data          24  stm32c0xx_hal_uart.o(.rodata.UARTPrescTable)
    Region$$Table$$Base                      0x0800348c   Number         0  anon$$obj.o(Region$$Table)
    Region$$Table$$Limit                     0x080034ac   Number         0  anon$$obj.o(Region$$Table)
    __stdout                                 0x20000000   Data           4  stdout.o(.data)
    SystemCoreClock                          0x20000004   Data           4  system_stm32c0xx.o(.data.SystemCoreClock)
    uwTickFreq                               0x20000008   Data           1  stm32c0xx_hal.o(.data.uwTickFreq)
    uwTickPrio                               0x2000000c   Data           4  stm32c0xx_hal.o(.data.uwTickPrio)
    huart1                                   0x20000010   Data         148  usart.o(.bss.huart1)
    pFlash                                   0x200000a4   Data          24  stm32c0xx_hal_flash.o(.bss.pFlash)
    uwTick                                   0x200000bc   Data           4  stm32c0xx_hal.o(.bss.uwTick)
    __initial_sp                             0x200008c0   Data           0  startup_stm32c011xx.o(STACK)



==============================================================================

Memory Map of the image

  Image Entry point : 0x080000c1

  Load Region LR_IROM1 (Base: 0x08000000, Size: 0x000034c0, Max: 0x00004000, ABSOLUTE)

    Execution Region ER_IROM1 (Exec base: 0x08000000, Load base: 0x08000000, Size: 0x000034ac, Max: 0x00004000, ABSOLUTE)

    Exec Addr    Load Addr    Size         Type   Attr      Idx    E Section Name        Object

    0x08000000   0x08000000   0x000000c0   Data   RO            3    RESET               startup_stm32c011xx.o
    0x080000c0   0x080000c0   0x00000000   Code   RO          725  * .ARM.Collect$$$$00000000  mc_p.l(entry.o)
    0x080000c0   0x080000c0   0x00000004   Code   RO          760    .ARM.Collect$$$$00000001  mc_p.l(entry2.o)
    0x080000c4   0x080000c4   0x00000004   Code   RO          763    .ARM.Collect$$$$00000004  mc_p.l(entry5.o)
    0x080000c8   0x080000c8   0x00000000   Code   RO          765    .ARM.Collect$$$$00000008  mc_p.l(entry7b.o)
    0x080000c8   0x080000c8   0x00000000   Code   RO          767    .ARM.Collect$$$$0000000A  mc_p.l(entry8b.o)
    0x080000c8   0x080000c8   0x00000008   Code   RO          768    .ARM.Collect$$$$0000000B  mc_p.l(entry9a.o)
    0x080000d0   0x080000d0   0x00000000   Code   RO          770    .ARM.Collect$$$$0000000D  mc_p.l(entry10a.o)
    0x080000d0   0x080000d0   0x00000000   Code   RO          772    .ARM.Collect$$$$0000000F  mc_p.l(entry11a.o)
    0x080000d0   0x080000d0   0x00000004   Code   RO          761    .ARM.Collect$$$$00002712  mc_p.l(entry2.o)
    0x080000d4   0x080000d4   0x0000001c   Code   RO            4    .text               startup_stm32c011xx.o
    0x080000f0   0x080000f0   0x0000003e   Code   RO          777    .text               mc_p.l(uidiv_div0.o)
    0x0800012e   0x0800012e   0x00000060   Code   RO          783    .text               mc_p.l(uldiv.o)
    0x0800018e   0x0800018e   0x00000000   Code   RO          785    .text               mc_p.l(iusefp.o)
    0x0800018e   0x0800018e   0x00000002   PAD
    0x08000190   0x08000190   0x00000164   Code   RO          786    .text               mf_p.l(dadd.o)
    0x080002f4   0x080002f4   0x000000d0   Code   RO          788    .text               mf_p.l(dmul.o)
    0x080003c4   0x080003c4   0x000000f0   Code   RO          790    .text               mf_p.l(ddiv.o)
    0x080004b4   0x080004b4   0x00000040   Code   RO          792    .text               mf_p.l(dfixul.o)
    0x080004f4   0x080004f4   0x00000028   Code   RO          794    .text               mf_p.l(cdrcmple.o)
    0x0800051c   0x0800051c   0x00000024   Code   RO          796    .text               mc_p.l(init.o)
    0x08000540   0x08000540   0x00000020   Code   RO          798    .text               mc_p.l(llshl.o)
    0x08000560   0x08000560   0x00000022   Code   RO          800    .text               mc_p.l(llushr.o)
    0x08000582   0x08000582   0x00000026   Code   RO          802    .text               mc_p.l(llsshr.o)
    0x080005a8   0x080005a8   0x000000be   Code   RO          804    .text               mf_p.l(depilogue.o)
    0x08000666   0x08000666   0x00000002   PAD
    0x08000668   0x08000668   0x000000b4   Code   RO           17    .text.Configure_nBOOT_SEL  main.o
    0x0800071c   0x0800071c   0x00000006   Code   RO           19    .text.Error_Handler  main.o
    0x08000722   0x08000722   0x00000002   PAD
    0x08000724   0x08000724   0x0000005c   Code   RO          326    .text.FLASH_OB_GetPCROP1A  stm32c0xx_hal_flash_ex.o
    0x08000780   0x08000780   0x00000048   Code   RO          328    .text.FLASH_OB_GetPCROP1B  stm32c0xx_hal_flash_ex.o
    0x080007c8   0x080007c8   0x0000002c   Code   RO          314    .text.FLASH_OB_GetRDP  stm32c0xx_hal_flash_ex.o
    0x080007f4   0x080007f4   0x00000028   Code   RO          330    .text.FLASH_OB_GetSecMem  stm32c0xx_hal_flash_ex.o
    0x0800081c   0x0800081c   0x00000014   Code   RO          312    .text.FLASH_OB_GetUser  stm32c0xx_hal_flash_ex.o
    0x08000830   0x08000830   0x00000048   Code   RO          324    .text.FLASH_OB_GetWRP  stm32c0xx_hal_flash_ex.o
    0x08000878   0x08000878   0x00000030   Code   RO          310    .text.FLASH_OB_OptrConfig  stm32c0xx_hal_flash_ex.o
    0x080008a8   0x080008a8   0x00000070   Code   RO          316    .text.FLASH_OB_PCROP1AConfig  stm32c0xx_hal_flash_ex.o
    0x08000918   0x08000918   0x00000034   Code   RO          318    .text.FLASH_OB_PCROP1BConfig  stm32c0xx_hal_flash_ex.o
    0x0800094c   0x0800094c   0x00000028   Code   RO          320    .text.FLASH_OB_SecMemConfig  stm32c0xx_hal_flash_ex.o
    0x08000974   0x08000974   0x00000038   Code   RO          308    .text.FLASH_OB_WRPConfig  stm32c0xx_hal_flash_ex.o
    0x080009ac   0x080009ac   0x000000ac   Code   RO          264    .text.FLASH_WaitForLastOperation  stm32c0xx_hal_flash.o
    0x08000a58   0x08000a58   0x00000044   Code   RO           97    .text.HAL_Delay     stm32c0xx_hal.o
    0x08000a9c   0x08000a9c   0x0000006c   Code   RO          322    .text.HAL_FLASHEx_OBGetConfig  stm32c0xx_hal_flash_ex.o
    0x08000b08   0x08000b08   0x00000160   Code   RO          306    .text.HAL_FLASHEx_OBProgram  stm32c0xx_hal_flash_ex.o
    0x08000c68   0x08000c68   0x0000002c   Code   RO          280    .text.HAL_FLASH_Lock  stm32c0xx_hal_flash.o
    0x08000c94   0x08000c94   0x00000010   Code   RO          286    .text.HAL_FLASH_OB_Launch  stm32c0xx_hal_flash.o
    0x08000ca4   0x08000ca4   0x0000002c   Code   RO          284    .text.HAL_FLASH_OB_Lock  stm32c0xx_hal_flash.o
    0x08000cd0   0x08000cd0   0x00000048   Code   RO          282    .text.HAL_FLASH_OB_Unlock  stm32c0xx_hal_flash.o
    0x08000d18   0x08000d18   0x0000004c   Code   RO          278    .text.HAL_FLASH_Unlock  stm32c0xx_hal_flash.o
    0x08000d64   0x08000d64   0x000002e0   Code   RO          351    .text.HAL_GPIO_Init  stm32c0xx_hal_gpio.o
    0x08001044   0x08001044   0x0000002c   Code   RO          357    .text.HAL_GPIO_WritePin  stm32c0xx_hal_gpio.o
    0x08001070   0x08001070   0x00000008   Code   RO           89    .text.HAL_GetTick   stm32c0xx_hal.o
    0x08001078   0x08001078   0x00000014   Code   RO           87    .text.HAL_IncTick   stm32c0xx_hal.o
    0x0800108c   0x0800108c   0x0000002c   Code   RO           77    .text.HAL_Init      stm32c0xx_hal.o
    0x080010b8   0x080010b8   0x00000084   Code   RO           79    .text.HAL_InitTick  stm32c0xx_hal.o
    0x0800113c   0x0800113c   0x00000038   Code   RO           69    .text.HAL_MspInit   stm32c0xx_hal_msp.o
    0x08001174   0x08001174   0x0000001c   Code   RO          145    .text.HAL_NVIC_SetPriority  stm32c0xx_hal_cortex.o
    0x08001190   0x08001190   0x000001b8   Code   RO          245    .text.HAL_RCCEx_PeriphCLKConfig  stm32c0xx_hal_rcc_ex.o
    0x08001348   0x08001348   0x00000244   Code   RO          208    .text.HAL_RCC_ClockConfig  stm32c0xx_hal_rcc.o
    0x0800158c   0x0800158c   0x00000030   Code   RO          218    .text.HAL_RCC_GetHCLKFreq  stm32c0xx_hal_rcc.o
    0x080015bc   0x080015bc   0x00000024   Code   RO          220    .text.HAL_RCC_GetPCLK1Freq  stm32c0xx_hal_rcc.o
    0x080015e0   0x080015e0   0x000000ac   Code   RO          210    .text.HAL_RCC_GetSysClockFreq  stm32c0xx_hal_rcc.o
    0x0800168c   0x0800168c   0x00000428   Code   RO          206    .text.HAL_RCC_OscConfig  stm32c0xx_hal_rcc.o
    0x08001ab4   0x08001ab4   0x00000010   Code   RO          161    .text.HAL_SYSTICK_Config  stm32c0xx_hal_cortex.o
    0x08001ac4   0x08001ac4   0x0000007a   Code   RO          689    .text.HAL_UARTEx_DisableFifoMode  stm32c0xx_hal_uart_ex.o
    0x08001b3e   0x08001b3e   0x00000090   Code   RO          693    .text.HAL_UARTEx_SetRxFifoThreshold  stm32c0xx_hal_uart_ex.o
    0x08001bce   0x08001bce   0x00000090   Code   RO          691    .text.HAL_UARTEx_SetTxFifoThreshold  stm32c0xx_hal_uart_ex.o
    0x08001c5e   0x08001c5e   0x000000b4   Code   RO          519    .text.HAL_UART_Init  stm32c0xx_hal_uart.o
    0x08001d12   0x08001d12   0x00000002   PAD
    0x08001d14   0x08001d14   0x0000009c   Code   RO           40    .text.HAL_UART_MspInit  usart.o
    0x08001db0   0x08001db0   0x00000170   Code   RO          539    .text.HAL_UART_Transmit  stm32c0xx_hal_uart.o
    0x08001f20   0x08001f20   0x00000004   Code   RO           54    .text.HardFault_Handler  stm32c0xx_it.o
    0x08001f24   0x08001f24   0x00000058   Code   RO           30    .text.MX_GPIO_Init  gpio.o
    0x08001f7c   0x08001f7c   0x00000080   Code   RO           38    .text.MX_USART1_UART_Init  usart.o
    0x08001ffc   0x08001ffc   0x00000004   Code   RO           52    .text.NMI_Handler   stm32c0xx_it.o
    0x08002000   0x08002000   0x00000002   Code   RO           58    .text.PendSV_Handler  stm32c0xx_it.o
    0x08002002   0x08002002   0x00000002   Code   RO           56    .text.SVC_Handler   stm32c0xx_it.o
    0x08002004   0x08002004   0x00000050   Code   RO          163    .text.SysTick_Config  stm32c0xx_hal_cortex.o
    0x08002054   0x08002054   0x00000008   Code   RO           60    .text.SysTick_Handler  stm32c0xx_it.o
    0x0800205c   0x0800205c   0x00000068   Code   RO           15    .text.SystemClock_Config  main.o
    0x080020c4   0x080020c4   0x00000010   Code   RO          712    .text.SystemInit    system_stm32c0xx.o
    0x080020d4   0x080020d4   0x00000094   Code   RO          687    .text.UARTEx_SetNbDataToProcess  stm32c0xx_hal_uart_ex.o
    0x08002168   0x08002168   0x0000015a   Code   RO          523    .text.UART_AdvFeatureConfig  stm32c0xx_hal_uart.o
    0x080022c2   0x080022c2   0x00000002   PAD
    0x080022c4   0x080022c4   0x00000160   Code   RO          527    .text.UART_CheckIdleState  stm32c0xx_hal_uart.o
    0x08002424   0x08002424   0x000000b8   Code   RO          579    .text.UART_EndRxTransfer  stm32c0xx_hal_uart.o
    0x080024dc   0x080024dc   0x000002f0   Code   RO          525    .text.UART_SetConfig  stm32c0xx_hal_uart.o
    0x080027cc   0x080027cc   0x00000108   Code   RO          541    .text.UART_WaitOnFlagUntilTimeout  stm32c0xx_hal_uart.o
    0x080028d4   0x080028d4   0x00000084   Code   RO          147    .text.__NVIC_SetPriority  stm32c0xx_hal_cortex.o
    0x08002958   0x08002958   0x00000024   Code   RO           11    .text.fputc         main.o
    0x0800297c   0x0800297c   0x00000098   Code   RO           13    .text.main          main.o
    0x08002a14   0x08002a14   0x00000020   Code   RO          733    i.__0printf         mc_p.l(printfa.o)
    0x08002a34   0x08002a34   0x0000002e   Code   RO          806    i.__ARM_clz         mf_p.l(depilogue.o)
    0x08002a62   0x08002a62   0x0000000e   Code   RO          810    i.__scatterload_copy  mc_p.l(handlers.o)
    0x08002a70   0x08002a70   0x00000002   Code   RO          811    i.__scatterload_null  mc_p.l(handlers.o)
    0x08002a72   0x08002a72   0x0000000e   Code   RO          812    i.__scatterload_zeroinit  mc_p.l(handlers.o)
    0x08002a80   0x08002a80   0x00000174   Code   RO          740    i._fp_digits        mc_p.l(printfa.o)
    0x08002bf4   0x08002bf4   0x000006ec   Code   RO          741    i._printf_core      mc_p.l(printfa.o)
    0x080032e0   0x080032e0   0x00000020   Code   RO          742    i._printf_post_padding  mc_p.l(printfa.o)
    0x08003300   0x08003300   0x0000002c   Code   RO          743    i._printf_pre_padding  mc_p.l(printfa.o)
    0x0800332c   0x0800332c   0x00000040   Data   RO          717    .rodata.AHBPrescTable  system_stm32c0xx.o
    0x0800336c   0x0800336c   0x00000020   Data   RO          718    .rodata.APBPrescTable  system_stm32c0xx.o
    0x0800338c   0x0800338c   0x00000008   Data   RO          704    .rodata.UARTEx_SetNbDataToProcess.denominator  stm32c0xx_hal_uart_ex.o
    0x08003394   0x08003394   0x00000008   Data   RO          703    .rodata.UARTEx_SetNbDataToProcess.numerator  stm32c0xx_hal_uart_ex.o
    0x0800339c   0x0800339c   0x00000018   Data   RO          659    .rodata.UARTPrescTable  stm32c0xx_hal_uart.o
    0x080033b4   0x080033b4   0x000000d7   Data   RO           21    .rodata.str1.1      main.o
    0x0800348b   0x0800348b   0x00000001   PAD
    0x0800348c   0x0800348c   0x00000020   Data   RO          809    Region$$Table       anon$$obj.o


    Execution Region RW_IRAM1 (Exec base: 0x20000000, Load base: 0x080034b0, Size: 0x000008c0, Max: 0x00001800, ABSOLUTE)

    Exec Addr    Load Addr    Size         Type   Attr      Idx    E Section Name        Object

    0x20000000   0x080034b0   0x00000004   Data   RW          774    .data               mc_p.l(stdout.o)
    0x20000004   0x080034b4   0x00000004   Data   RW          716    .data.SystemCoreClock  system_stm32c0xx.o
    0x20000008   0x080034b8   0x00000001   Data   RW          136    .data.uwTickFreq    stm32c0xx_hal.o
    0x20000009   0x080034b9   0x00000003   PAD
    0x2000000c   0x080034bc   0x00000004   Data   RW          135    .data.uwTickPrio    stm32c0xx_hal.o
    0x20000010        -       0x00000094   Zero   RW           44    .bss.huart1         usart.o
    0x200000a4        -       0x00000018   Zero   RW          290    .bss.pFlash         stm32c0xx_hal_flash.o
    0x200000bc        -       0x00000004   Zero   RW          137    .bss.uwTick         stm32c0xx_hal.o
    0x200000c0        -       0x00000800   Zero   RW            1    STACK               startup_stm32c011xx.o


==============================================================================

Image component sizes


      Code (inc. data)   RO Data    RW Data    ZI Data      Debug   Object Name

        88          4          0          0          0       1856   gpio.o
       478         36        215          0          0       3151   main.o
        28          8        192          0       2048        600   startup_stm32c011xx.o
       272         20          0          5          4       6223   stm32c0xx_hal.o
       256         20          0          0          0       6249   stm32c0xx_hal_cortex.o
       424         36          0          0         24       4901   stm32c0xx_hal_flash.o
      1108         52          0          0          0       6544   stm32c0xx_hal_flash_ex.o
       780         32          0          0          0       4615   stm32c0xx_hal_gpio.o
        56          4          0          0          0       1287   stm32c0xx_hal_msp.o
      1900         88          0          0          0       7456   stm32c0xx_hal_rcc.o
       440          8          0          0          0       4330   stm32c0xx_hal_rcc_ex.o
      2446        132         24          0          0      41008   stm32c0xx_hal_uart.o
       558          8         16          0          0       9727   stm32c0xx_hal_uart_ex.o
        20          0          0          0          0        692   stm32c0xx_it.o
        16          4         96          4          0       1956   system_stm32c0xx.o
       284         12          0          0        148       5692   usart.o

    ----------------------------------------------------------------------
      9160        464        576         12       2224     106287   Object Totals
         0          0         32          0          0          0   (incl. Generated)
         6          0          1          3          0          0   (incl. Padding)

    ----------------------------------------------------------------------

      Code (inc. data)   RO Data    RW Data    ZI Data      Debug   Library Member Name

         0          0          0          0          0          0   entry.o
         0          0          0          0          0          0   entry10a.o
         0          0          0          0          0          0   entry11a.o
         8          4          0          0          0          0   entry2.o
         4          0          0          0          0          0   entry5.o
         0          0          0          0          0          0   entry7b.o
         0          0          0          0          0          0   entry8b.o
         8          4          0          0          0          0   entry9a.o
        30          0          0          0          0          0   handlers.o
        36          8          0          0          0         68   init.o
         0          0          0          0          0          0   iusefp.o
        32          0          0          0          0         68   llshl.o
        38          0          0          0          0         68   llsshr.o
        34          0          0          0          0         68   llushr.o
      2252         98          0          0          0        412   printfa.o
         0          0          0          4          0          0   stdout.o
        62          0          0          0          0         72   uidiv_div0.o
        96          0          0          0          0         84   uldiv.o
        40          2          0          0          0         68   cdrcmple.o
       356          4          0          0          0        140   dadd.o
       240          6          0          0          0         84   ddiv.o
       236          0          0          0          0        216   depilogue.o
        64         10          0          0          0         68   dfixul.o
       208          6          0          0          0         88   dmul.o

    ----------------------------------------------------------------------
      3748        142          0          4          0       1504   Library Totals
         4          0          0          0          0          0   (incl. Padding)

    ----------------------------------------------------------------------

      Code (inc. data)   RO Data    RW Data    ZI Data      Debug   Library Name

      2600        114          0          4          0        840   mc_p.l
      1144         28          0          0          0        664   mf_p.l

    ----------------------------------------------------------------------
      3748        142          0          4          0       1504   Library Totals

    ----------------------------------------------------------------------

==============================================================================


      Code (inc. data)   RO Data    RW Data    ZI Data      Debug   

     12908        606        576         16       2224     106951   Grand Totals
     12908        606        576         16       2224     106951   ELF Image Totals
     12908        606        576         16          0          0   ROM Totals

==============================================================================

    Total RO  Size (Code + RO Data)                13484 (  13.17kB)
    Total RW  Size (RW Data + ZI Data)              2240 (   2.19kB)
    Total ROM Size (Code + RO Data + RW Data)      13500 (  13.18kB)

==============================================================================

