Component: Arm Compiler for Embedded 6.18 Tool: armlink [5e4cc100]

==============================================================================

Section Cross References

    startup_stm32c011xx.o(RESET) refers to startup_stm32c011xx.o(STACK) for __initial_sp
    startup_stm32c011xx.o(RESET) refers to startup_stm32c011xx.o(.text) for Reset_Handler
    startup_stm32c011xx.o(RESET) refers to stm32c0xx_it.o(.text.NMI_Handler) for NMI_Handler
    startup_stm32c011xx.o(RESET) refers to stm32c0xx_it.o(.text.HardFault_Handler) for HardFault_Handler
    startup_stm32c011xx.o(RESET) refers to stm32c0xx_it.o(.text.SVC_Handler) for SVC_Handler
    startup_stm32c011xx.o(RESET) refers to stm32c0xx_it.o(.text.PendSV_Handler) for PendSV_Handler
    startup_stm32c011xx.o(RESET) refers to stm32c0xx_it.o(.text.SysTick_Handler) for SysTick_Handler
    startup_stm32c011xx.o(.text) refers to system_stm32c0xx.o(.text.SystemInit) for SystemInit
    startup_stm32c011xx.o(.text) refers to entry.o(.ARM.Collect$$$$00000000) for __main
    main.o(.text.fputc) refers to stm32c0xx_hal_uart.o(.text.HAL_UART_Transmit) for HAL_UART_Transmit
    main.o(.text.fputc) refers to usart.o(.bss.huart1) for huart1
    main.o(.ARM.exidx.text.fputc) refers to main.o(.text.fputc) for [Anonymous Symbol]
    main.o(.text.main) refers to stm32c0xx_hal.o(.text.HAL_Init) for HAL_Init
    main.o(.text.main) refers to stm32c0xx_hal_rcc.o(.text.HAL_RCC_OscConfig) for HAL_RCC_OscConfig
    main.o(.text.main) refers to stm32c0xx_hal_rcc.o(.text.HAL_RCC_ClockConfig) for HAL_RCC_ClockConfig
    main.o(.text.main) refers to gpio.o(.text.MX_GPIO_Init) for MX_GPIO_Init
    main.o(.text.main) refers to usart.o(.text.MX_USART1_UART_Init) for MX_USART1_UART_Init
    main.o(.text.main) refers to puts.o(i.puts) for puts
    main.o(.text.main) refers to main.o(.text.WriteFlashTest) for WriteFlashTest
    main.o(.text.main) refers to printf8.o(i.__0printf$8) for __2printf
    main.o(.text.main) refers to main.o(.data..L_MergedGlobals) for [Anonymous Symbol]
    main.o(.text.main) refers to main.o(.rodata.str1.1) for [Anonymous Symbol]
    main.o(.ARM.exidx.text.main) refers to main.o(.text.main) for [Anonymous Symbol]
    main.o(.text.SystemClock_Config) refers to stm32c0xx_hal_rcc.o(.text.HAL_RCC_OscConfig) for HAL_RCC_OscConfig
    main.o(.text.SystemClock_Config) refers to stm32c0xx_hal_rcc.o(.text.HAL_RCC_ClockConfig) for HAL_RCC_ClockConfig
    main.o(.ARM.exidx.text.SystemClock_Config) refers to main.o(.text.SystemClock_Config) for [Anonymous Symbol]
    main.o(.text.WriteFlashTest) refers to stm32c0xx_hal_flash.o(.text.HAL_FLASH_Unlock) for HAL_FLASH_Unlock
    main.o(.text.WriteFlashTest) refers to puts.o(i.puts) for puts
    main.o(.text.WriteFlashTest) refers to stm32c0xx_hal_flash_ex.o(.text.HAL_FLASHEx_Erase) for HAL_FLASHEx_Erase
    main.o(.text.WriteFlashTest) refers to printf8.o(i.__0printf$8) for __2printf
    main.o(.text.WriteFlashTest) refers to stm32c0xx_hal_flash.o(.text.HAL_FLASH_Lock) for HAL_FLASH_Lock
    main.o(.text.WriteFlashTest) refers to stm32c0xx_hal_flash.o(.text.HAL_FLASH_Program) for HAL_FLASH_Program
    main.o(.text.WriteFlashTest) refers to main.o(.rodata.str1.1) for [Anonymous Symbol]
    main.o(.ARM.exidx.text.WriteFlashTest) refers to main.o(.text.WriteFlashTest) for [Anonymous Symbol]
    main.o(.text.PrintFlashTest) refers to printf8.o(i.__0printf$8) for __2printf
    main.o(.text.PrintFlashTest) refers to puts.o(i.puts) for puts
    main.o(.text.PrintFlashTest) refers to main.o(.rodata.str1.1) for [Anonymous Symbol]
    main.o(.ARM.exidx.text.PrintFlashTest) refers to main.o(.text.PrintFlashTest) for [Anonymous Symbol]
    main.o(.ARM.exidx.text.Error_Handler) refers to main.o(.text.Error_Handler) for [Anonymous Symbol]
    gpio.o(.text.MX_GPIO_Init) refers to stm32c0xx_hal_gpio.o(.text.HAL_GPIO_WritePin) for HAL_GPIO_WritePin
    gpio.o(.text.MX_GPIO_Init) refers to stm32c0xx_hal_gpio.o(.text.HAL_GPIO_Init) for HAL_GPIO_Init
    gpio.o(.ARM.exidx.text.MX_GPIO_Init) refers to gpio.o(.text.MX_GPIO_Init) for [Anonymous Symbol]
    usart.o(.text.MX_USART1_UART_Init) refers to stm32c0xx_hal_uart.o(.text.HAL_UART_Init) for HAL_UART_Init
    usart.o(.text.MX_USART1_UART_Init) refers to main.o(.text.Error_Handler) for Error_Handler
    usart.o(.text.MX_USART1_UART_Init) refers to stm32c0xx_hal_uart_ex.o(.text.HAL_UARTEx_SetTxFifoThreshold) for HAL_UARTEx_SetTxFifoThreshold
    usart.o(.text.MX_USART1_UART_Init) refers to stm32c0xx_hal_uart_ex.o(.text.HAL_UARTEx_SetRxFifoThreshold) for HAL_UARTEx_SetRxFifoThreshold
    usart.o(.text.MX_USART1_UART_Init) refers to stm32c0xx_hal_uart_ex.o(.text.HAL_UARTEx_DisableFifoMode) for HAL_UARTEx_DisableFifoMode
    usart.o(.text.MX_USART1_UART_Init) refers to usart.o(.bss.huart1) for huart1
    usart.o(.ARM.exidx.text.MX_USART1_UART_Init) refers to usart.o(.text.MX_USART1_UART_Init) for [Anonymous Symbol]
[...]
    entry9a.o(.ARM.Collect$$$$0000000B) refers to main.o(.text.main) for main
    entry9b.o(.ARM.Collect$$$$0000000C) refers to main.o(.text.main) for main
    idiv_div0.o(.text) refers to uidiv_div0.o(.text) for __aeabi_uidivmod
    uldiv.o(.text) refers to llushr.o(.text) for __aeabi_llsr
    uldiv.o(.text) refers to llshl.o(.text) for __aeabi_llsl
    dadd.o(.text) refers (Special) to iusefp.o(.text) for __I$use$fp
    dadd.o(.text) refers to llshl.o(.text) for __aeabi_llsl
    dadd.o(.text) refers to llsshr.o(.text) for __aeabi_lasr
    dadd.o(.text) refers to depilogue.o(.text) for _double_epilogue
    dmul.o(.text) refers (Special) to iusefp.o(.text) for __I$use$fp
    dmul.o(.text) refers to depilogue.o(.text) for _double_epilogue
    ddiv.o(.text) refers (Special) to iusefp.o(.text) for __I$use$fp
    ddiv.o(.text) refers to depilogue.o(.text) for _double_round
    dfixul.o(.text) refers (Special) to iusefp.o(.text) for __I$use$fp
    dfixul.o(.text) refers to llushr.o(.text) for __aeabi_llsr
    dfixul.o(.text) refers to llshl.o(.text) for __aeabi_llsl
    cdrcmple.o(.text) refers (Special) to iusefp.o(.text) for __I$use$fp
    init.o(.text) refers to entry5.o(.ARM.Collect$$$$00000004) for __main_after_scatterload
    depilogue.o(.text) refers (Special) to iusefp.o(.text) for __I$use$fp
    depilogue.o(.text) refers to depilogue.o(i.__ARM_clz) for __ARM_clz
    depilogue.o(.text) refers to llshl.o(.text) for __aeabi_llsl
    depilogue.o(.text) refers to llushr.o(.text) for __aeabi_llsr
    depilogue.o(i.__ARM_clz) refers (Special) to iusefp.o(.text) for __I$use$fp


==============================================================================

Removing Unused input sections from the image.

    Removing startup_stm32c011xx.o(HEAP), (1024 bytes).
    Removing main.o(.text), (0 bytes).
    Removing main.o(.ARM.exidx.text.fputc), (8 bytes).
    Removing main.o(.ARM.exidx.text.main), (8 bytes).
    Removing main.o(.text.SystemClock_Config), (78 bytes).
    Removing main.o(.ARM.exidx.text.SystemClock_Config), (8 bytes).
    Removing main.o(.ARM.exidx.text.WriteFlashTest), (8 bytes).
    Removing main.o(.text.PrintFlashTest), (56 bytes).
    Removing main.o(.ARM.exidx.text.PrintFlashTest), (8 bytes).
    Removing main.o(.ARM.exidx.text.Error_Handler), (8 bytes).
    Removing main.o(.ARM.use_no_argv), (4 bytes).
    Removing gpio.o(.text), (0 bytes).
    Removing gpio.o(.ARM.exidx.text.MX_GPIO_Init), (8 bytes).
    Removing usart.o(.text), (0 bytes).
    Removing usart.o(.ARM.exidx.text.MX_USART1_UART_Init), (8 bytes).
    Removing usart.o(.ARM.exidx.text.HAL_UART_MspInit), (8 bytes).
    Removing usart.o(.text.HAL_UART_MspDeInit), (44 bytes).
    Removing usart.o(.ARM.exidx.text.HAL_UART_MspDeInit), (8 bytes).
    Removing stm32c0xx_it.o(.text), (0 bytes).
    Removing stm32c0xx_it.o(.ARM.exidx.text.NMI_Handler), (8 bytes).
    Removing stm32c0xx_it.o(.ARM.exidx.text.HardFault_Handler), (8 bytes).
    Removing stm32c0xx_it.o(.ARM.exidx.text.SVC_Handler), (8 bytes).
    Removing stm32c0xx_it.o(.ARM.exidx.text.PendSV_Handler), (8 bytes).
    Removing stm32c0xx_it.o(.ARM.exidx.text.SysTick_Handler), (8 bytes).
    Removing stm32c0xx_hal_msp.o(.text), (0 bytes).
    Removing stm32c0xx_hal_msp.o(.ARM.exidx.text.HAL_MspInit), (8 bytes).
    Removing stm32c0xx_hal.o(.text), (0 bytes).
    Removing stm32c0xx_hal.o(.ARM.exidx.text.HAL_Init), (8 bytes).
    Removing stm32c0xx_hal.o(.ARM.exidx.text.HAL_InitTick), (8 bytes).
    Removing stm32c0xx_hal.o(.text.HAL_MspInit), (2 bytes).
    Removing stm32c0xx_hal.o(.ARM.exidx.text.HAL_MspInit), (8 bytes).
    Removing stm32c0xx_hal.o(.text.HAL_DeInit), (36 bytes).
    Removing stm32c0xx_hal.o(.ARM.exidx.text.HAL_DeInit), (8 bytes).
    Removing stm32c0xx_hal.o(.text.HAL_MspDeInit), (2 bytes).
    Removing stm32c0xx_hal.o(.ARM.exidx.text.HAL_MspDeInit), (8 bytes).
    Removing stm32c0xx_hal.o(.ARM.exidx.text.HAL_IncTick), (8 bytes).
    Removing stm32c0xx_hal.o(.ARM.exidx.text.HAL_GetTick), (8 bytes).
    Removing stm32c0xx_hal.o(.text.HAL_GetTickPrio), (12 bytes).
    Removing stm32c0xx_hal.o(.ARM.exidx.text.HAL_GetTickPrio), (8 bytes).
    Removing stm32c0xx_hal.o(.text.HAL_SetTickFreq), (40 bytes).
    Removing stm32c0xx_hal.o(.ARM.exidx.text.HAL_SetTickFreq), (8 bytes).
    Removing stm32c0xx_hal.o(.text.HAL_GetTickFreq), (12 bytes).
    Removing stm32c0xx_hal.o(.ARM.exidx.text.HAL_GetTickFreq), (8 bytes).
    Removing stm32c0xx_hal.o(.text.HAL_Delay), (36 bytes).
    Removing stm32c0xx_hal.o(.ARM.exidx.text.HAL_Delay), (8 bytes).
    Removing stm32c0xx_hal.o(.text.HAL_SuspendTick), (16 bytes).
    Removing stm32c0xx_hal.o(.ARM.exidx.text.HAL_SuspendTick), (8 bytes).
    Removing stm32c0xx_hal.o(.text.HAL_ResumeTick), (16 bytes).
    Removing stm32c0xx_hal.o(.ARM.exidx.text.HAL_ResumeTick), (8 bytes).
    Removing stm32c0xx_hal.o(.text.HAL_GetHalVersion), (6 bytes).
    Removing stm32c0xx_hal.o(.ARM.exidx.text.HAL_GetHalVersion), (8 bytes).
    Removing stm32c0xx_hal.o(.text.HAL_GetREVID), (12 bytes).
    Removing stm32c0xx_hal.o(.ARM.exidx.text.HAL_GetREVID), (8 bytes).
    Removing stm32c0xx_hal.o(.text.HAL_GetDEVID), (20 bytes).
    Removing stm32c0xx_hal.o(.ARM.exidx.text.HAL_GetDEVID), (8 bytes).
    Removing stm32c0xx_hal.o(.text.HAL_GetUIDw0), (12 bytes).
    Removing stm32c0xx_hal.o(.ARM.exidx.text.HAL_GetUIDw0), (8 bytes).
    Removing stm32c0xx_hal.o(.text.HAL_GetUIDw1), (12 bytes).
    Removing stm32c0xx_hal.o(.ARM.exidx.text.HAL_GetUIDw1), (8 bytes).
    Removing stm32c0xx_hal.o(.text.HAL_GetUIDw2), (12 bytes).
    Removing stm32c0xx_hal.o(.ARM.exidx.text.HAL_GetUIDw2), (8 bytes).
    Removing stm32c0xx_hal.o(.text.HAL_DBGMCU_EnableDBGStopMode), (16 bytes).
    Removing stm32c0xx_hal.o(.ARM.exidx.text.HAL_DBGMCU_EnableDBGStopMode), (8 bytes).
    Removing stm32c0xx_hal.o(.text.HAL_DBGMCU_DisableDBGStopMode), (16 bytes).
    Removing stm32c0xx_hal.o(.ARM.exidx.text.HAL_DBGMCU_DisableDBGStopMode), (8 bytes).
    Removing stm32c0xx_hal.o(.text.HAL_DBGMCU_EnableDBGStandbyMode), (16 bytes).
    Removing stm32c0xx_hal.o(.ARM.exidx.text.HAL_DBGMCU_EnableDBGStandbyMode), (8 bytes).
    Removing stm32c0xx_hal.o(.text.HAL_DBGMCU_DisableDBGStandbyMode), (16 bytes).
    Removing stm32c0xx_hal.o(.ARM.exidx.text.HAL_DBGMCU_DisableDBGStandbyMode), (8 bytes).
    Removing stm32c0xx_hal.o(.text.HAL_SYSCFG_EnableRemap), (16 bytes).
    Removing stm32c0xx_hal.o(.ARM.exidx.text.HAL_SYSCFG_EnableRemap), (8 bytes).
    Removing stm32c0xx_hal.o(.text.HAL_SYSCFG_DisableRemap), (16 bytes).
    Removing stm32c0xx_hal.o(.ARM.exidx.text.HAL_SYSCFG_DisableRemap), (8 bytes).
    Removing stm32c0xx_hal.o(.text.HAL_SYSCFG_SetPinBinding), (20 bytes).
    Removing stm32c0xx_hal.o(.ARM.exidx.text.HAL_SYSCFG_SetPinBinding), (8 bytes).
    Removing stm32c0xx_hal.o(.text.HAL_SYSCFG_GetPinBinding), (16 bytes).
    Removing stm32c0xx_hal.o(.ARM.exidx.text.HAL_SYSCFG_GetPinBinding), (8 bytes).
    Removing stm32c0xx_hal_cortex.o(.text), (0 bytes).
    Removing stm32c0xx_hal_cortex.o(.ARM.exidx.text.HAL_NVIC_SetPriority), (8 bytes).
    Removing stm32c0xx_hal_cortex.o(.text.HAL_NVIC_EnableIRQ), (24 bytes).
    Removing stm32c0xx_hal_cortex.o(.ARM.exidx.text.HAL_NVIC_EnableIRQ), (8 bytes).
    Removing stm32c0xx_hal_cortex.o(.text.HAL_NVIC_DisableIRQ), (32 bytes).
    Removing stm32c0xx_hal_cortex.o(.ARM.exidx.text.HAL_NVIC_DisableIRQ), (8 bytes).
    Removing stm32c0xx_hal_cortex.o(.text.HAL_NVIC_SystemReset), (32 bytes).
    Removing stm32c0xx_hal_cortex.o(.ARM.exidx.text.HAL_NVIC_SystemReset), (8 bytes).
    Removing stm32c0xx_hal_cortex.o(.ARM.exidx.text.HAL_SYSTICK_Config), (8 bytes).
    Removing stm32c0xx_hal_cortex.o(.text.HAL_NVIC_GetPriority), (52 bytes).
    Removing stm32c0xx_hal_cortex.o(.ARM.exidx.text.HAL_NVIC_GetPriority), (8 bytes).
    Removing stm32c0xx_hal_cortex.o(.text.HAL_NVIC_SetPendingIRQ), (24 bytes).
    Removing stm32c0xx_hal_cortex.o(.ARM.exidx.text.HAL_NVIC_SetPendingIRQ), (8 bytes).
    Removing stm32c0xx_hal_cortex.o(.text.HAL_NVIC_GetPendingIRQ), (28 bytes).
    Removing stm32c0xx_hal_cortex.o(.ARM.exidx.text.HAL_NVIC_GetPendingIRQ), (8 bytes).
    Removing stm32c0xx_hal_cortex.o(.text.HAL_NVIC_ClearPendingIRQ), (24 bytes).
    Removing stm32c0xx_hal_cortex.o(.ARM.exidx.text.HAL_NVIC_ClearPendingIRQ), (8 bytes).
    Removing stm32c0xx_hal_cortex.o(.text.HAL_SYSTICK_CLKSourceConfig), (28 bytes).
    Removing stm32c0xx_hal_cortex.o(.ARM.exidx.text.HAL_SYSTICK_CLKSourceConfig), (8 bytes).
    Removing stm32c0xx_hal_cortex.o(.text.HAL_SYSTICK_IRQHandler), (8 bytes).
    Removing stm32c0xx_hal_cortex.o(.ARM.exidx.text.HAL_SYSTICK_IRQHandler), (8 bytes).
    Removing stm32c0xx_hal_cortex.o(.text.HAL_SYSTICK_Callback), (2 bytes).
    Removing stm32c0xx_hal_cortex.o(.ARM.exidx.text.HAL_SYSTICK_Callback), (8 bytes).
    Removing stm32c0xx_hal_cortex.o(.text.HAL_MPU_Enable), (24 bytes).
    Removing stm32c0xx_hal_cortex.o(.ARM.exidx.text.HAL_MPU_Enable), (8 bytes).
    Removing stm32c0xx_hal_cortex.o(.text.HAL_MPU_Disable), (16 bytes).
    Removing stm32c0xx_hal_cortex.o(.ARM.exidx.text.HAL_MPU_Disable), (8 bytes).
    Removing stm32c0xx_hal_cortex.o(.text.HAL_MPU_EnableRegion), (24 bytes).
    Removing stm32c0xx_hal_cortex.o(.ARM.exidx.text.HAL_MPU_EnableRegion), (8 bytes).
    Removing stm32c0xx_hal_cortex.o(.text.HAL_MPU_DisableRegion), (24 bytes).
    Removing stm32c0xx_hal_cortex.o(.ARM.exidx.text.HAL_MPU_DisableRegion), (8 bytes).
    Removing stm32c0xx_hal_cortex.o(.text.HAL_MPU_ConfigRegion), (84 bytes).
    Removing stm32c0xx_hal_cortex.o(.ARM.exidx.text.HAL_MPU_ConfigRegion), (8 bytes).
    Removing stm32c0xx_hal_rcc.o(.text), (0 bytes).
    Removing stm32c0xx_hal_rcc.o(.text.HAL_RCC_DeInit), (184 bytes).
    Removing stm32c0xx_hal_rcc.o(.ARM.exidx.text.HAL_RCC_DeInit), (8 bytes).
    Removing stm32c0xx_hal_rcc.o(.ARM.exidx.text.HAL_RCC_OscConfig), (8 bytes).
    Removing stm32c0xx_hal_rcc.o(.ARM.exidx.text.HAL_RCC_ClockConfig), (8 bytes).
    Removing stm32c0xx_hal_rcc.o(.ARM.exidx.text.HAL_RCC_GetSysClockFreq), (8 bytes).
    Removing stm32c0xx_hal_rcc.o(.text.HAL_RCC_MCOConfig), (100 bytes).
    Removing stm32c0xx_hal_rcc.o(.ARM.exidx.text.HAL_RCC_MCOConfig), (8 bytes).
    Removing stm32c0xx_hal_rcc.o(.text.HAL_RCC_GetHCLKFreq), (128 bytes).
    Removing stm32c0xx_hal_rcc.o(.ARM.exidx.text.HAL_RCC_GetHCLKFreq), (8 bytes).
    Removing stm32c0xx_hal_rcc.o(.ARM.exidx.text.HAL_RCC_GetPCLK1Freq), (8 bytes).
    Removing stm32c0xx_hal_rcc.o(.text.HAL_RCC_GetOscConfig), (60 bytes).
    Removing stm32c0xx_hal_rcc.o(.ARM.exidx.text.HAL_RCC_GetOscConfig), (8 bytes).
    Removing stm32c0xx_hal_rcc.o(.text.HAL_RCC_GetClockConfig), (64 bytes).
    Removing stm32c0xx_hal_rcc.o(.ARM.exidx.text.HAL_RCC_GetClockConfig), (8 bytes).
    Removing stm32c0xx_hal_rcc.o(.text.HAL_RCC_EnableCSS), (20 bytes).
    Removing stm32c0xx_hal_rcc.o(.ARM.exidx.text.HAL_RCC_EnableCSS), (8 bytes).
    Removing stm32c0xx_hal_rcc.o(.text.HAL_RCC_EnableLSECSS), (16 bytes).
    Removing stm32c0xx_hal_rcc.o(.ARM.exidx.text.HAL_RCC_EnableLSECSS), (8 bytes).
    Removing stm32c0xx_hal_rcc.o(.text.HAL_RCC_DisableLSECSS), (16 bytes).
    Removing stm32c0xx_hal_rcc.o(.ARM.exidx.text.HAL_RCC_DisableLSECSS), (8 bytes).
    Removing stm32c0xx_hal_rcc.o(.text.HAL_RCC_NMI_IRQHandler), (44 bytes).
    Removing stm32c0xx_hal_rcc.o(.ARM.exidx.text.HAL_RCC_NMI_IRQHandler), (8 bytes).
    Removing stm32c0xx_hal_rcc.o(.text.HAL_RCC_CSSCallback), (2 bytes).
    Removing stm32c0xx_hal_rcc.o(.ARM.exidx.text.HAL_RCC_CSSCallback), (8 bytes).
    Removing stm32c0xx_hal_rcc.o(.text.HAL_RCC_LSECSSCallback), (2 bytes).
    Removing stm32c0xx_hal_rcc.o(.ARM.exidx.text.HAL_RCC_LSECSSCallback), (8 bytes).
    Removing stm32c0xx_hal_rcc_ex.o(.text), (0 bytes).
    Removing stm32c0xx_hal_rcc_ex.o(.ARM.exidx.text.HAL_RCCEx_PeriphCLKConfig), (8 bytes).
    Removing stm32c0xx_hal_rcc_ex.o(.text.HAL_RCCEx_GetPeriphCLKConfig), (64 bytes).
    Removing stm32c0xx_hal_rcc_ex.o(.ARM.exidx.text.HAL_RCCEx_GetPeriphCLKConfig), (8 bytes).
    Removing stm32c0xx_hal_rcc_ex.o(.text.HAL_RCCEx_GetPeriphCLKFreq), (324 bytes).
    Removing stm32c0xx_hal_rcc_ex.o(.ARM.exidx.text.HAL_RCCEx_GetPeriphCLKFreq), (8 bytes).
    Removing stm32c0xx_hal_rcc_ex.o(.text.HAL_RCCEx_EnableLSCO), (72 bytes).
    Removing stm32c0xx_hal_rcc_ex.o(.ARM.exidx.text.HAL_RCCEx_EnableLSCO), (8 bytes).
    Removing stm32c0xx_hal_rcc_ex.o(.text.HAL_RCCEx_DisableLSCO), (20 bytes).
    Removing stm32c0xx_hal_rcc_ex.o(.ARM.exidx.text.HAL_RCCEx_DisableLSCO), (8 bytes).
    Removing stm32c0xx_hal_flash.o(.text), (0 bytes).
    Removing stm32c0xx_hal_flash.o(.ARM.exidx.text.HAL_FLASH_Program), (8 bytes).
    Removing stm32c0xx_hal_flash.o(.ARM.exidx.text.FLASH_WaitForLastOperation), (8 bytes).
    Removing stm32c0xx_hal_flash.o(.text.HAL_FLASH_Program_IT), (336 bytes).
    Removing stm32c0xx_hal_flash.o(.ARM.exidx.text.HAL_FLASH_Program_IT), (8 bytes).
    Removing stm32c0xx_hal_flash.o(.text.HAL_FLASH_IRQHandler), (168 bytes).
    Removing stm32c0xx_hal_flash.o(.ARM.exidx.text.HAL_FLASH_IRQHandler), (8 bytes).
    Removing stm32c0xx_hal_flash.o(.text.HAL_FLASH_OperationErrorCallback), (2 bytes).
    Removing stm32c0xx_hal_flash.o(.ARM.exidx.text.HAL_FLASH_OperationErrorCallback), (8 bytes).
    Removing stm32c0xx_hal_flash.o(.text.HAL_FLASH_EndOfOperationCallback), (2 bytes).
    Removing stm32c0xx_hal_flash.o(.ARM.exidx.text.HAL_FLASH_EndOfOperationCallback), (8 bytes).
    Removing stm32c0xx_hal_flash.o(.ARM.exidx.text.HAL_FLASH_Unlock), (8 bytes).
    Removing stm32c0xx_hal_flash.o(.ARM.exidx.text.HAL_FLASH_Lock), (8 bytes).
    Removing stm32c0xx_hal_flash.o(.text.HAL_FLASH_OB_Unlock), (40 bytes).
    Removing stm32c0xx_hal_flash.o(.ARM.exidx.text.HAL_FLASH_OB_Unlock), (8 bytes).
    Removing stm32c0xx_hal_flash.o(.text.HAL_FLASH_OB_Lock), (24 bytes).
    Removing stm32c0xx_hal_flash.o(.ARM.exidx.text.HAL_FLASH_OB_Lock), (8 bytes).
    Removing stm32c0xx_hal_flash.o(.text.HAL_FLASH_OB_Launch), (20 bytes).
    Removing stm32c0xx_hal_flash.o(.ARM.exidx.text.HAL_FLASH_OB_Launch), (8 bytes).
    Removing stm32c0xx_hal_flash.o(.text.HAL_FLASH_GetError), (12 bytes).
    Removing stm32c0xx_hal_flash.o(.ARM.exidx.text.HAL_FLASH_GetError), (8 bytes).
    Removing stm32c0xx_hal_flash_ex.o(.text), (0 bytes).
    Removing stm32c0xx_hal_flash_ex.o(.ARM.exidx.text.HAL_FLASHEx_Erase), (8 bytes).
    Removing stm32c0xx_hal_flash_ex.o(.text.FLASH_PageErase), (28 bytes).
    Removing stm32c0xx_hal_flash_ex.o(.ARM.exidx.text.FLASH_PageErase), (8 bytes).
    Removing stm32c0xx_hal_flash_ex.o(.text.HAL_FLASHEx_Erase_IT), (120 bytes).
    Removing stm32c0xx_hal_flash_ex.o(.ARM.exidx.text.HAL_FLASHEx_Erase_IT), (8 bytes).
    Removing stm32c0xx_hal_flash_ex.o(.text.HAL_FLASHEx_OBProgram), (356 bytes).
    Removing stm32c0xx_hal_flash_ex.o(.ARM.exidx.text.HAL_FLASHEx_OBProgram), (8 bytes).
    Removing stm32c0xx_hal_flash_ex.o(.text.HAL_FLASHEx_OBGetConfig), (184 bytes).
    Removing stm32c0xx_hal_flash_ex.o(.ARM.exidx.text.HAL_FLASHEx_OBGetConfig), (8 bytes).
    Removing stm32c0xx_hal_flash_ex.o(.text.HAL_FLASHEx_EnableDebugger), (20 bytes).
    Removing stm32c0xx_hal_flash_ex.o(.ARM.exidx.text.HAL_FLASHEx_EnableDebugger), (8 bytes).
    Removing stm32c0xx_hal_flash_ex.o(.text.HAL_FLASHEx_DisableDebugger), (20 bytes).
    Removing stm32c0xx_hal_flash_ex.o(.ARM.exidx.text.HAL_FLASHEx_DisableDebugger), (8 bytes).
    Removing stm32c0xx_hal_flash_ex.o(.text.HAL_FLASHEx_FlashEmptyCheck), (16 bytes).
    Removing stm32c0xx_hal_flash_ex.o(.ARM.exidx.text.HAL_FLASHEx_FlashEmptyCheck), (8 bytes).
    Removing stm32c0xx_hal_flash_ex.o(.text.HAL_FLASHEx_ForceFlashEmpty), (20 bytes).
    Removing stm32c0xx_hal_flash_ex.o(.ARM.exidx.text.HAL_FLASHEx_ForceFlashEmpty), (8 bytes).
    Removing stm32c0xx_hal_flash_ex.o(.text.HAL_FLASHEx_EnableSecMemProtection), (20 bytes).
    Removing stm32c0xx_hal_flash_ex.o(.ARM.exidx.text.HAL_FLASHEx_EnableSecMemProtection), (8 bytes).
    Removing stm32c0xx_hal_flash_ex.o(.text.FLASH_FlushCaches), (44 bytes).
    Removing stm32c0xx_hal_flash_ex.o(.ARM.exidx.text.FLASH_FlushCaches), (8 bytes).
    Removing stm32c0xx_hal_gpio.o(.text), (0 bytes).
    Removing stm32c0xx_hal_gpio.o(.ARM.exidx.text.HAL_GPIO_Init), (8 bytes).
    Removing stm32c0xx_hal_gpio.o(.text.HAL_GPIO_DeInit), (288 bytes).
    Removing stm32c0xx_hal_gpio.o(.ARM.exidx.text.HAL_GPIO_DeInit), (8 bytes).
    Removing stm32c0xx_hal_gpio.o(.text.HAL_GPIO_ReadPin), (10 bytes).
    Removing stm32c0xx_hal_gpio.o(.ARM.exidx.text.HAL_GPIO_ReadPin), (8 bytes).
    Removing stm32c0xx_hal_gpio.o(.ARM.exidx.text.HAL_GPIO_WritePin), (8 bytes).
    Removing stm32c0xx_hal_gpio.o(.text.HAL_GPIO_WriteMultipleStatePin), (8 bytes).
    Removing stm32c0xx_hal_gpio.o(.ARM.exidx.text.HAL_GPIO_WriteMultipleStatePin), (8 bytes).
    Removing stm32c0xx_hal_gpio.o(.text.HAL_GPIO_TogglePin), (16 bytes).
    Removing stm32c0xx_hal_gpio.o(.ARM.exidx.text.HAL_GPIO_TogglePin), (8 bytes).
    Removing stm32c0xx_hal_gpio.o(.text.HAL_GPIO_LockPin), (40 bytes).
    Removing stm32c0xx_hal_gpio.o(.ARM.exidx.text.HAL_GPIO_LockPin), (8 bytes).
    Removing stm32c0xx_hal_gpio.o(.text.HAL_GPIO_EXTI_IRQHandler), (40 bytes).
    Removing stm32c0xx_hal_gpio.o(.ARM.exidx.text.HAL_GPIO_EXTI_IRQHandler), (8 bytes).
    Removing stm32c0xx_hal_gpio.o(.text.HAL_GPIO_EXTI_Rising_Callback), (2 bytes).
    Removing stm32c0xx_hal_gpio.o(.ARM.exidx.text.HAL_GPIO_EXTI_Rising_Callback), (8 bytes).
    Removing stm32c0xx_hal_gpio.o(.text.HAL_GPIO_EXTI_Falling_Callback), (2 bytes).
    Removing stm32c0xx_hal_gpio.o(.ARM.exidx.text.HAL_GPIO_EXTI_Falling_Callback), (8 bytes).
    Removing stm32c0xx_hal_dma.o(.text), (0 bytes).
    Removing stm32c0xx_hal_dma.o(.text.HAL_DMA_Init), (248 bytes).
    Removing stm32c0xx_hal_dma.o(.ARM.exidx.text.HAL_DMA_Init), (8 bytes).
    Removing stm32c0xx_hal_dma.o(.text.HAL_DMA_DeInit), (180 bytes).
    Removing stm32c0xx_hal_dma.o(.ARM.exidx.text.HAL_DMA_DeInit), (8 bytes).
    Removing stm32c0xx_hal_dma.o(.text.HAL_DMA_Start), (144 bytes).
    Removing stm32c0xx_hal_dma.o(.ARM.exidx.text.HAL_DMA_Start), (8 bytes).
    Removing stm32c0xx_hal_dma.o(.text.HAL_DMA_Start_IT), (204 bytes).
    Removing stm32c0xx_hal_dma.o(.ARM.exidx.text.HAL_DMA_Start_IT), (8 bytes).
    Removing stm32c0xx_hal_dma.o(.text.HAL_DMA_Abort), (120 bytes).
    Removing stm32c0xx_hal_dma.o(.ARM.exidx.text.HAL_DMA_Abort), (8 bytes).
    Removing stm32c0xx_hal_dma.o(.text.HAL_DMA_Abort_IT), (124 bytes).
    Removing stm32c0xx_hal_dma.o(.ARM.exidx.text.HAL_DMA_Abort_IT), (8 bytes).
    Removing stm32c0xx_hal_dma.o(.text.HAL_DMA_PollForTransfer), (388 bytes).
    Removing stm32c0xx_hal_dma.o(.ARM.exidx.text.HAL_DMA_PollForTransfer), (8 bytes).
    Removing stm32c0xx_hal_dma.o(.text.HAL_DMA_IRQHandler), (228 bytes).
    Removing stm32c0xx_hal_dma.o(.ARM.exidx.text.HAL_DMA_IRQHandler), (8 bytes).
    Removing stm32c0xx_hal_dma.o(.text.HAL_DMA_RegisterCallback), (70 bytes).
    Removing stm32c0xx_hal_dma.o(.ARM.exidx.text.HAL_DMA_RegisterCallback), (8 bytes).
    Removing stm32c0xx_hal_dma.o(.text.HAL_DMA_UnRegisterCallback), (102 bytes).
    Removing stm32c0xx_hal_dma.o(.ARM.exidx.text.HAL_DMA_UnRegisterCallback), (8 bytes).
    Removing stm32c0xx_hal_dma.o(.text.HAL_DMA_GetState), (6 bytes).
    Removing stm32c0xx_hal_dma.o(.ARM.exidx.text.HAL_DMA_GetState), (8 bytes).
    Removing stm32c0xx_hal_dma.o(.text.HAL_DMA_GetError), (4 bytes).
    Removing stm32c0xx_hal_dma.o(.ARM.exidx.text.HAL_DMA_GetError), (8 bytes).
    Removing stm32c0xx_hal_dma_ex.o(.text), (0 bytes).
    Removing stm32c0xx_hal_dma_ex.o(.text.HAL_DMAEx_ConfigMuxSync), (80 bytes).
    Removing stm32c0xx_hal_dma_ex.o(.ARM.exidx.text.HAL_DMAEx_ConfigMuxSync), (8 bytes).
    Removing stm32c0xx_hal_dma_ex.o(.text.HAL_DMAEx_ConfigMuxRequestGenerator), (60 bytes).
    Removing stm32c0xx_hal_dma_ex.o(.ARM.exidx.text.HAL_DMAEx_ConfigMuxRequestGenerator), (8 bytes).
    Removing stm32c0xx_hal_dma_ex.o(.text.HAL_DMAEx_EnableMuxRequestGenerator), (32 bytes).
    Removing stm32c0xx_hal_dma_ex.o(.ARM.exidx.text.HAL_DMAEx_EnableMuxRequestGenerator), (8 bytes).
    Removing stm32c0xx_hal_dma_ex.o(.text.HAL_DMAEx_DisableMuxRequestGenerator), (32 bytes).
    Removing stm32c0xx_hal_dma_ex.o(.ARM.exidx.text.HAL_DMAEx_DisableMuxRequestGenerator), (8 bytes).
    Removing stm32c0xx_hal_dma_ex.o(.text.HAL_DMAEx_MUX_IRQHandler), (96 bytes).
    Removing stm32c0xx_hal_dma_ex.o(.ARM.exidx.text.HAL_DMAEx_MUX_IRQHandler), (8 bytes).
    Removing stm32c0xx_hal_pwr.o(.text), (0 bytes).
    Removing stm32c0xx_hal_pwr.o(.text.HAL_PWR_DeInit), (24 bytes).
    Removing stm32c0xx_hal_pwr.o(.ARM.exidx.text.HAL_PWR_DeInit), (8 bytes).
    Removing stm32c0xx_hal_pwr.o(.text.HAL_PWR_EnableWakeUpPin), (28 bytes).
    Removing stm32c0xx_hal_pwr.o(.ARM.exidx.text.HAL_PWR_EnableWakeUpPin), (8 bytes).
    Removing stm32c0xx_hal_pwr.o(.text.HAL_PWR_DisableWakeUpPin), (24 bytes).
    Removing stm32c0xx_hal_pwr.o(.ARM.exidx.text.HAL_PWR_DisableWakeUpPin), (8 bytes).
    Removing stm32c0xx_hal_pwr.o(.text.HAL_PWR_EnterSLEEPMode), (32 bytes).
    Removing stm32c0xx_hal_pwr.o(.ARM.exidx.text.HAL_PWR_EnterSLEEPMode), (8 bytes).
    Removing stm32c0xx_hal_pwr.o(.text.HAL_PWR_EnterSTOPMode), (56 bytes).
    Removing stm32c0xx_hal_pwr.o(.ARM.exidx.text.HAL_PWR_EnterSTOPMode), (8 bytes).
    Removing stm32c0xx_hal_pwr.o(.text.HAL_PWR_EnterSTANDBYMode), (36 bytes).
    Removing stm32c0xx_hal_pwr.o(.ARM.exidx.text.HAL_PWR_EnterSTANDBYMode), (8 bytes).
    Removing stm32c0xx_hal_pwr.o(.text.HAL_PWR_EnableSleepOnExit), (16 bytes).
    Removing stm32c0xx_hal_pwr.o(.ARM.exidx.text.HAL_PWR_EnableSleepOnExit), (8 bytes).
    Removing stm32c0xx_hal_pwr.o(.text.HAL_PWR_DisableSleepOnExit), (16 bytes).
    Removing stm32c0xx_hal_pwr.o(.ARM.exidx.text.HAL_PWR_DisableSleepOnExit), (8 bytes).
    Removing stm32c0xx_hal_pwr.o(.text.HAL_PWR_EnableSEVOnPend), (16 bytes).
    Removing stm32c0xx_hal_pwr.o(.ARM.exidx.text.HAL_PWR_EnableSEVOnPend), (8 bytes).
    Removing stm32c0xx_hal_pwr.o(.text.HAL_PWR_DisableSEVOnPend), (16 bytes).
    Removing stm32c0xx_hal_pwr.o(.ARM.exidx.text.HAL_PWR_DisableSEVOnPend), (8 bytes).
    Removing stm32c0xx_hal_pwr_ex.o(.text), (0 bytes).
    Removing stm32c0xx_hal_pwr_ex.o(.text.HAL_PWREx_EnableInternalWakeUpLine), (20 bytes).
    Removing stm32c0xx_hal_pwr_ex.o(.ARM.exidx.text.HAL_PWREx_EnableInternalWakeUpLine), (8 bytes).
    Removing stm32c0xx_hal_pwr_ex.o(.text.HAL_PWREx_DisableInternalWakeUpLine), (20 bytes).
    Removing stm32c0xx_hal_pwr_ex.o(.ARM.exidx.text.HAL_PWREx_DisableInternalWakeUpLine), (8 bytes).
    Removing stm32c0xx_hal_pwr_ex.o(.text.HAL_PWREx_EnableGPIOPullUp), (84 bytes).
    Removing stm32c0xx_hal_pwr_ex.o(.ARM.exidx.text.HAL_PWREx_EnableGPIOPullUp), (8 bytes).
    Removing stm32c0xx_hal_pwr_ex.o(.text.HAL_PWREx_DisableGPIOPullUp), (76 bytes).
    Removing stm32c0xx_hal_pwr_ex.o(.ARM.exidx.text.HAL_PWREx_DisableGPIOPullUp), (8 bytes).
    Removing stm32c0xx_hal_pwr_ex.o(.text.HAL_PWREx_EnableGPIOPullDown), (100 bytes).
    Removing stm32c0xx_hal_pwr_ex.o(.ARM.exidx.text.HAL_PWREx_EnableGPIOPullDown), (8 bytes).
    Removing stm32c0xx_hal_pwr_ex.o(.text.HAL_PWREx_DisableGPIOPullDown), (52 bytes).
    Removing stm32c0xx_hal_pwr_ex.o(.ARM.exidx.text.HAL_PWREx_DisableGPIOPullDown), (8 bytes).
    Removing stm32c0xx_hal_pwr_ex.o(.text.HAL_PWREx_EnablePullUpPullDownConfig), (20 bytes).
    Removing stm32c0xx_hal_pwr_ex.o(.ARM.exidx.text.HAL_PWREx_EnablePullUpPullDownConfig), (8 bytes).
    Removing stm32c0xx_hal_pwr_ex.o(.text.HAL_PWREx_DisablePullUpPullDownConfig), (20 bytes).
    Removing stm32c0xx_hal_pwr_ex.o(.ARM.exidx.text.HAL_PWREx_DisablePullUpPullDownConfig), (8 bytes).
    Removing stm32c0xx_hal_pwr_ex.o(.text.HAL_PWREx_EnableFlashPowerDown), (16 bytes).
    Removing stm32c0xx_hal_pwr_ex.o(.ARM.exidx.text.HAL_PWREx_EnableFlashPowerDown), (8 bytes).
    Removing stm32c0xx_hal_pwr_ex.o(.text.HAL_PWREx_DisableFlashPowerDown), (16 bytes).
    Removing stm32c0xx_hal_pwr_ex.o(.ARM.exidx.text.HAL_PWREx_DisableFlashPowerDown), (8 bytes).
    Removing stm32c0xx_hal_pwr_ex.o(.text.HAL_PWREx_EnterSHUTDOWNMode), (36 bytes).
    Removing stm32c0xx_hal_pwr_ex.o(.ARM.exidx.text.HAL_PWREx_EnterSHUTDOWNMode), (8 bytes).
    Removing stm32c0xx_hal_pwr_ex.o(.text.HAL_PWREx_BKUPWrite), (12 bytes).
    Removing stm32c0xx_hal_pwr_ex.o(.ARM.exidx.text.HAL_PWREx_BKUPWrite), (8 bytes).
    Removing stm32c0xx_hal_pwr_ex.o(.text.HAL_PWREx_BKUPRead), (12 bytes).
    Removing stm32c0xx_hal_pwr_ex.o(.ARM.exidx.text.HAL_PWREx_BKUPRead), (8 bytes).
    Removing stm32c0xx_hal_exti.o(.text), (0 bytes).
    Removing stm32c0xx_hal_exti.o(.text.HAL_EXTI_SetConfigLine), (168 bytes).
    Removing stm32c0xx_hal_exti.o(.ARM.exidx.text.HAL_EXTI_SetConfigLine), (8 bytes).
    Removing stm32c0xx_hal_exti.o(.text.HAL_EXTI_GetConfigLine), (148 bytes).
    Removing stm32c0xx_hal_exti.o(.ARM.exidx.text.HAL_EXTI_GetConfigLine), (8 bytes).
    Removing stm32c0xx_hal_exti.o(.text.HAL_EXTI_ClearConfigLine), (112 bytes).
    Removing stm32c0xx_hal_exti.o(.ARM.exidx.text.HAL_EXTI_ClearConfigLine), (8 bytes).
    Removing stm32c0xx_hal_exti.o(.text.HAL_EXTI_RegisterCallback), (34 bytes).
    Removing stm32c0xx_hal_exti.o(.ARM.exidx.text.HAL_EXTI_RegisterCallback), (8 bytes).
    Removing stm32c0xx_hal_exti.o(.text.HAL_EXTI_GetHandle), (14 bytes).
    Removing stm32c0xx_hal_exti.o(.ARM.exidx.text.HAL_EXTI_GetHandle), (8 bytes).
    Removing stm32c0xx_hal_exti.o(.text.HAL_EXTI_IRQHandler), (68 bytes).
    Removing stm32c0xx_hal_exti.o(.ARM.exidx.text.HAL_EXTI_IRQHandler), (8 bytes).
    Removing stm32c0xx_hal_exti.o(.text.HAL_EXTI_GetPending), (40 bytes).
    Removing stm32c0xx_hal_exti.o(.ARM.exidx.text.HAL_EXTI_GetPending), (8 bytes).
    Removing stm32c0xx_hal_exti.o(.text.HAL_EXTI_ClearPending), (36 bytes).
    Removing stm32c0xx_hal_exti.o(.ARM.exidx.text.HAL_EXTI_ClearPending), (8 bytes).
    Removing stm32c0xx_hal_exti.o(.text.HAL_EXTI_GenerateSWI), (28 bytes).
    Removing stm32c0xx_hal_exti.o(.ARM.exidx.text.HAL_EXTI_GenerateSWI), (8 bytes).
    Removing stm32c0xx_hal_tim.o(.text), (0 bytes).
    Removing stm32c0xx_hal_tim_ex.o(.text), (0 bytes).
    Removing stm32c0xx_hal_uart.o(.text), (0 bytes).
    Removing stm32c0xx_hal_uart.o(.ARM.exidx.text.HAL_UART_Init), (8 bytes).
    Removing stm32c0xx_hal_uart.o(.text.HAL_UART_MspInit), (2 bytes).
    Removing stm32c0xx_hal_uart.o(.ARM.exidx.text.HAL_UART_MspInit), (8 bytes).
    Removing stm32c0xx_hal_uart.o(.ARM.exidx.text.UART_AdvFeatureConfig), (8 bytes).
    Removing stm32c0xx_hal_uart.o(.ARM.exidx.text.UART_SetConfig), (8 bytes).
    Removing stm32c0xx_hal_uart.o(.ARM.exidx.text.UART_CheckIdleState), (8 bytes).
    Removing stm32c0xx_hal_uart.o(.text.HAL_HalfDuplex_Init), (116 bytes).
    Removing stm32c0xx_hal_uart.o(.ARM.exidx.text.HAL_HalfDuplex_Init), (8 bytes).
    Removing stm32c0xx_hal_uart.o(.text.HAL_LIN_Init), (146 bytes).
    Removing stm32c0xx_hal_uart.o(.ARM.exidx.text.HAL_LIN_Init), (8 bytes).
    Removing stm32c0xx_hal_uart.o(.text.HAL_MultiProcessor_Init), (148 bytes).
    Removing stm32c0xx_hal_uart.o(.ARM.exidx.text.HAL_MultiProcessor_Init), (8 bytes).
    Removing stm32c0xx_hal_uart.o(.text.HAL_UART_DeInit), (60 bytes).
    Removing stm32c0xx_hal_uart.o(.ARM.exidx.text.HAL_UART_DeInit), (8 bytes).
    Removing stm32c0xx_hal_uart.o(.text.HAL_UART_MspDeInit), (2 bytes).
    Removing stm32c0xx_hal_uart.o(.ARM.exidx.text.HAL_UART_MspDeInit), (8 bytes).
    Removing stm32c0xx_hal_uart.o(.ARM.exidx.text.HAL_UART_Transmit), (8 bytes).
    Removing stm32c0xx_hal_uart.o(.ARM.exidx.text.UART_WaitOnFlagUntilTimeout), (8 bytes).
    Removing stm32c0xx_hal_uart.o(.text.HAL_UART_Receive), (280 bytes).
    Removing stm32c0xx_hal_uart.o(.ARM.exidx.text.HAL_UART_Receive), (8 bytes).
    Removing stm32c0xx_hal_uart.o(.text.HAL_UART_Transmit_IT), (176 bytes).
    Removing stm32c0xx_hal_uart.o(.ARM.exidx.text.HAL_UART_Transmit_IT), (8 bytes).
    Removing stm32c0xx_hal_uart.o(.text.UART_TxISR_16BIT_FIFOEN), (120 bytes).
    Removing stm32c0xx_hal_uart.o(.ARM.exidx.text.UART_TxISR_16BIT_FIFOEN), (8 bytes).
    Removing stm32c0xx_hal_uart.o(.text.UART_TxISR_8BIT_FIFOEN), (108 bytes).
    Removing stm32c0xx_hal_uart.o(.ARM.exidx.text.UART_TxISR_8BIT_FIFOEN), (8 bytes).
    Removing stm32c0xx_hal_uart.o(.text.UART_TxISR_16BIT), (96 bytes).
    Removing stm32c0xx_hal_uart.o(.ARM.exidx.text.UART_TxISR_16BIT), (8 bytes).
    Removing stm32c0xx_hal_uart.o(.text.UART_TxISR_8BIT), (88 bytes).
    Removing stm32c0xx_hal_uart.o(.ARM.exidx.text.UART_TxISR_8BIT), (8 bytes).
    Removing stm32c0xx_hal_uart.o(.text.HAL_UART_Receive_IT), (102 bytes).
    Removing stm32c0xx_hal_uart.o(.ARM.exidx.text.HAL_UART_Receive_IT), (8 bytes).
    Removing stm32c0xx_hal_uart.o(.text.UART_Start_Receive_IT), (308 bytes).
    Removing stm32c0xx_hal_uart.o(.ARM.exidx.text.UART_Start_Receive_IT), (8 bytes).
    Removing stm32c0xx_hal_uart.o(.text.HAL_UART_Transmit_DMA), (176 bytes).
    Removing stm32c0xx_hal_uart.o(.ARM.exidx.text.HAL_UART_Transmit_DMA), (8 bytes).
    Removing stm32c0xx_hal_uart.o(.text.UART_DMATransmitCplt), (74 bytes).
    Removing stm32c0xx_hal_uart.o(.ARM.exidx.text.UART_DMATransmitCplt), (8 bytes).
    Removing stm32c0xx_hal_uart.o(.text.UART_DMATxHalfCplt), (10 bytes).
    Removing stm32c0xx_hal_uart.o(.ARM.exidx.text.UART_DMATxHalfCplt), (8 bytes).
    Removing stm32c0xx_hal_uart.o(.text.UART_DMAError), (216 bytes).
    Removing stm32c0xx_hal_uart.o(.ARM.exidx.text.UART_DMAError), (8 bytes).
    Removing stm32c0xx_hal_uart.o(.text.HAL_UART_Receive_DMA), (264 bytes).
    Removing stm32c0xx_hal_uart.o(.ARM.exidx.text.HAL_UART_Receive_DMA), (8 bytes).
    Removing stm32c0xx_hal_uart.o(.text.UART_Start_Receive_DMA), (168 bytes).
    Removing stm32c0xx_hal_uart.o(.ARM.exidx.text.UART_Start_Receive_DMA), (8 bytes).
    Removing stm32c0xx_hal_uart.o(.text.HAL_UART_DMAPause), (130 bytes).
    Removing stm32c0xx_hal_uart.o(.ARM.exidx.text.HAL_UART_DMAPause), (8 bytes).
    Removing stm32c0xx_hal_uart.o(.text.HAL_UART_DMAResume), (138 bytes).
    Removing stm32c0xx_hal_uart.o(.ARM.exidx.text.HAL_UART_DMAResume), (8 bytes).
    Removing stm32c0xx_hal_uart.o(.text.HAL_UART_DMAStop), (292 bytes).
    Removing stm32c0xx_hal_uart.o(.ARM.exidx.text.HAL_UART_DMAStop), (8 bytes).
    Removing stm32c0xx_hal_uart.o(.text.HAL_UART_Abort), (272 bytes).
    Removing stm32c0xx_hal_uart.o(.ARM.exidx.text.HAL_UART_Abort), (8 bytes).
    Removing stm32c0xx_hal_uart.o(.text.HAL_UART_AbortTransmit), (152 bytes).
    Removing stm32c0xx_hal_uart.o(.ARM.exidx.text.HAL_UART_AbortTransmit), (8 bytes).
    Removing stm32c0xx_hal_uart.o(.text.HAL_UART_AbortReceive), (184 bytes).
    Removing stm32c0xx_hal_uart.o(.ARM.exidx.text.HAL_UART_AbortReceive), (8 bytes).
    Removing stm32c0xx_hal_uart.o(.text.HAL_UART_Abort_IT), (324 bytes).
    Removing stm32c0xx_hal_uart.o(.ARM.exidx.text.HAL_UART_Abort_IT), (8 bytes).
    Removing stm32c0xx_hal_uart.o(.text.UART_DMATxAbortCallback), (78 bytes).
    Removing stm32c0xx_hal_uart.o(.ARM.exidx.text.UART_DMATxAbortCallback), (8 bytes).
    Removing stm32c0xx_hal_uart.o(.text.UART_DMARxAbortCallback), (68 bytes).
    Removing stm32c0xx_hal_uart.o(.ARM.exidx.text.UART_DMARxAbortCallback), (8 bytes).
    Removing stm32c0xx_hal_uart.o(.text.HAL_UART_AbortCpltCallback), (2 bytes).
    Removing stm32c0xx_hal_uart.o(.ARM.exidx.text.HAL_UART_AbortCpltCallback), (8 bytes).
    Removing stm32c0xx_hal_uart.o(.text.HAL_UART_AbortTransmit_IT), (176 bytes).
    Removing stm32c0xx_hal_uart.o(.ARM.exidx.text.HAL_UART_AbortTransmit_IT), (8 bytes).
    Removing stm32c0xx_hal_uart.o(.text.UART_DMATxOnlyAbortCallback), (44 bytes).
    Removing stm32c0xx_hal_uart.o(.ARM.exidx.text.UART_DMATxOnlyAbortCallback), (8 bytes).
    Removing stm32c0xx_hal_uart.o(.text.HAL_UART_AbortTransmitCpltCallback), (2 bytes).
    Removing stm32c0xx_hal_uart.o(.ARM.exidx.text.HAL_UART_AbortTransmitCpltCallback), (8 bytes).
    Removing stm32c0xx_hal_uart.o(.text.HAL_UART_AbortReceive_IT), (212 bytes).
    Removing stm32c0xx_hal_uart.o(.ARM.exidx.text.HAL_UART_AbortReceive_IT), (8 bytes).
    Removing stm32c0xx_hal_uart.o(.text.UART_DMARxOnlyAbortCallback), (38 bytes).
    Removing stm32c0xx_hal_uart.o(.ARM.exidx.text.UART_DMARxOnlyAbortCallback), (8 bytes).
    Removing stm32c0xx_hal_uart.o(.text.HAL_UART_AbortReceiveCpltCallback), (2 bytes).
    Removing stm32c0xx_hal_uart.o(.ARM.exidx.text.HAL_UART_AbortReceiveCpltCallback), (8 bytes).
    Removing stm32c0xx_hal_uart.o(.text.HAL_UART_IRQHandler), (1164 bytes).
    Removing stm32c0xx_hal_uart.o(.ARM.exidx.text.HAL_UART_IRQHandler), (8 bytes).
    Removing stm32c0xx_hal_uart.o(.text.UART_DMAAbortOnError), (22 bytes).
    Removing stm32c0xx_hal_uart.o(.ARM.exidx.text.UART_DMAAbortOnError), (8 bytes).
    Removing stm32c0xx_hal_uart.o(.text.HAL_UART_ErrorCallback), (2 bytes).
    Removing stm32c0xx_hal_uart.o(.ARM.exidx.text.HAL_UART_ErrorCallback), (8 bytes).
    Removing stm32c0xx_hal_uart.o(.text.HAL_UARTEx_RxEventCallback), (2 bytes).
    Removing stm32c0xx_hal_uart.o(.ARM.exidx.text.HAL_UARTEx_RxEventCallback), (8 bytes).
    Removing stm32c0xx_hal_uart.o(.text.HAL_UART_TxCpltCallback), (2 bytes).
    Removing stm32c0xx_hal_uart.o(.ARM.exidx.text.HAL_UART_TxCpltCallback), (8 bytes).
    Removing stm32c0xx_hal_uart.o(.text.HAL_UART_TxHalfCpltCallback), (2 bytes).
    Removing stm32c0xx_hal_uart.o(.ARM.exidx.text.HAL_UART_TxHalfCpltCallback), (8 bytes).
    Removing stm32c0xx_hal_uart.o(.text.HAL_UART_RxCpltCallback), (2 bytes).
    Removing stm32c0xx_hal_uart.o(.ARM.exidx.text.HAL_UART_RxCpltCallback), (8 bytes).
    Removing stm32c0xx_hal_uart.o(.text.HAL_UART_RxHalfCpltCallback), (2 bytes).
    Removing stm32c0xx_hal_uart.o(.ARM.exidx.text.HAL_UART_RxHalfCpltCallback), (8 bytes).
    Removing stm32c0xx_hal_uart.o(.text.HAL_UART_ReceiverTimeout_Config), (16 bytes).
    Removing stm32c0xx_hal_uart.o(.ARM.exidx.text.HAL_UART_ReceiverTimeout_Config), (8 bytes).
    Removing stm32c0xx_hal_uart.o(.text.HAL_UART_EnableReceiverTimeout), (48 bytes).
    Removing stm32c0xx_hal_uart.o(.ARM.exidx.text.HAL_UART_EnableReceiverTimeout), (8 bytes).
    Removing stm32c0xx_hal_uart.o(.text.HAL_UART_DisableReceiverTimeout), (48 bytes).
    Removing stm32c0xx_hal_uart.o(.ARM.exidx.text.HAL_UART_DisableReceiverTimeout), (8 bytes).
    Removing stm32c0xx_hal_uart.o(.text.HAL_MultiProcessor_EnableMuteMode), (58 bytes).
    Removing stm32c0xx_hal_uart.o(.ARM.exidx.text.HAL_MultiProcessor_EnableMuteMode), (8 bytes).
    Removing stm32c0xx_hal_uart.o(.text.HAL_MultiProcessor_DisableMuteMode), (58 bytes).
    Removing stm32c0xx_hal_uart.o(.ARM.exidx.text.HAL_MultiProcessor_DisableMuteMode), (8 bytes).
    Removing stm32c0xx_hal_uart.o(.text.HAL_MultiProcessor_EnterMuteMode), (12 bytes).
    Removing stm32c0xx_hal_uart.o(.ARM.exidx.text.HAL_MultiProcessor_EnterMuteMode), (8 bytes).
    Removing stm32c0xx_hal_uart.o(.text.HAL_HalfDuplex_EnableTransmitter), (80 bytes).
    Removing stm32c0xx_hal_uart.o(.ARM.exidx.text.HAL_HalfDuplex_EnableTransmitter), (8 bytes).
    Removing stm32c0xx_hal_uart.o(.text.HAL_HalfDuplex_EnableReceiver), (80 bytes).
    Removing stm32c0xx_hal_uart.o(.ARM.exidx.text.HAL_HalfDuplex_EnableReceiver), (8 bytes).
    Removing stm32c0xx_hal_uart.o(.text.HAL_LIN_SendBreak), (40 bytes).
    Removing stm32c0xx_hal_uart.o(.ARM.exidx.text.HAL_LIN_SendBreak), (8 bytes).
    Removing stm32c0xx_hal_uart.o(.text.HAL_UART_GetState), (12 bytes).
    Removing stm32c0xx_hal_uart.o(.ARM.exidx.text.HAL_UART_GetState), (8 bytes).
    Removing stm32c0xx_hal_uart.o(.text.HAL_UART_GetError), (6 bytes).
    Removing stm32c0xx_hal_uart.o(.ARM.exidx.text.HAL_UART_GetError), (8 bytes).
    Removing stm32c0xx_hal_uart.o(.text.UART_RxISR_16BIT_FIFOEN), (652 bytes).
    Removing stm32c0xx_hal_uart.o(.ARM.exidx.text.UART_RxISR_16BIT_FIFOEN), (8 bytes).
    Removing stm32c0xx_hal_uart.o(.text.UART_RxISR_8BIT_FIFOEN), (452 bytes).
    Removing stm32c0xx_hal_uart.o(.ARM.exidx.text.UART_RxISR_8BIT_FIFOEN), (8 bytes).
    Removing stm32c0xx_hal_uart.o(.text.UART_RxISR_16BIT), (206 bytes).
    Removing stm32c0xx_hal_uart.o(.ARM.exidx.text.UART_RxISR_16BIT), (8 bytes).
    Removing stm32c0xx_hal_uart.o(.text.UART_RxISR_8BIT), (208 bytes).
    Removing stm32c0xx_hal_uart.o(.ARM.exidx.text.UART_RxISR_8BIT), (8 bytes).
    Removing stm32c0xx_hal_uart.o(.text.UART_DMAReceiveCplt), (144 bytes).
    Removing stm32c0xx_hal_uart.o(.ARM.exidx.text.UART_DMAReceiveCplt), (8 bytes).
    Removing stm32c0xx_hal_uart.o(.text.UART_DMARxHalfCplt), (32 bytes).
    Removing stm32c0xx_hal_uart.o(.ARM.exidx.text.UART_DMARxHalfCplt), (8 bytes).
    Removing stm32c0xx_hal_uart_ex.o(.text), (0 bytes).
    Removing stm32c0xx_hal_uart_ex.o(.text.HAL_RS485Ex_Init), (144 bytes).
    Removing stm32c0xx_hal_uart_ex.o(.ARM.exidx.text.HAL_RS485Ex_Init), (8 bytes).
    Removing stm32c0xx_hal_uart_ex.o(.text.HAL_UARTEx_WakeupCallback), (2 bytes).
    Removing stm32c0xx_hal_uart_ex.o(.ARM.exidx.text.HAL_UARTEx_WakeupCallback), (8 bytes).
    Removing stm32c0xx_hal_uart_ex.o(.text.HAL_UARTEx_RxFifoFullCallback), (2 bytes).
    Removing stm32c0xx_hal_uart_ex.o(.ARM.exidx.text.HAL_UARTEx_RxFifoFullCallback), (8 bytes).
    Removing stm32c0xx_hal_uart_ex.o(.text.HAL_UARTEx_TxFifoEmptyCallback), (2 bytes).
    Removing stm32c0xx_hal_uart_ex.o(.ARM.exidx.text.HAL_UARTEx_TxFifoEmptyCallback), (8 bytes).
    Removing stm32c0xx_hal_uart_ex.o(.text.HAL_MultiProcessorEx_AddressLength_Set), (48 bytes).
    Removing stm32c0xx_hal_uart_ex.o(.ARM.exidx.text.HAL_MultiProcessorEx_AddressLength_Set), (8 bytes).
    Removing stm32c0xx_hal_uart_ex.o(.text.HAL_UARTEx_StopModeWakeUpSourceConfig), (144 bytes).
    Removing stm32c0xx_hal_uart_ex.o(.ARM.exidx.text.HAL_UARTEx_StopModeWakeUpSourceConfig), (8 bytes).
    Removing stm32c0xx_hal_uart_ex.o(.text.HAL_UARTEx_EnableStopMode), (50 bytes).
    Removing stm32c0xx_hal_uart_ex.o(.ARM.exidx.text.HAL_UARTEx_EnableStopMode), (8 bytes).
    Removing stm32c0xx_hal_uart_ex.o(.text.HAL_UARTEx_DisableStopMode), (50 bytes).
    Removing stm32c0xx_hal_uart_ex.o(.ARM.exidx.text.HAL_UARTEx_DisableStopMode), (8 bytes).
    Removing stm32c0xx_hal_uart_ex.o(.text.HAL_UARTEx_EnableFifoMode), (112 bytes).
    Removing stm32c0xx_hal_uart_ex.o(.ARM.exidx.text.HAL_UARTEx_EnableFifoMode), (8 bytes).
    Removing stm32c0xx_hal_uart_ex.o(.ARM.exidx.text.HAL_UARTEx_DisableFifoMode), (8 bytes).
    Removing stm32c0xx_hal_uart_ex.o(.ARM.exidx.text.HAL_UARTEx_SetTxFifoThreshold), (8 bytes).
    Removing stm32c0xx_hal_uart_ex.o(.ARM.exidx.text.HAL_UARTEx_SetRxFifoThreshold), (8 bytes).
    Removing stm32c0xx_hal_uart_ex.o(.text.HAL_UARTEx_ReceiveToIdle), (468 bytes).
    Removing stm32c0xx_hal_uart_ex.o(.ARM.exidx.text.HAL_UARTEx_ReceiveToIdle), (8 bytes).
    Removing stm32c0xx_hal_uart_ex.o(.text.HAL_UARTEx_ReceiveToIdle_IT), (102 bytes).
    Removing stm32c0xx_hal_uart_ex.o(.ARM.exidx.text.HAL_UARTEx_ReceiveToIdle_IT), (8 bytes).
    Removing stm32c0xx_hal_uart_ex.o(.text.HAL_UARTEx_ReceiveToIdle_DMA), (108 bytes).
    Removing stm32c0xx_hal_uart_ex.o(.ARM.exidx.text.HAL_UARTEx_ReceiveToIdle_DMA), (8 bytes).
    Removing stm32c0xx_hal_uart_ex.o(.text.HAL_UARTEx_GetRxEventType), (4 bytes).
    Removing stm32c0xx_hal_uart_ex.o(.ARM.exidx.text.HAL_UARTEx_GetRxEventType), (8 bytes).
    Removing system_stm32c0xx.o(.text), (0 bytes).
    Removing system_stm32c0xx.o(.ARM.exidx.text.SystemInit), (8 bytes).
    Removing system_stm32c0xx.o(.text.SystemCoreClockUpdate), (116 bytes).
    Removing system_stm32c0xx.o(.ARM.exidx.text.SystemCoreClockUpdate), (8 bytes).
    Removing dadd.o(.text), (356 bytes).
    Removing dmul.o(.text), (208 bytes).
    Removing ddiv.o(.text), (240 bytes).
    Removing dfixul.o(.text), (64 bytes).
    Removing cdrcmple.o(.text), (40 bytes).
    Removing depilogue.o(.text), (190 bytes).
    Removing depilogue.o(i.__ARM_clz), (46 bytes).

484 unused section(s) (total 21074 bytes) removed from the image.

==============================================================================

Image Symbol Table

    Local Symbols

    Symbol Name                              Value     Ov Type        Size  Object(Section)

    ../clib/division.s                       0x00000000   Number         0  aeabi_sdivfast.o ABSOLUTE
    ../clib/division.s                       0x00000000   Number         0  aeabi_sdivfast_div0.o ABSOLUTE
    ../clib/microlib/division.c              0x00000000   Number         0  uidiv.o ABSOLUTE
    ../clib/microlib/division.c              0x00000000   Number         0  uidiv_div0.o ABSOLUTE
    ../clib/microlib/division.c              0x00000000   Number         0  idiv_div0.o ABSOLUTE
    ../clib/microlib/division.c              0x00000000   Number         0  idiv0.o ABSOLUTE
    ../clib/microlib/division.c              0x00000000   Number         0  uldiv.o ABSOLUTE
    ../clib/microlib/init/entry.s            0x00000000   Number         0  entry.o ABSOLUTE
    ../clib/microlib/init/entry.s            0x00000000   Number         0  entry2.o ABSOLUTE
    ../clib/microlib/init/entry.s            0x00000000   Number         0  entry5.o ABSOLUTE
    ../clib/microlib/init/entry.s            0x00000000   Number         0  entry7a.o ABSOLUTE
    ../clib/microlib/init/entry.s            0x00000000   Number         0  entry7b.o ABSOLUTE
    ../clib/microlib/init/entry.s            0x00000000   Number         0  entry8a.o ABSOLUTE
    ../clib/microlib/init/entry.s            0x00000000   Number         0  entry8b.o ABSOLUTE
    ../clib/microlib/init/entry.s            0x00000000   Number         0  entry9a.o ABSOLUTE
    ../clib/microlib/init/entry.s            0x00000000   Number         0  entry9b.o ABSOLUTE
    ../clib/microlib/init/entry.s            0x00000000   Number         0  entry10a.o ABSOLUTE
    ../clib/microlib/init/entry.s            0x00000000   Number         0  entry10b.o ABSOLUTE
    ../clib/microlib/init/entry.s            0x00000000   Number         0  entry11a.o ABSOLUTE
    ../clib/microlib/init/entry.s            0x00000000   Number         0  entry11b.o ABSOLUTE
    ../clib/microlib/longlong.c              0x00000000   Number         0  llshl.o ABSOLUTE
    ../clib/microlib/longlong.c              0x00000000   Number         0  llushr.o ABSOLUTE
    ../clib/microlib/longlong.c              0x00000000   Number         0  llsshr.o ABSOLUTE
    ../clib/microlib/printf/printf.c         0x00000000   Number         0  printfb.o ABSOLUTE
    ../clib/microlib/printf/printf.c         0x00000000   Number         0  printf0.o ABSOLUTE
    ../clib/microlib/printf/printf.c         0x00000000   Number         0  printf1.o ABSOLUTE
    ../clib/microlib/printf/printf.c         0x00000000   Number         0  printf2.o ABSOLUTE
    ../clib/microlib/printf/printf.c         0x00000000   Number         0  printf3.o ABSOLUTE
    ../clib/microlib/printf/printf.c         0x00000000   Number         0  printf4.o ABSOLUTE
    ../clib/microlib/printf/printf.c         0x00000000   Number         0  printf5.o ABSOLUTE
    ../clib/microlib/printf/printf.c         0x00000000   Number         0  printf6.o ABSOLUTE
    ../clib/microlib/printf/printf.c         0x00000000   Number         0  printf7.o ABSOLUTE
    ../clib/microlib/printf/printf.c         0x00000000   Number         0  printf8.o ABSOLUTE
    ../clib/microlib/printf/printf.c         0x00000000   Number         0  printfa.o ABSOLUTE
    ../clib/microlib/printf/stubs.s          0x00000000   Number         0  printfstubs.o ABSOLUTE
    ../clib/microlib/stdio/puts.c            0x00000000   Number         0  puts.o ABSOLUTE
    ../clib/microlib/stdio/puts.c            0x00000000   Number         0  puts_e.o ABSOLUTE
    ../clib/microlib/stdio/streams.c         0x00000000   Number         0  stdout.o ABSOLUTE
    ../clib/microlib/stubs.s                 0x00000000   Number         0  iusefp.o ABSOLUTE
    ../fplib/microlib/fpadd.c                0x00000000   Number         0  dadd.o ABSOLUTE
    ../fplib/microlib/fpdiv.c                0x00000000   Number         0  ddiv.o ABSOLUTE
    ../fplib/microlib/fpepilogue.c           0x00000000   Number         0  depilogue.o ABSOLUTE
    ../fplib/microlib/fpfix.c                0x00000000   Number         0  dfixul.o ABSOLUTE
    ../fplib/microlib/fpmul.c                0x00000000   Number         0  dmul.o ABSOLUTE
    cdrcmple.s                               0x00000000   Number         0  cdrcmple.o ABSOLUTE
    dc.s                                     0x00000000   Number         0  dc.o ABSOLUTE
    gpio.c                                   0x00000000   Number         0  gpio.o ABSOLUTE
    handlers.s                               0x00000000   Number         0  handlers.o ABSOLUTE
    init.s                                   0x00000000   Number         0  init.o ABSOLUTE
    main.c                                   0x00000000   Number         0  main.o ABSOLUTE
    startup_stm32c011xx.s                    0x00000000   Number         0  startup_stm32c011xx.o ABSOLUTE
    stm32c0xx_hal.c                          0x00000000   Number         0  stm32c0xx_hal.o ABSOLUTE
    stm32c0xx_hal_cortex.c                   0x00000000   Number         0  stm32c0xx_hal_cortex.o ABSOLUTE
    stm32c0xx_hal_dma.c                      0x00000000   Number         0  stm32c0xx_hal_dma.o ABSOLUTE
    stm32c0xx_hal_dma_ex.c                   0x00000000   Number         0  stm32c0xx_hal_dma_ex.o ABSOLUTE
    stm32c0xx_hal_exti.c                     0x00000000   Number         0  stm32c0xx_hal_exti.o ABSOLUTE
    stm32c0xx_hal_flash.c                    0x00000000   Number         0  stm32c0xx_hal_flash.o ABSOLUTE
    stm32c0xx_hal_flash_ex.c                 0x00000000   Number         0  stm32c0xx_hal_flash_ex.o ABSOLUTE
    stm32c0xx_hal_gpio.c                     0x00000000   Number         0  stm32c0xx_hal_gpio.o ABSOLUTE
    stm32c0xx_hal_msp.c                      0x00000000   Number         0  stm32c0xx_hal_msp.o ABSOLUTE
    stm32c0xx_hal_pwr.c                      0x00000000   Number         0  stm32c0xx_hal_pwr.o ABSOLUTE
    stm32c0xx_hal_pwr_ex.c                   0x00000000   Number         0  stm32c0xx_hal_pwr_ex.o ABSOLUTE
    stm32c0xx_hal_rcc.c                      0x00000000   Number         0  stm32c0xx_hal_rcc.o ABSOLUTE
    stm32c0xx_hal_rcc_ex.c                   0x00000000   Number         0  stm32c0xx_hal_rcc_ex.o ABSOLUTE
    stm32c0xx_hal_tim.c                      0x00000000   Number         0  stm32c0xx_hal_tim.o ABSOLUTE
    stm32c0xx_hal_tim_ex.c                   0x00000000   Number         0  stm32c0xx_hal_tim_ex.o ABSOLUTE
    stm32c0xx_hal_uart.c                     0x00000000   Number         0  stm32c0xx_hal_uart.o ABSOLUTE
    stm32c0xx_hal_uart_ex.c                  0x00000000   Number         0  stm32c0xx_hal_uart_ex.o ABSOLUTE
    stm32c0xx_it.c                           0x00000000   Number         0  stm32c0xx_it.o ABSOLUTE
    system_stm32c0xx.c                       0x00000000   Number         0  system_stm32c0xx.o ABSOLUTE
    usart.c                                  0x00000000   Number         0  usart.o ABSOLUTE
    RESET                                    0x08000000   Section      192  startup_stm32c011xx.o(RESET)
    .ARM.Collect$$$$00000000                 0x080000c0   Section        0  entry.o(.ARM.Collect$$$$00000000)
    .ARM.Collect$$$$00000001                 0x080000c0   Section        4  entry2.o(.ARM.Collect$$$$00000001)
    .ARM.Collect$$$$00000004                 0x080000c4   Section        4  entry5.o(.ARM.Collect$$$$00000004)
    .ARM.Collect$$$$00000008                 0x080000c8   Section        0  entry7b.o(.ARM.Collect$$$$00000008)
    .ARM.Collect$$$$0000000A                 0x080000c8   Section        0  entry8b.o(.ARM.Collect$$$$0000000A)
    .ARM.Collect$$$$0000000B                 0x080000c8   Section        8  entry9a.o(.ARM.Collect$$$$0000000B)
    __lit__00000000                          0x080000d0   Data           4  entry2.o(.ARM.Collect$$$$00002712)
    .ARM.Collect$$$$0000000D                 0x080000d0   Section        0  entry10a.o(.ARM.Collect$$$$0000000D)
    .ARM.Collect$$$$0000000F                 0x080000d0   Section        0  entry11a.o(.ARM.Collect$$$$0000000F)
    .ARM.Collect$$$$00002712                 0x080000d0   Section        4  entry2.o(.ARM.Collect$$$$00002712)
    .text                                    0x080000d4   Section       28  startup_stm32c011xx.o(.text)
    .text                                    0x080000f0   Section        0  uidiv_div0.o(.text)
    .text                                    0x0800012e   Section        0  uldiv.o(.text)
    .text                                    0x08000190   Section       36  init.o(.text)
    .text                                    0x080001b4   Section        0  llshl.o(.text)
    .text                                    0x080001d4   Section        0  llushr.o(.text)
    [Anonymous Symbol]                       0x080001f6   Section        0  main.o(.text.Error_Handler)
    [Anonymous Symbol]                       0x080001fc   Section        0  stm32c0xx_hal_flash.o(.text.FLASH_WaitForLastOperation)
    [Anonymous Symbol]                       0x08000248   Section        0  stm32c0xx_hal_flash_ex.o(.text.HAL_FLASHEx_Erase)
    __arm_cp.0_2                             0x080002f4   Number         4  stm32c0xx_hal_flash_ex.o(.text.HAL_FLASHEx_Erase)
    __arm_cp.0_3                             0x080002f8   Number         4  stm32c0xx_hal_flash_ex.o(.text.HAL_FLASHEx_Erase)
    [Anonymous Symbol]                       0x080002fc   Section        0  stm32c0xx_hal_flash.o(.text.HAL_FLASH_Lock)
    __arm_cp.7_0                             0x08000310   Number         4  stm32c0xx_hal_flash.o(.text.HAL_FLASH_Lock)
    [Anonymous Symbol]                       0x08000314   Section        0  stm32c0xx_hal_flash.o(.text.HAL_FLASH_Program)
    __arm_cp.0_0                             0x08000494   Number         4  stm32c0xx_hal_flash.o(.text.HAL_FLASH_Program)
    __arm_cp.0_1                             0x08000498   Number         4  stm32c0xx_hal_flash.o(.text.HAL_FLASH_Program)
    __arm_cp.0_2                             0x0800049c   Number         4  stm32c0xx_hal_flash.o(.text.HAL_FLASH_Program)
    [Anonymous Symbol]                       0x080004a0   Section        0  stm32c0xx_hal_flash.o(.text.HAL_FLASH_Unlock)
    __arm_cp.6_0                             0x080004bc   Number         4  stm32c0xx_hal_flash.o(.text.HAL_FLASH_Unlock)
    __arm_cp.6_1                             0x080004c0   Number         4  stm32c0xx_hal_flash.o(.text.HAL_FLASH_Unlock)
    __arm_cp.6_2                             0x080004c4   Number         4  stm32c0xx_hal_flash.o(.text.HAL_FLASH_Unlock)
    [Anonymous Symbol]                       0x080004c8   Section        0  stm32c0xx_hal_gpio.o(.text.HAL_GPIO_Init)
    __arm_cp.0_0                             0x08000674   Number         4  stm32c0xx_hal_gpio.o(.text.HAL_GPIO_Init)
    __arm_cp.0_1                             0x08000678   Number         4  stm32c0xx_hal_gpio.o(.text.HAL_GPIO_Init)
    __arm_cp.0_2                             0x0800067c   Number         4  stm32c0xx_hal_gpio.o(.text.HAL_GPIO_Init)
    __arm_cp.0_3                             0x08000680   Number         4  stm32c0xx_hal_gpio.o(.text.HAL_GPIO_Init)
    __arm_cp.0_4                             0x08000684   Number         4  stm32c0xx_hal_gpio.o(.text.HAL_GPIO_Init)
    __arm_cp.0_5                             0x08000688   Number         4  stm32c0xx_hal_gpio.o(.text.HAL_GPIO_Init)
    [Anonymous Symbol]                       0x0800068c   Section        0  stm32c0xx_hal_gpio.o(.text.HAL_GPIO_WritePin)
    [Anonymous Symbol]                       0x0800069c   Section        0  stm32c0xx_hal.o(.text.HAL_GetTick)
    [Anonymous Symbol]                       0x080006a4   Section        0  stm32c0xx_hal.o(.text.HAL_IncTick)
    __arm_cp.5_1                             0x080006b4   Number         4  stm32c0xx_hal.o(.text.HAL_IncTick)
    [Anonymous Symbol]                       0x080006b8   Section        0  stm32c0xx_hal.o(.text.HAL_Init)
    [Anonymous Symbol]                       0x080006d0   Section        0  stm32c0xx_hal.o(.text.HAL_InitTick)
    __arm_cp.1_0                             0x08000710   Number         4  stm32c0xx_hal.o(.text.HAL_InitTick)
    [Anonymous Symbol]                       0x08000714   Section        0  stm32c0xx_hal_msp.o(.text.HAL_MspInit)
    __arm_cp.0_0                             0x0800073c   Number         4  stm32c0xx_hal_msp.o(.text.HAL_MspInit)
    [Anonymous Symbol]                       0x08000740   Section        0  stm32c0xx_hal_cortex.o(.text.HAL_NVIC_SetPriority)
    __arm_cp.0_0                             0x08000778   Number         4  stm32c0xx_hal_cortex.o(.text.HAL_NVIC_SetPriority)
    __arm_cp.0_1                             0x0800077c   Number         4  stm32c0xx_hal_cortex.o(.text.HAL_NVIC_SetPriority)
    [Anonymous Symbol]                       0x08000780   Section        0  stm32c0xx_hal_rcc_ex.o(.text.HAL_RCCEx_PeriphCLKConfig)
    __arm_cp.0_0                             0x080008a8   Number         4  stm32c0xx_hal_rcc_ex.o(.text.HAL_RCCEx_PeriphCLKConfig)
    __arm_cp.0_1                             0x080008ac   Number         4  stm32c0xx_hal_rcc_ex.o(.text.HAL_RCCEx_PeriphCLKConfig)
    [Anonymous Symbol]                       0x080008b0   Section        0  stm32c0xx_hal_rcc.o(.text.HAL_RCC_ClockConfig)
    __arm_cp.2_0                             0x08000a5c   Number         4  stm32c0xx_hal_rcc.o(.text.HAL_RCC_ClockConfig)
    __arm_cp.2_1                             0x08000a60   Number         4  stm32c0xx_hal_rcc.o(.text.HAL_RCC_ClockConfig)
    __arm_cp.2_6                             0x08000a64   Number         4  stm32c0xx_hal_rcc.o(.text.HAL_RCC_ClockConfig)
    [Anonymous Symbol]                       0x08000a68   Section        0  stm32c0xx_hal_rcc.o(.text.HAL_RCC_GetPCLK1Freq)
    __arm_cp.6_3                             0x08000ae4   Number         4  stm32c0xx_hal_rcc.o(.text.HAL_RCC_GetPCLK1Freq)
    __arm_cp.6_5                             0x08000ae8   Number         4  stm32c0xx_hal_rcc.o(.text.HAL_RCC_GetPCLK1Freq)
    [Anonymous Symbol]                       0x08000aec   Section        0  stm32c0xx_hal_rcc.o(.text.HAL_RCC_GetSysClockFreq)
    __arm_cp.3_0                             0x08000b44   Number         4  stm32c0xx_hal_rcc.o(.text.HAL_RCC_GetSysClockFreq)
    __arm_cp.3_1                             0x08000b48   Number         4  stm32c0xx_hal_rcc.o(.text.HAL_RCC_GetSysClockFreq)
    __arm_cp.3_2                             0x08000b4c   Number         4  stm32c0xx_hal_rcc.o(.text.HAL_RCC_GetSysClockFreq)
    [Anonymous Symbol]                       0x08000b50   Section        0  stm32c0xx_hal_rcc.o(.text.HAL_RCC_OscConfig)
    __arm_cp.1_0                             0x08000db0   Number         4  stm32c0xx_hal_rcc.o(.text.HAL_RCC_OscConfig)
    __arm_cp.1_1                             0x08000db4   Number         4  stm32c0xx_hal_rcc.o(.text.HAL_RCC_OscConfig)
    __arm_cp.1_2                             0x08000db8   Number         4  stm32c0xx_hal_rcc.o(.text.HAL_RCC_OscConfig)
    __arm_cp.1_3                             0x08000dbc   Number         4  stm32c0xx_hal_rcc.o(.text.HAL_RCC_OscConfig)
    __arm_cp.1_4                             0x08000dc0   Number         4  stm32c0xx_hal_rcc.o(.text.HAL_RCC_OscConfig)
    [Anonymous Symbol]                       0x08000dc4   Section        0  stm32c0xx_hal_cortex.o(.text.HAL_SYSTICK_Config)
    __arm_cp.4_0                             0x08000dec   Number         4  stm32c0xx_hal_cortex.o(.text.HAL_SYSTICK_Config)
    __arm_cp.4_1                             0x08000df0   Number         4  stm32c0xx_hal_cortex.o(.text.HAL_SYSTICK_Config)
    __arm_cp.4_2                             0x08000df4   Number         4  stm32c0xx_hal_cortex.o(.text.HAL_SYSTICK_Config)
    [Anonymous Symbol]                       0x08000df8   Section        0  stm32c0xx_hal_uart_ex.o(.text.HAL_UARTEx_DisableFifoMode)
    [Anonymous Symbol]                       0x08000e30   Section        0  stm32c0xx_hal_uart_ex.o(.text.HAL_UARTEx_SetRxFifoThreshold)
    [Anonymous Symbol]                       0x08000ea8   Section        0  stm32c0xx_hal_uart_ex.o(.text.HAL_UARTEx_SetTxFifoThreshold)
    __arm_cp.10_0                            0x08000f20   Number         4  stm32c0xx_hal_uart_ex.o(.text.HAL_UARTEx_SetTxFifoThreshold)
    __arm_cp.10_1                            0x08000f24   Number         4  stm32c0xx_hal_uart_ex.o(.text.HAL_UARTEx_SetTxFifoThreshold)
    [Anonymous Symbol]                       0x08000f28   Section        0  stm32c0xx_hal_uart.o(.text.HAL_UART_Init)
    [Anonymous Symbol]                       0x08000f94   Section        0  usart.o(.text.HAL_UART_MspInit)
    [Anonymous Symbol]                       0x08001004   Section        0  stm32c0xx_hal_uart.o(.text.HAL_UART_Transmit)
    __arm_cp.10_0                            0x080011a4   Number         4  stm32c0xx_hal_uart.o(.text.HAL_UART_Transmit)
    [Anonymous Symbol]                       0x080011a8   Section        0  stm32c0xx_it.o(.text.HardFault_Handler)
    [Anonymous Symbol]                       0x080011ac   Section        0  gpio.o(.text.MX_GPIO_Init)
    __arm_cp.0_0                             0x080011ec   Number         4  gpio.o(.text.MX_GPIO_Init)
    [Anonymous Symbol]                       0x080011f0   Section        0  usart.o(.text.MX_USART1_UART_Init)
    __arm_cp.0_0                             0x08001250   Number         4  usart.o(.text.MX_USART1_UART_Init)
    __arm_cp.0_1                             0x08001254   Number         4  usart.o(.text.MX_USART1_UART_Init)
    [Anonymous Symbol]                       0x08001258   Section        0  stm32c0xx_it.o(.text.NMI_Handler)
    [Anonymous Symbol]                       0x0800125a   Section        0  stm32c0xx_it.o(.text.PendSV_Handler)
    [Anonymous Symbol]                       0x0800125c   Section        0  stm32c0xx_it.o(.text.SVC_Handler)
    [Anonymous Symbol]                       0x0800125e   Section        0  stm32c0xx_it.o(.text.SysTick_Handler)
    [Anonymous Symbol]                       0x08001268   Section        0  system_stm32c0xx.o(.text.SystemInit)
    __arm_cp.0_0                             0x08001274   Number         4  system_stm32c0xx.o(.text.SystemInit)
    [Anonymous Symbol]                       0x08001278   Section        0  stm32c0xx_hal_uart.o(.text.UART_AdvFeatureConfig)
    [Anonymous Symbol]                       0x0800134c   Section        0  stm32c0xx_hal_uart.o(.text.UART_CheckIdleState)
    __arm_cp.4_0                             0x08001410   Number         4  stm32c0xx_hal_uart.o(.text.UART_CheckIdleState)
    [Anonymous Symbol]                       0x08001414   Section        0  stm32c0xx_hal_uart.o(.text.UART_SetConfig)
    __arm_cp.3_0                             0x08001568   Number         4  stm32c0xx_hal_uart.o(.text.UART_SetConfig)
    __arm_cp.3_1                             0x0800156c   Number         4  stm32c0xx_hal_uart.o(.text.UART_SetConfig)
    __arm_cp.3_2                             0x08001570   Number         4  stm32c0xx_hal_uart.o(.text.UART_SetConfig)
    __arm_cp.3_3                             0x08001574   Number         4  stm32c0xx_hal_uart.o(.text.UART_SetConfig)
    __arm_cp.3_4                             0x08001578   Number         4  stm32c0xx_hal_uart.o(.text.UART_SetConfig)
    __arm_cp.3_6                             0x0800158c   Number         4  stm32c0xx_hal_uart.o(.text.UART_SetConfig)
    __arm_cp.3_7                             0x08001590   Number         4  stm32c0xx_hal_uart.o(.text.UART_SetConfig)
    __arm_cp.3_8                             0x08001594   Number         4  stm32c0xx_hal_uart.o(.text.UART_SetConfig)
    __arm_cp.3_9                             0x08001598   Number         4  stm32c0xx_hal_uart.o(.text.UART_SetConfig)
    [Anonymous Symbol]                       0x0800159c   Section        0  stm32c0xx_hal_uart.o(.text.UART_WaitOnFlagUntilTimeout)
    __arm_cp.11_0                            0x0800175c   Number         4  stm32c0xx_hal_uart.o(.text.UART_WaitOnFlagUntilTimeout)
    [Anonymous Symbol]                       0x08001760   Section        0  main.o(.text.WriteFlashTest)
    __arm_cp.3_3                             0x08001860   Number         4  main.o(.text.WriteFlashTest)
    __arm_cp.3_4                             0x08001864   Number         4  main.o(.text.WriteFlashTest)
    [Anonymous Symbol]                       0x08001868   Section        0  main.o(.text.fputc)
    __arm_cp.0_0                             0x08001880   Number         4  main.o(.text.fputc)
    __arm_cp.0_1                             0x08001884   Number         4  main.o(.text.fputc)
    [Anonymous Symbol]                       0x08001888   Section        0  main.o(.text.main)
    __arm_cp.1_1                             0x080019b0   Number         4  main.o(.text.main)
    __arm_cp.1_2                             0x080019b4   Number         4  main.o(.text.main)
    __arm_cp.1_3                             0x080019b8   Number         4  main.o(.text.main)
    __arm_cp.1_4                             0x080019bc   Number         4  main.o(.text.main)
    __arm_cp.1_6                             0x080019e4   Number         4  main.o(.text.main)
    __arm_cp.1_7                             0x080019e8   Number         4  main.o(.text.main)
    __arm_cp.1_8                             0x080019ec   Number         4  main.o(.text.main)
    i.__0printf$8                            0x080019f0   Section        0  printf8.o(i.__0printf$8)
    i.__scatterload_copy                     0x08001a10   Section       14  handlers.o(i.__scatterload_copy)
    i.__scatterload_null                     0x08001a1e   Section        2  handlers.o(i.__scatterload_null)
    i.__scatterload_zeroinit                 0x08001a20   Section       14  handlers.o(i.__scatterload_zeroinit)
    _printf_core                             0x08001a31   Thumb Code  1020  printf8.o(i._printf_core)
    i._printf_core                           0x08001a30   Section        0  printf8.o(i._printf_core)
    _printf_post_padding                     0x08001e59   Thumb Code    32  printf8.o(i._printf_post_padding)
    i._printf_post_padding                   0x08001e58   Section        0  printf8.o(i._printf_post_padding)
    _printf_pre_padding                      0x08001e79   Thumb Code    44  printf8.o(i._printf_pre_padding)
    i._printf_pre_padding                    0x08001e78   Section        0  printf8.o(i._printf_pre_padding)
    i.puts                                   0x08001ea4   Section        0  puts.o(i.puts)
    UARTEx_SetNbDataToProcess.numerator      0x08001f3c   Data           8  stm32c0xx_hal_uart_ex.o(.rodata.cst8)
    [Anonymous Symbol]                       0x08001f3c   Section        0  stm32c0xx_hal_uart_ex.o(.rodata.cst8)
    UARTEx_SetNbDataToProcess.denominator    0x08001f44   Data           8  stm32c0xx_hal_uart_ex.o(.rodata.cst8)
    [Anonymous Symbol]                       0x08001f4c   Section        0  main.o(.rodata.str1.1)
    .data                                    0x20000000   Section        4  stdout.o(.data)
    [Anonymous Symbol]                       0x20000008   Section        0  main.o(.data..L_MergedGlobals)
    [Anonymous Symbol]                       0x20000028   Section        0  stm32c0xx_hal.o(.data..L_MergedGlobals)
    STACK                                    0x200000e8   Section     2048  startup_stm32c011xx.o(STACK)

    Global Symbols

    Symbol Name                              Value     Ov Type        Size  Object(Section)

    BuildAttributes$$THM_ISAv3M$S$PE$A:L22$X:L11$S22$IEEE1$IW$~IW$USESV6$~STKCKD$USESV7$~SHL$OTIME$ROPI$EBA8$MICROLIB$REQ8$PRES8$EABIv2 0x00000000   Number         0  anon$$obj.o ABSOLUTE
    _printf_a                                0x00000000   Number         0  printfstubs.o ABSOLUTE
    _printf_c                                0x00000000   Number         0  printfstubs.o ABSOLUTE
    _printf_charcount                        0x00000000   Number         0  printfstubs.o ABSOLUTE
    _printf_d                                0x00000000   Number         0  printfstubs.o ABSOLUTE
    _printf_e                                0x00000000   Number         0  printfstubs.o ABSOLUTE
    _printf_f                                0x00000000   Number         0  printfstubs.o ABSOLUTE
    _printf_flags                            0x00000000   Number         0  printfstubs.o ABSOLUTE
    _printf_fp_dec                           0x00000000   Number         0  printfstubs.o ABSOLUTE
    _printf_fp_hex                           0x00000000   Number         0  printfstubs.o ABSOLUTE
    _printf_g                                0x00000000   Number         0  printfstubs.o ABSOLUTE
    _printf_i                                0x00000000   Number         0  printfstubs.o ABSOLUTE
    _printf_int_dec                          0x00000000   Number         0  printfstubs.o ABSOLUTE
    _printf_l                                0x00000000   Number         0  printfstubs.o ABSOLUTE
    _printf_lc                               0x00000000   Number         0  printfstubs.o ABSOLUTE
    _printf_ll                               0x00000000   Number         0  printfstubs.o ABSOLUTE
    _printf_lld                              0x00000000   Number         0  printfstubs.o ABSOLUTE
    _printf_lli                              0x00000000   Number         0  printfstubs.o ABSOLUTE
    _printf_llo                              0x00000000   Number         0  printfstubs.o ABSOLUTE
    _printf_llu                              0x00000000   Number         0  printfstubs.o ABSOLUTE
    _printf_llx                              0x00000000   Number         0  printfstubs.o ABSOLUTE
    _printf_longlong_dec                     0x00000000   Number         0  printfstubs.o ABSOLUTE
    _printf_longlong_hex                     0x00000000   Number         0  printfstubs.o ABSOLUTE
    _printf_longlong_oct                     0x00000000   Number         0  printfstubs.o ABSOLUTE
    _printf_ls                               0x00000000   Number         0  printfstubs.o ABSOLUTE
    _printf_mbtowc                           0x00000000   Number         0  printfstubs.o ABSOLUTE
    _printf_n                                0x00000000   Number         0  printfstubs.o ABSOLUTE
    _printf_o                                0x00000000   Number         0  printfstubs.o ABSOLUTE
    _printf_p                                0x00000000   Number         0  printfstubs.o ABSOLUTE
    _printf_percent                          0x00000000   Number         0  printfstubs.o ABSOLUTE
    _printf_pre_padding                      0x00000000   Number         0  printfstubs.o ABSOLUTE
    _printf_return_value                     0x00000000   Number         0  printfstubs.o ABSOLUTE
    _printf_s                                0x00000000   Number         0  printfstubs.o ABSOLUTE
    _printf_sizespec                         0x00000000   Number         0  printfstubs.o ABSOLUTE
    _printf_str                              0x00000000   Number         0  printfstubs.o ABSOLUTE
    _printf_truncate_signed                  0x00000000   Number         0  printfstubs.o ABSOLUTE
    _printf_truncate_unsigned                0x00000000   Number         0  printfstubs.o ABSOLUTE
    _printf_u                                0x00000000   Number         0  printfstubs.o ABSOLUTE
    _printf_wc                               0x00000000   Number         0  printfstubs.o ABSOLUTE
    _printf_wctomb                           0x00000000   Number         0  printfstubs.o ABSOLUTE
    _printf_widthprec                        0x00000000   Number         0  printfstubs.o ABSOLUTE
    _printf_x                                0x00000000   Number         0  printfstubs.o ABSOLUTE
    __cpp_initialize__aeabi_                  - Undefined Weak Reference
    __cxa_finalize                            - Undefined Weak Reference
    __decompress                              - Undefined Weak Reference
    _clock_init                               - Undefined Weak Reference
    _microlib_exit                            - Undefined Weak Reference
    __Vectors_Size                           0x000000c0   Number         0  startup_stm32c011xx.o ABSOLUTE
    __Vectors                                0x08000000   Data           4  startup_stm32c011xx.o(RESET)
    __Vectors_End                            0x080000c0   Data           0  startup_stm32c011xx.o(RESET)
    __main                                   0x080000c1   Thumb Code     0  entry.o(.ARM.Collect$$$$00000000)
    _main_stk                                0x080000c1   Thumb Code     0  entry2.o(.ARM.Collect$$$$00000001)
    _main_scatterload                        0x080000c5   Thumb Code     0  entry5.o(.ARM.Collect$$$$00000004)
    __main_after_scatterload                 0x080000c9   Thumb Code     0  entry5.o(.ARM.Collect$$$$00000004)
    _main_clock                              0x080000c9   Thumb Code     0  entry7b.o(.ARM.Collect$$$$00000008)
    _main_cpp_init                           0x080000c9   Thumb Code     0  entry8b.o(.ARM.Collect$$$$0000000A)
    _main_init                               0x080000c9   Thumb Code     0  entry9a.o(.ARM.Collect$$$$0000000B)
    __rt_final_cpp                           0x080000d1   Thumb Code     0  entry10a.o(.ARM.Collect$$$$0000000D)
    __rt_final_exit                          0x080000d1   Thumb Code     0  entry11a.o(.ARM.Collect$$$$0000000F)
    Reset_Handler                            0x080000d5   Thumb Code     8  startup_stm32c011xx.o(.text)
    ADC1_IRQHandler                          0x080000e7   Thumb Code     0  startup_stm32c011xx.o(.text)
    DMA1_Channel1_IRQHandler                 0x080000e7   Thumb Code     0  startup_stm32c011xx.o(.text)
    DMA1_Channel2_3_IRQHandler               0x080000e7   Thumb Code     0  startup_stm32c011xx.o(.text)
    DMAMUX1_IRQHandler                       0x080000e7   Thumb Code     0  startup_stm32c011xx.o(.text)
    EXTI0_1_IRQHandler                       0x080000e7   Thumb Code     0  startup_stm32c011xx.o(.text)
    EXTI2_3_IRQHandler                       0x080000e7   Thumb Code     0  startup_stm32c011xx.o(.text)
    EXTI4_15_IRQHandler                      0x080000e7   Thumb Code     0  startup_stm32c011xx.o(.text)
    FLASH_IRQHandler                         0x080000e7   Thumb Code     0  startup_stm32c011xx.o(.text)
    I2C1_IRQHandler                          0x080000e7   Thumb Code     0  startup_stm32c011xx.o(.text)
    RCC_IRQHandler                           0x080000e7   Thumb Code     0  startup_stm32c011xx.o(.text)
    RTC_IRQHandler                           0x080000e7   Thumb Code     0  startup_stm32c011xx.o(.text)
    SPI1_IRQHandler                          0x080000e7   Thumb Code     0  startup_stm32c011xx.o(.text)
    TIM14_IRQHandler                         0x080000e7   Thumb Code     0  startup_stm32c011xx.o(.text)
    TIM16_IRQHandler                         0x080000e7   Thumb Code     0  startup_stm32c011xx.o(.text)
    TIM17_IRQHandler                         0x080000e7   Thumb Code     0  startup_stm32c011xx.o(.text)
    TIM1_BRK_UP_TRG_COM_IRQHandler           0x080000e7   Thumb Code     0  startup_stm32c011xx.o(.text)
    TIM1_CC_IRQHandler                       0x080000e7   Thumb Code     0  startup_stm32c011xx.o(.text)
    TIM3_IRQHandler                          0x080000e7   Thumb Code     0  startup_stm32c011xx.o(.text)
    USART1_IRQHandler                        0x080000e7   Thumb Code     0  startup_stm32c011xx.o(.text)
    USART2_IRQHandler                        0x080000e7   Thumb Code     0  startup_stm32c011xx.o(.text)
    WWDG_IRQHandler                          0x080000e7   Thumb Code     0  startup_stm32c011xx.o(.text)
    __aeabi_uidiv                            0x080000f1   Thumb Code     0  uidiv_div0.o(.text)
    __aeabi_uidivmod                         0x080000f1   Thumb Code    62  uidiv_div0.o(.text)
    __aeabi_uldivmod                         0x0800012f   Thumb Code    96  uldiv.o(.text)
    __scatterload                            0x08000191   Thumb Code    28  init.o(.text)
    __scatterload_rt2                        0x08000191   Thumb Code     0  init.o(.text)
    __aeabi_llsl                             0x080001b5   Thumb Code    32  llshl.o(.text)
    _ll_shift_l                              0x080001b5   Thumb Code     0  llshl.o(.text)
    __aeabi_llsr                             0x080001d5   Thumb Code    34  llushr.o(.text)
    _ll_ushift_r                             0x080001d5   Thumb Code     0  llushr.o(.text)
    Error_Handler                            0x080001f7   Thumb Code     4  main.o(.text.Error_Handler)
    FLASH_WaitForLastOperation               0x080001fd   Thumb Code    76  stm32c0xx_hal_flash.o(.text.FLASH_WaitForLastOperation)
    HAL_FLASHEx_Erase                        0x08000249   Thumb Code   172  stm32c0xx_hal_flash_ex.o(.text.HAL_FLASHEx_Erase)
    HAL_FLASH_Lock                           0x080002fd   Thumb Code    20  stm32c0xx_hal_flash.o(.text.HAL_FLASH_Lock)
    HAL_FLASH_Program                        0x08000315   Thumb Code   384  stm32c0xx_hal_flash.o(.text.HAL_FLASH_Program)
    HAL_FLASH_Unlock                         0x080004a1   Thumb Code    28  stm32c0xx_hal_flash.o(.text.HAL_FLASH_Unlock)
    HAL_GPIO_Init                            0x080004c9   Thumb Code   428  stm32c0xx_hal_gpio.o(.text.HAL_GPIO_Init)
    HAL_GPIO_WritePin                        0x0800068d   Thumb Code    16  stm32c0xx_hal_gpio.o(.text.HAL_GPIO_WritePin)
    HAL_GetTick                              0x0800069d   Thumb Code     8  stm32c0xx_hal.o(.text.HAL_GetTick)
    HAL_IncTick                              0x080006a5   Thumb Code    16  stm32c0xx_hal.o(.text.HAL_IncTick)
    HAL_Init                                 0x080006b9   Thumb Code    24  stm32c0xx_hal.o(.text.HAL_Init)
    HAL_InitTick                             0x080006d1   Thumb Code    64  stm32c0xx_hal.o(.text.HAL_InitTick)
    HAL_MspInit                              0x08000715   Thumb Code    40  stm32c0xx_hal_msp.o(.text.HAL_MspInit)
    HAL_NVIC_SetPriority                     0x08000741   Thumb Code    56  stm32c0xx_hal_cortex.o(.text.HAL_NVIC_SetPriority)
    HAL_RCCEx_PeriphCLKConfig                0x08000781   Thumb Code   296  stm32c0xx_hal_rcc_ex.o(.text.HAL_RCCEx_PeriphCLKConfig)
    HAL_RCC_ClockConfig                      0x080008b1   Thumb Code   428  stm32c0xx_hal_rcc.o(.text.HAL_RCC_ClockConfig)
    HAL_RCC_GetPCLK1Freq                     0x08000a69   Thumb Code   124  stm32c0xx_hal_rcc.o(.text.HAL_RCC_GetPCLK1Freq)
    HAL_RCC_GetSysClockFreq                  0x08000aed   Thumb Code    88  stm32c0xx_hal_rcc.o(.text.HAL_RCC_GetSysClockFreq)
    HAL_RCC_OscConfig                        0x08000b51   Thumb Code   608  stm32c0xx_hal_rcc.o(.text.HAL_RCC_OscConfig)
    HAL_SYSTICK_Config                       0x08000dc5   Thumb Code    40  stm32c0xx_hal_cortex.o(.text.HAL_SYSTICK_Config)
    HAL_UARTEx_DisableFifoMode               0x08000df9   Thumb Code    54  stm32c0xx_hal_uart_ex.o(.text.HAL_UARTEx_DisableFifoMode)
    HAL_UARTEx_SetRxFifoThreshold            0x08000e31   Thumb Code   120  stm32c0xx_hal_uart_ex.o(.text.HAL_UARTEx_SetRxFifoThreshold)
    HAL_UARTEx_SetTxFifoThreshold            0x08000ea9   Thumb Code   120  stm32c0xx_hal_uart_ex.o(.text.HAL_UARTEx_SetTxFifoThreshold)
    HAL_UART_Init                            0x08000f29   Thumb Code   108  stm32c0xx_hal_uart.o(.text.HAL_UART_Init)
    HAL_UART_MspInit                         0x08000f95   Thumb Code   112  usart.o(.text.HAL_UART_MspInit)
    HAL_UART_Transmit                        0x08001005   Thumb Code   416  stm32c0xx_hal_uart.o(.text.HAL_UART_Transmit)
    HardFault_Handler                        0x080011a9   Thumb Code     2  stm32c0xx_it.o(.text.HardFault_Handler)
    MX_GPIO_Init                             0x080011ad   Thumb Code    64  gpio.o(.text.MX_GPIO_Init)
    MX_USART1_UART_Init                      0x080011f1   Thumb Code    96  usart.o(.text.MX_USART1_UART_Init)
    NMI_Handler                              0x08001259   Thumb Code     2  stm32c0xx_it.o(.text.NMI_Handler)
    PendSV_Handler                           0x0800125b   Thumb Code     2  stm32c0xx_it.o(.text.PendSV_Handler)
    SVC_Handler                              0x0800125d   Thumb Code     2  stm32c0xx_it.o(.text.SVC_Handler)
    SysTick_Handler                          0x0800125f   Thumb Code     8  stm32c0xx_it.o(.text.SysTick_Handler)
    SystemInit                               0x08001269   Thumb Code    12  system_stm32c0xx.o(.text.SystemInit)
    UART_AdvFeatureConfig                    0x08001279   Thumb Code   210  stm32c0xx_hal_uart.o(.text.UART_AdvFeatureConfig)
    UART_CheckIdleState                      0x0800134d   Thumb Code   196  stm32c0xx_hal_uart.o(.text.UART_CheckIdleState)
    UART_SetConfig                           0x08001415   Thumb Code   340  stm32c0xx_hal_uart.o(.text.UART_SetConfig)
    UART_WaitOnFlagUntilTimeout              0x0800159d   Thumb Code   448  stm32c0xx_hal_uart.o(.text.UART_WaitOnFlagUntilTimeout)
    WriteFlashTest                           0x08001761   Thumb Code   140  main.o(.text.WriteFlashTest)
    fputc                                    0x08001869   Thumb Code    24  main.o(.text.fputc)
    main                                     0x08001889   Thumb Code   264  main.o(.text.main)
    __0printf$8                              0x080019f1   Thumb Code    24  printf8.o(i.__0printf$8)
    __1printf$8                              0x080019f1   Thumb Code     0  printf8.o(i.__0printf$8)
    __2printf                                0x080019f1   Thumb Code     0  printf8.o(i.__0printf$8)
    __scatterload_copy                       0x08001a11   Thumb Code    14  handlers.o(i.__scatterload_copy)
    __scatterload_null                       0x08001a1f   Thumb Code     2  handlers.o(i.__scatterload_null)
    __scatterload_zeroinit                   0x08001a21   Thumb Code    14  handlers.o(i.__scatterload_zeroinit)
    puts                                     0x08001ea5   Thumb Code    28  puts.o(i.puts)
    AHBPrescTable                            0x08001ec4   Data          64  system_stm32c0xx.o(.rodata.AHBPrescTable)
    APBPrescTable                            0x08001f04   Data          32  system_stm32c0xx.o(.rodata.APBPrescTable)
    UARTPrescTable                           0x08001f24   Data          24  stm32c0xx_hal_uart.o(.rodata.UARTPrescTable)
    Region$$Table$$Base                      0x08002008   Number         0  anon$$obj.o(Region$$Table)
    Region$$Table$$Limit                     0x08002028   Number         0  anon$$obj.o(Region$$Table)
    __stdout                                 0x20000000   Data           4  stdout.o(.data)
    addr                                     0x20000008   Data           4  main.o(.data..L_MergedGlobals)
    Page                                     0x2000000c   Data           4  main.o(.data..L_MergedGlobals)
    WriteFlashData                           0x20000010   Data          24  main.o(.data..L_MergedGlobals)
    uwTickFreq                               0x20000028   Data           1  stm32c0xx_hal.o(.data..L_MergedGlobals)
    uwTickPrio                               0x2000002c   Data           4  stm32c0xx_hal.o(.data..L_MergedGlobals)
    SystemCoreClock                          0x20000030   Data           4  system_stm32c0xx.o(.data.SystemCoreClock)
    huart1                                   0x20000038   Data         148  usart.o(.bss.huart1)
    pFlash                                   0x200000cc   Data          24  stm32c0xx_hal_flash.o(.bss.pFlash)
    uwTick                                   0x200000e4   Data           4  stm32c0xx_hal.o(.bss.uwTick)
    __initial_sp                             0x200008e8   Data           0  startup_stm32c011xx.o(STACK)



==============================================================================

Memory Map of the image

  Image Entry point : 0x080000c1

  Load Region LR_IROM1 (Base: 0x08000000, Size: 0x00002060, Max: 0x00004000, ABSOLUTE)

    Execution Region ER_IROM1 (Exec base: 0x08000000, Load base: 0x08000000, Size: 0x00002028, Max: 0x00004000, ABSOLUTE)

    Exec Addr    Load Addr    Size         Type   Attr      Idx    E Section Name        Object

    0x08000000   0x08000000   0x000000c0   Data   RO            3    RESET               startup_stm32c011xx.o
    0x080000c0   0x080000c0   0x00000000   Code   RO          673  * .ARM.Collect$$$$00000000  mc_p.l(entry.o)
    0x080000c0   0x080000c0   0x00000004   Code   RO          947    .ARM.Collect$$$$00000001  mc_p.l(entry2.o)
    0x080000c4   0x080000c4   0x00000004   Code   RO          950    .ARM.Collect$$$$00000004  mc_p.l(entry5.o)
    0x080000c8   0x080000c8   0x00000000   Code   RO          952    .ARM.Collect$$$$00000008  mc_p.l(entry7b.o)
    0x080000c8   0x080000c8   0x00000000   Code   RO          954    .ARM.Collect$$$$0000000A  mc_p.l(entry8b.o)
    0x080000c8   0x080000c8   0x00000008   Code   RO          955    .ARM.Collect$$$$0000000B  mc_p.l(entry9a.o)
    0x080000d0   0x080000d0   0x00000000   Code   RO          957    .ARM.Collect$$$$0000000D  mc_p.l(entry10a.o)
    0x080000d0   0x080000d0   0x00000000   Code   RO          959    .ARM.Collect$$$$0000000F  mc_p.l(entry11a.o)
    0x080000d0   0x080000d0   0x00000004   Code   RO          948    .ARM.Collect$$$$00002712  mc_p.l(entry2.o)
    0x080000d4   0x080000d4   0x0000001c   Code   RO            4    .text               startup_stm32c011xx.o
    0x080000f0   0x080000f0   0x0000003e   Code   RO          966    .text               mc_p.l(uidiv_div0.o)
    0x0800012e   0x0800012e   0x00000060   Code   RO          972    .text               mc_p.l(uldiv.o)
    0x0800018e   0x0800018e   0x00000002   PAD
    0x08000190   0x08000190   0x00000024   Code   RO          985    .text               mc_p.l(init.o)
    0x080001b4   0x080001b4   0x00000020   Code   RO          987    .text               mc_p.l(llshl.o)
    0x080001d4   0x080001d4   0x00000022   Code   RO          989    .text               mc_p.l(llushr.o)
    0x080001f6   0x080001f6   0x00000004   Code   RO           21    .text.Error_Handler  main.o
    0x080001fa   0x080001fa   0x00000002   PAD
    0x080001fc   0x080001fc   0x0000004c   Code   RO          246    .text.FLASH_WaitForLastOperation  stm32c0xx_hal_flash.o
    0x08000248   0x08000248   0x000000b4   Code   RO          277    .text.HAL_FLASHEx_Erase  stm32c0xx_hal_flash_ex.o
    0x080002fc   0x080002fc   0x00000018   Code   RO          258    .text.HAL_FLASH_Lock  stm32c0xx_hal_flash.o
    0x08000314   0x08000314   0x0000018c   Code   RO          244    .text.HAL_FLASH_Program  stm32c0xx_hal_flash.o
    0x080004a0   0x080004a0   0x00000028   Code   RO          256    .text.HAL_FLASH_Unlock  stm32c0xx_hal_flash.o
    0x080004c8   0x080004c8   0x000001c4   Code   RO          307    .text.HAL_GPIO_Init  stm32c0xx_hal_gpio.o
    0x0800068c   0x0800068c   0x00000010   Code   RO          313    .text.HAL_GPIO_WritePin  stm32c0xx_hal_gpio.o
    0x0800069c   0x0800069c   0x00000008   Code   RO           94    .text.HAL_GetTick   stm32c0xx_hal.o
    0x080006a4   0x080006a4   0x00000014   Code   RO           92    .text.HAL_IncTick   stm32c0xx_hal.o
    0x080006b8   0x080006b8   0x00000018   Code   RO           82    .text.HAL_Init      stm32c0xx_hal.o
    0x080006d0   0x080006d0   0x00000044   Code   RO           84    .text.HAL_InitTick  stm32c0xx_hal.o
    0x08000714   0x08000714   0x0000002c   Code   RO           74    .text.HAL_MspInit   stm32c0xx_hal_msp.o
    0x08000740   0x08000740   0x00000040   Code   RO          146    .text.HAL_NVIC_SetPriority  stm32c0xx_hal_cortex.o
    0x08000780   0x08000780   0x00000130   Code   RO          226    .text.HAL_RCCEx_PeriphCLKConfig  stm32c0xx_hal_rcc_ex.o
    0x080008b0   0x080008b0   0x000001b8   Code   RO          192    .text.HAL_RCC_ClockConfig  stm32c0xx_hal_rcc.o
    0x08000a68   0x08000a68   0x00000084   Code   RO          200    .text.HAL_RCC_GetPCLK1Freq  stm32c0xx_hal_rcc.o
    0x08000aec   0x08000aec   0x00000064   Code   RO          194    .text.HAL_RCC_GetSysClockFreq  stm32c0xx_hal_rcc.o
    0x08000b50   0x08000b50   0x00000274   Code   RO          190    .text.HAL_RCC_OscConfig  stm32c0xx_hal_rcc.o
    0x08000dc4   0x08000dc4   0x00000034   Code   RO          154    .text.HAL_SYSTICK_Config  stm32c0xx_hal_cortex.o
    0x08000df8   0x08000df8   0x00000036   Code   RO          636    .text.HAL_UARTEx_DisableFifoMode  stm32c0xx_hal_uart_ex.o
    0x08000e2e   0x08000e2e   0x00000002   PAD
    0x08000e30   0x08000e30   0x00000078   Code   RO          640    .text.HAL_UARTEx_SetRxFifoThreshold  stm32c0xx_hal_uart_ex.o
    0x08000ea8   0x08000ea8   0x00000080   Code   RO          638    .text.HAL_UARTEx_SetTxFifoThreshold  stm32c0xx_hal_uart_ex.o
    0x08000f28   0x08000f28   0x0000006c   Code   RO          475    .text.HAL_UART_Init  stm32c0xx_hal_uart.o
    0x08000f94   0x08000f94   0x00000070   Code   RO           44    .text.HAL_UART_MspInit  usart.o
    0x08001004   0x08001004   0x000001a4   Code   RO          495    .text.HAL_UART_Transmit  stm32c0xx_hal_uart.o
    0x080011a8   0x080011a8   0x00000002   Code   RO           59    .text.HardFault_Handler  stm32c0xx_it.o
    0x080011aa   0x080011aa   0x00000002   PAD
    0x080011ac   0x080011ac   0x00000044   Code   RO           34    .text.MX_GPIO_Init  gpio.o
    0x080011f0   0x080011f0   0x00000068   Code   RO           42    .text.MX_USART1_UART_Init  usart.o
    0x08001258   0x08001258   0x00000002   Code   RO           57    .text.NMI_Handler   stm32c0xx_it.o
    0x0800125a   0x0800125a   0x00000002   Code   RO           63    .text.PendSV_Handler  stm32c0xx_it.o
    0x0800125c   0x0800125c   0x00000002   Code   RO           61    .text.SVC_Handler   stm32c0xx_it.o
    0x0800125e   0x0800125e   0x00000008   Code   RO           65    .text.SysTick_Handler  stm32c0xx_it.o
    0x08001266   0x08001266   0x00000002   PAD
    0x08001268   0x08001268   0x00000010   Code   RO          659    .text.SystemInit    system_stm32c0xx.o
    0x08001278   0x08001278   0x000000d2   Code   RO          479    .text.UART_AdvFeatureConfig  stm32c0xx_hal_uart.o
    0x0800134a   0x0800134a   0x00000002   PAD
    0x0800134c   0x0800134c   0x000000c8   Code   RO          483    .text.UART_CheckIdleState  stm32c0xx_hal_uart.o
    0x08001414   0x08001414   0x00000188   Code   RO          481    .text.UART_SetConfig  stm32c0xx_hal_uart.o
    0x0800159c   0x0800159c   0x000001c4   Code   RO          497    .text.UART_WaitOnFlagUntilTimeout  stm32c0xx_hal_uart.o
    0x08001760   0x08001760   0x00000108   Code   RO           17    .text.WriteFlashTest  main.o
    0x08001868   0x08001868   0x00000020   Code   RO           11    .text.fputc         main.o
    0x08001888   0x08001888   0x00000168   Code   RO           13    .text.main          main.o
    0x080019f0   0x080019f0   0x00000020   Code   RO          893    i.__0printf$8       mc_p.l(printf8.o)
    0x08001a10   0x08001a10   0x0000000e   Code   RO          999    i.__scatterload_copy  mc_p.l(handlers.o)
    0x08001a1e   0x08001a1e   0x00000002   Code   RO         1000    i.__scatterload_null  mc_p.l(handlers.o)
    0x08001a20   0x08001a20   0x0000000e   Code   RO         1001    i.__scatterload_zeroinit  mc_p.l(handlers.o)
    0x08001a2e   0x08001a2e   0x00000002   PAD
    0x08001a30   0x08001a30   0x00000428   Code   RO          900    i._printf_core      mc_p.l(printf8.o)
    0x08001e58   0x08001e58   0x00000020   Code   RO          901    i._printf_post_padding  mc_p.l(printf8.o)
    0x08001e78   0x08001e78   0x0000002c   Code   RO          902    i._printf_pre_padding  mc_p.l(printf8.o)
    0x08001ea4   0x08001ea4   0x00000020   Code   RO          676    i.puts              mc_p.l(puts.o)
    0x08001ec4   0x08001ec4   0x00000040   Data   RO          664    .rodata.AHBPrescTable  system_stm32c0xx.o
    0x08001f04   0x08001f04   0x00000020   Data   RO          665    .rodata.APBPrescTable  system_stm32c0xx.o
    0x08001f24   0x08001f24   0x00000018   Data   RO          609    .rodata.UARTPrescTable  stm32c0xx_hal_uart.o
    0x08001f3c   0x08001f3c   0x00000010   Data   RO          650    .rodata.cst8        stm32c0xx_hal_uart_ex.o
    0x08001f4c   0x08001f4c   0x000000bb   Data   RO           23    .rodata.str1.1      main.o
    0x08002007   0x08002007   0x00000001   PAD
    0x08002008   0x08002008   0x00000020   Data   RO          998    Region$$Table       anon$$obj.o


    Execution Region RW_IRAM1 (Exec base: 0x20000000, Load base: 0x08002028, Size: 0x000008e8, Max: 0x00001800, ABSOLUTE)

    Exec Addr    Load Addr    Size         Type   Attr      Idx    E Section Name        Object

    0x20000000   0x08002028   0x00000004   Data   RW          961    .data               mc_p.l(stdout.o)
    0x20000004   0x0800202c   0x00000004   PAD
    0x20000008   0x08002030   0x00000020   Data   RW           25    .data..L_MergedGlobals  main.o
    0x20000028   0x08002050   0x00000008   Data   RW          137    .data..L_MergedGlobals  stm32c0xx_hal.o
    0x20000030   0x08002058   0x00000004   Data   RW          663    .data.SystemCoreClock  system_stm32c0xx.o
    0x20000034   0x0800205c   0x00000004   PAD
    0x20000038        -       0x00000094   Zero   RW           48    .bss.huart1         usart.o
    0x200000cc        -       0x00000018   Zero   RW          268    .bss.pFlash         stm32c0xx_hal_flash.o
    0x200000e4        -       0x00000004   Zero   RW          136    .bss.uwTick         stm32c0xx_hal.o
    0x200000e8        -       0x00000800   Zero   RW            1    STACK               startup_stm32c011xx.o


==============================================================================

Image component sizes


      Code (inc. data)   RO Data    RW Data    ZI Data      Debug   Object Name

        68          4          0          0          0       1850   gpio.o
       660        228        187         32          0       4745   main.o
        28          8        192          0       2048        600   startup_stm32c011xx.o
       120          8          0          8          4       6542   stm32c0xx_hal.o
       116         20          0          0          0       6805   stm32c0xx_hal_cortex.o
       536         28          0          0         24       8858   stm32c0xx_hal_flash.o
       180          8          0          0          0       7585   stm32c0xx_hal_flash_ex.o
       468         24          0          0          0       5121   stm32c0xx_hal_gpio.o
        44          4          0          0          0       1269   stm32c0xx_hal_msp.o
      1300         52          0          0          0       8220   stm32c0xx_hal_rcc.o
       304          8          0          0          0       4734   stm32c0xx_hal_rcc_ex.o
      1782         84         24          0          0      49577   stm32c0xx_hal_uart.o
       302          8         16          0          0      12030   stm32c0xx_hal_uart_ex.o
        16          0          0          0          0        695   stm32c0xx_it.o
        16          4         96          4          0       2034   system_stm32c0xx.o
       216          8          0          0        148       5791   usart.o

    ----------------------------------------------------------------------
      6166        496        548         44       2228     126456   Object Totals
         0          0         32          0          0          0   (incl. Generated)
        10          0          1          0          4          0   (incl. Padding)

    ----------------------------------------------------------------------

      Code (inc. data)   RO Data    RW Data    ZI Data      Debug   Library Member Name

         0          0          0          0          0          0   entry.o
         0          0          0          0          0          0   entry10a.o
         0          0          0          0          0          0   entry11a.o
         8          4          0          0          0          0   entry2.o
         4          0          0          0          0          0   entry5.o
         0          0          0          0          0          0   entry7b.o
         0          0          0          0          0          0   entry8b.o
         8          4          0          0          0          0   entry9a.o
        30          0          0          0          0          0   handlers.o
        36          8          0          0          0         68   init.o
        32          0          0          0          0         68   llshl.o
        34          0          0          0          0         68   llushr.o
      1172         52          0          0          0        324   printf8.o
        32          4          0          0          0         68   puts.o
         0          0          0          4          0          0   stdout.o
        62          0          0          0          0         72   uidiv_div0.o
        96          0          0          0          0         84   uldiv.o

    ----------------------------------------------------------------------
      1518         72          0          8          0        752   Library Totals
         4          0          0          4          0          0   (incl. Padding)

    ----------------------------------------------------------------------

      Code (inc. data)   RO Data    RW Data    ZI Data      Debug   Library Name

      1514         72          0          4          0        752   mc_p.l

    ----------------------------------------------------------------------
      1518         72          0          8          0        752   Library Totals

    ----------------------------------------------------------------------

==============================================================================


      Code (inc. data)   RO Data    RW Data    ZI Data      Debug   

      7684        568        548         52       2228     126772   Grand Totals
      7684        568        548         52       2228     126772   ELF Image Totals
      7684        568        548         52          0          0   ROM Totals

==============================================================================

    Total RO  Size (Code + RO Data)                 8232 (   8.04kB)
    Total RW  Size (RW Data + ZI Data)              2280 (   2.23kB)
    Total ROM Size (Code + RO Data + RW Data)       8284 (   8.09kB)

==============================================================================

